Archive member included to satisfy reference by file (symbol)

d:/st/stm32cubeide_1.8.0/stm32cubeide/plugins/com.st.stm32cube.ide.mcu.externaltools.gnu-tools-for-stm32.9-2020-q2-update.win32_2.0.0.202105311346/tools/bin/../lib/gcc/arm-none-eabi/9.3.1/../../../../arm-none-eabi/lib/thumb/v7-m/nofp\libc_nano.a(lib_a-errno.o)
                              ./Src/syscalls.o (__errno)
d:/st/stm32cubeide_1.8.0/stm32cubeide/plugins/com.st.stm32cube.ide.mcu.externaltools.gnu-tools-for-stm32.9-2020-q2-update.win32_2.0.0.202105311346/tools/bin/../lib/gcc/arm-none-eabi/9.3.1/../../../../arm-none-eabi/lib/thumb/v7-m/nofp\libc_nano.a(lib_a-exit.o)
                              d:/st/stm32cubeide_1.8.0/stm32cubeide/plugins/com.st.stm32cube.ide.mcu.externaltools.gnu-tools-for-stm32.9-2020-q2-update.win32_2.0.0.202105311346/tools/bin/../lib/gcc/arm-none-eabi/9.3.1/../../../../arm-none-eabi/lib/thumb/v7-m/nofp/crt0.o (exit)
d:/st/stm32cubeide_1.8.0/stm32cubeide/plugins/com.st.stm32cube.ide.mcu.externaltools.gnu-tools-for-stm32.9-2020-q2-update.win32_2.0.0.202105311346/tools/bin/../lib/gcc/arm-none-eabi/9.3.1/../../../../arm-none-eabi/lib/thumb/v7-m/nofp\libc_nano.a(lib_a-impure.o)
                              d:/st/stm32cubeide_1.8.0/stm32cubeide/plugins/com.st.stm32cube.ide.mcu.externaltools.gnu-tools-for-stm32.9-2020-q2-update.win32_2.0.0.202105311346/tools/bin/../lib/gcc/arm-none-eabi/9.3.1/../../../../arm-none-eabi/lib/thumb/v7-m/nofp\libc_nano.a(lib_a-exit.o) (_global_impure_ptr)
d:/st/stm32cubeide_1.8.0/stm32cubeide/plugins/com.st.stm32cube.ide.mcu.externaltools.gnu-tools-for-stm32.9-2020-q2-update.win32_2.0.0.202105311346/tools/bin/../lib/gcc/arm-none-eabi/9.3.1/../../../../arm-none-eabi/lib/thumb/v7-m/nofp\libc_nano.a(lib_a-init.o)
                              d:/st/stm32cubeide_1.8.0/stm32cubeide/plugins/com.st.stm32cube.ide.mcu.externaltools.gnu-tools-for-stm32.9-2020-q2-update.win32_2.0.0.202105311346/tools/bin/../lib/gcc/arm-none-eabi/9.3.1/../../../../arm-none-eabi/lib/thumb/v7-m/nofp/crt0.o (__libc_init_array)
d:/st/stm32cubeide_1.8.0/stm32cubeide/plugins/com.st.stm32cube.ide.mcu.externaltools.gnu-tools-for-stm32.9-2020-q2-update.win32_2.0.0.202105311346/tools/bin/../lib/gcc/arm-none-eabi/9.3.1/../../../../arm-none-eabi/lib/thumb/v7-m/nofp\libc_nano.a(lib_a-memset.o)
                              d:/st/stm32cubeide_1.8.0/stm32cubeide/plugins/com.st.stm32cube.ide.mcu.externaltools.gnu-tools-for-stm32.9-2020-q2-update.win32_2.0.0.202105311346/tools/bin/../lib/gcc/arm-none-eabi/9.3.1/../../../../arm-none-eabi/lib/thumb/v7-m/nofp/crt0.o (memset)
d:/st/stm32cubeide_1.8.0/stm32cubeide/plugins/com.st.stm32cube.ide.mcu.externaltools.gnu-tools-for-stm32.9-2020-q2-update.win32_2.0.0.202105311346/tools/bin/../lib/gcc/arm-none-eabi/9.3.1/../../../../arm-none-eabi/lib/thumb/v7-m/nofp\libc_nano.a(lib_a-strlen.o)
                              ./Console/Console.o (strlen)
d:/st/stm32cubeide_1.8.0/stm32cubeide/plugins/com.st.stm32cube.ide.mcu.externaltools.gnu-tools-for-stm32.9-2020-q2-update.win32_2.0.0.202105311346/tools/bin/../lib/gcc/arm-none-eabi/9.3.1/../../../../arm-none-eabi/lib/thumb/v7-m/nofp\libc_nano.a(lib_a-vsprintf.o)
                              ./Console/Console.o (vsprintf)
d:/st/stm32cubeide_1.8.0/stm32cubeide/plugins/com.st.stm32cube.ide.mcu.externaltools.gnu-tools-for-stm32.9-2020-q2-update.win32_2.0.0.202105311346/tools/bin/../lib/gcc/arm-none-eabi/9.3.1/../../../../arm-none-eabi/lib/thumb/v7-m/nofp\libc_nano.a(lib_a-nano-svfprintf.o)
                              d:/st/stm32cubeide_1.8.0/stm32cubeide/plugins/com.st.stm32cube.ide.mcu.externaltools.gnu-tools-for-stm32.9-2020-q2-update.win32_2.0.0.202105311346/tools/bin/../lib/gcc/arm-none-eabi/9.3.1/../../../../arm-none-eabi/lib/thumb/v7-m/nofp\libc_nano.a(lib_a-vsprintf.o) (_svfprintf_r)
d:/st/stm32cubeide_1.8.0/stm32cubeide/plugins/com.st.stm32cube.ide.mcu.externaltools.gnu-tools-for-stm32.9-2020-q2-update.win32_2.0.0.202105311346/tools/bin/../lib/gcc/arm-none-eabi/9.3.1/../../../../arm-none-eabi/lib/thumb/v7-m/nofp\libc_nano.a(lib_a-nano-vfprintf_i.o)
                              d:/st/stm32cubeide_1.8.0/stm32cubeide/plugins/com.st.stm32cube.ide.mcu.externaltools.gnu-tools-for-stm32.9-2020-q2-update.win32_2.0.0.202105311346/tools/bin/../lib/gcc/arm-none-eabi/9.3.1/../../../../arm-none-eabi/lib/thumb/v7-m/nofp\libc_nano.a(lib_a-nano-svfprintf.o) (_printf_i)
d:/st/stm32cubeide_1.8.0/stm32cubeide/plugins/com.st.stm32cube.ide.mcu.externaltools.gnu-tools-for-stm32.9-2020-q2-update.win32_2.0.0.202105311346/tools/bin/../lib/gcc/arm-none-eabi/9.3.1/../../../../arm-none-eabi/lib/thumb/v7-m/nofp\libc_nano.a(lib_a-memchr-stub.o)
                              d:/st/stm32cubeide_1.8.0/stm32cubeide/plugins/com.st.stm32cube.ide.mcu.externaltools.gnu-tools-for-stm32.9-2020-q2-update.win32_2.0.0.202105311346/tools/bin/../lib/gcc/arm-none-eabi/9.3.1/../../../../arm-none-eabi/lib/thumb/v7-m/nofp\libc_nano.a(lib_a-nano-svfprintf.o) (memchr)
[...]
Memory Configuration

Name             Origin             Length             Attributes
RAM              0x0000000020000000 0x0000000000005000 xrw
FLASH            0x0000000008000000 0x0000000000010000 xr
*default*        0x0000000000000000 0xffffffffffffffff

Linker script and memory map

LOAD d:/st/stm32cubeide_1.8.0/stm32cubeide/plugins/com.st.stm32cube.ide.mcu.externaltools.gnu-tools-for-stm32.9-2020-q2-update.win32_2.0.0.202105311346/tools/bin/../lib/gcc/arm-none-eabi/9.3.1/thumb/v7-m/nofp/crti.o
LOAD d:/st/stm32cubeide_1.8.0/stm32cubeide/plugins/com.st.stm32cube.ide.mcu.externaltools.gnu-tools-for-stm32.9-2020-q2-update.win32_2.0.0.202105311346/tools/bin/../lib/gcc/arm-none-eabi/9.3.1/thumb/v7-m/nofp/crtbegin.o
LOAD d:/st/stm32cubeide_1.8.0/stm32cubeide/plugins/com.st.stm32cube.ide.mcu.externaltools.gnu-tools-for-stm32.9-2020-q2-update.win32_2.0.0.202105311346/tools/bin/../lib/gcc/arm-none-eabi/9.3.1/../../../../arm-none-eabi/lib/thumb/v7-m/nofp/crt0.o
LOAD ./Console/Console.o
LOAD ./GPIO/GPIO.o
LOAD ./Src/main.o
LOAD ./Src/syscalls.o
LOAD ./Src/sysmem.o
LOAD ./Src/system_stm32f1xx.o
LOAD ./Startup/startup_stm32f103c8tx.o
LOAD ./Timer/Timer.o
START GROUP
LOAD d:/st/stm32cubeide_1.8.0/stm32cubeide/plugins/com.st.stm32cube.ide.mcu.externaltools.gnu-tools-for-stm32.9-2020-q2-update.win32_2.0.0.202105311346/tools/bin/../lib/gcc/arm-none-eabi/9.3.1/../../../../arm-none-eabi/lib/thumb/v7-m/nofp\libc_nano.a
LOAD d:/st/stm32cubeide_1.8.0/stm32cubeide/plugins/com.st.stm32cube.ide.mcu.externaltools.gnu-tools-for-stm32.9-2020-q2-update.win32_2.0.0.202105311346/tools/bin/../lib/gcc/arm-none-eabi/9.3.1/../../../../arm-none-eabi/lib/thumb/v7-m/nofp\libm.a
END GROUP
START GROUP
LOAD d:/st/stm32cubeide_1.8.0/stm32cubeide/plugins/com.st.stm32cube.ide.mcu.externaltools.gnu-tools-for-stm32.9-2020-q2-update.win32_2.0.0.202105311346/tools/bin/../lib/gcc/arm-none-eabi/9.3.1/thumb/v7-m/nofp\libgcc.a
LOAD d:/st/stm32cubeide_1.8.0/stm32cubeide/plugins/com.st.stm32cube.ide.mcu.externaltools.gnu-tools-for-stm32.9-2020-q2-update.win32_2.0.0.202105311346/tools/bin/../lib/gcc/arm-none-eabi/9.3.1/../../../../arm-none-eabi/lib/thumb/v7-m/nofp\libc_nano.a
END GROUP
START GROUP
LOAD d:/st/stm32cubeide_1.8.0/stm32cubeide/plugins/com.st.stm32cube.ide.mcu.externaltools.gnu-tools-for-stm32.9-2020-q2-update.win32_2.0.0.202105311346/tools/bin/../lib/gcc/arm-none-eabi/9.3.1/thumb/v7-m/nofp\libgcc.a
LOAD d:/st/stm32cubeide_1.8.0/stm32cubeide/plugins/com.st.stm32cube.ide.mcu.externaltools.gnu-tools-for-stm32.9-2020-q2-update.win32_2.0.0.202105311346/tools/bin/../lib/gcc/arm-none-eabi/9.3.1/../../../../arm-none-eabi/lib/thumb/v7-m/nofp\libc_nano.a
LOAD d:/st/stm32cubeide_1.8.0/stm32cubeide/plugins/com.st.stm32cube.ide.mcu.externaltools.gnu-tools-for-stm32.9-2020-q2-update.win32_2.0.0.202105311346/tools/bin/../lib/gcc/arm-none-eabi/9.3.1/../../../../arm-none-eabi/lib/thumb/v7-m/nofp\libnosys.a
END GROUP
START GROUP
LOAD d:/st/stm32cubeide_1.8.0/stm32cubeide/plugins/com.st.stm32cube.ide.mcu.externaltools.gnu-tools-for-stm32.9-2020-q2-update.win32_2.0.0.202105311346/tools/bin/../lib/gcc/arm-none-eabi/9.3.1/thumb/v7-m/nofp\libgcc.a
LOAD d:/st/stm32cubeide_1.8.0/stm32cubeide/plugins/com.st.stm32cube.ide.mcu.externaltools.gnu-tools-for-stm32.9-2020-q2-update.win32_2.0.0.202105311346/tools/bin/../lib/gcc/arm-none-eabi/9.3.1/../../../../arm-none-eabi/lib/thumb/v7-m/nofp\libc_nano.a
LOAD d:/st/stm32cubeide_1.8.0/stm32cubeide/plugins/com.st.stm32cube.ide.mcu.externaltools.gnu-tools-for-stm32.9-2020-q2-update.win32_2.0.0.202105311346/tools/bin/../lib/gcc/arm-none-eabi/9.3.1/../../../../arm-none-eabi/lib/thumb/v7-m/nofp\libnosys.a
END GROUP
LOAD d:/st/stm32cubeide_1.8.0/stm32cubeide/plugins/com.st.stm32cube.ide.mcu.externaltools.gnu-tools-for-stm32.9-2020-q2-update.win32_2.0.0.202105311346/tools/bin/../lib/gcc/arm-none-eabi/9.3.1/thumb/v7-m/nofp/crtend.o
LOAD d:/st/stm32cubeide_1.8.0/stm32cubeide/plugins/com.st.stm32cube.ide.mcu.externaltools.gnu-tools-for-stm32.9-2020-q2-update.win32_2.0.0.202105311346/tools/bin/../lib/gcc/arm-none-eabi/9.3.1/thumb/v7-m/nofp/crtn.o
                0x0000000020005000                _estack = (ORIGIN (RAM) + LENGTH (RAM))
                0x0000000000000200                _Min_Heap_Size = 0x200
                0x0000000000000400                _Min_Stack_Size = 0x400

.isr_vector     0x0000000008000000      0x130
                0x0000000008000000                . = ALIGN (0x4)
 *(.isr_vector)
 .isr_vector    0x0000000008000000      0x130 ./Startup/startup_stm32f103c8tx.o
                0x0000000008000000                g_pfnVectors
                0x0000000008000130                . = ALIGN (0x4)

.text           0x0000000008000130      0xa38
                0x0000000008000130                . = ALIGN (0x4)
 *(.text)
 .text          0x0000000008000130       0x40 d:/st/stm32cubeide_1.8.0/stm32cubeide/plugins/com.st.stm32cube.ide.mcu.externaltools.gnu-tools-for-stm32.9-2020-q2-update.win32_2.0.0.202105311346/tools/bin/../lib/gcc/arm-none-eabi/9.3.1/thumb/v7-m/nofp/crtbegin.o
 .text          0x0000000008000170      0x168 d:/st/stm32cubeide_1.8.0/stm32cubeide/plugins/com.st.stm32cube.ide.mcu.externaltools.gnu-tools-for-stm32.9-2020-q2-update.win32_2.0.0.202105311346/tools/bin/../lib/gcc/arm-none-eabi/9.3.1/thumb/v7-m/nofp\libgcc.a(_arm_mulsf3.o)
                0x0000000008000170                __aeabi_fmul
                0x0000000008000170                __mulsf3
 .text          0x00000000080002d8      0x21c d:/st/stm32cubeide_1.8.0/stm32cubeide/plugins/com.st.stm32cube.ide.mcu.externaltools.gnu-tools-for-stm32.9-2020-q2-update.win32_2.0.0.202105311346/tools/bin/../lib/gcc/arm-none-eabi/9.3.1/thumb/v7-m/nofp\libgcc.a(_arm_addsubsf3.o)
                0x00000000080002d8                __aeabi_frsub
                0x00000000080002e0                __subsf3
                0x00000000080002e0                __aeabi_fsub
                0x00000000080002e4                __aeabi_fadd
                0x00000000080002e4                __addsf3
                0x0000000008000444                __aeabi_ui2f
                0x0000000008000444                __floatunsisf
                0x000000000800044c                __aeabi_i2f
                0x000000000800044c                __floatsisf
                0x0000000008000468                __aeabi_ul2f
                0x0000000008000468                __floatundisf
                0x0000000008000478                __aeabi_l2f
                0x0000000008000478                __floatdisf
 *(.text*)
 .text.Console_Init
                0x00000000080004f4       0x78 ./Console/Console.o
                0x00000000080004f4                Console_Init
 .text.GPIO_Pin_Setup
                0x000000000800056c      0x14c ./GPIO/GPIO.o
                0x000000000800056c                GPIO_Pin_Setup
 .text.SystemAPB1_Clock_Speed
                0x00000000080006b8       0x2c ./Src/main.o
 .text.SystemAPB2_Clock_Speed
                0x00000000080006e4       0x2c ./Src/main.o
 .text.MCU_Clock_Init
                0x0000000008000710      0x164 ./Src/main.o
 .text.main     0x0000000008000874       0x2c ./Src/main.o
                0x0000000008000874                main
 .text.SystemInit
                0x00000000080008a0        0xc ./Src/system_stm32f1xx.o
                0x00000000080008a0                SystemInit
 .text.SystemCoreClockUpdate
                0x00000000080008ac       0xe4 ./Src/system_stm32f1xx.o
                0x00000000080008ac                SystemCoreClockUpdate
 .text.Reset_Handler
                0x0000000008000990       0x50 ./Startup/startup_stm32f103c8tx.o
                0x0000000008000990                Reset_Handler
 .text.Default_Handler
                0x00000000080009e0        0x2 ./Startup/startup_stm32f103c8tx.o
                0x00000000080009e0                EXTI2_IRQHandler
                0x00000000080009e0                TIM8_TRG_COM_IRQHandler
                0x00000000080009e0                TIM8_CC_IRQHandler
                0x00000000080009e0                DebugMon_Handler
                0x00000000080009e0                TIM1_CC_IRQHandler
                0x00000000080009e0                HardFault_Handler
                0x00000000080009e0                TIM6_IRQHandler
                0x00000000080009e0                SysTick_Handler
                0x00000000080009e0                PVD_IRQHandler
                0x00000000080009e0                SDIO_IRQHandler
                0x00000000080009e0                PendSV_Handler
                0x00000000080009e0                NMI_Handler
                0x00000000080009e0                EXTI3_IRQHandler
                0x00000000080009e0                USB_HP_CAN_TX_IRQHandler
                0x00000000080009e0                EXTI0_IRQHandler
                0x00000000080009e0                I2C2_EV_IRQHandler
                0x00000000080009e0                UsageFault_Handler
                0x00000000080009e0                ADC1_2_IRQHandler
                0x00000000080009e0                SPI1_IRQHandler
                0x00000000080009e0                CAN_SCE_IRQHandler
                0x00000000080009e0                TAMPER_IRQHandler
                0x00000000080009e0                TIM8_UP_IRQHandler
                0x00000000080009e0                DMA2_Channel2_IRQHandler
                0x00000000080009e0                DMA1_Channel4_IRQHandler
                0x00000000080009e0                USART3_IRQHandler
                0x00000000080009e0                RTC_IRQHandler
                0x00000000080009e0                DMA1_Channel7_IRQHandler
                0x00000000080009e0                UART5_IRQHandler
                0x00000000080009e0                ADC3_IRQHandler
                0x00000000080009e0                TIM4_IRQHandler
                0x00000000080009e0                CAN_RX1_IRQHandler
                0x00000000080009e0                DMA2_Channel1_IRQHandler
                0x00000000080009e0                I2C1_EV_IRQHandler
                0x00000000080009e0                DMA1_Channel6_IRQHandler
                0x00000000080009e0                UART4_IRQHandler
                0x00000000080009e0                TIM3_IRQHandler
                0x00000000080009e0                RCC_IRQHandler
                0x00000000080009e0                TIM1_TRG_COM_IRQHandler
                0x00000000080009e0                DMA1_Channel1_IRQHandler
                0x00000000080009e0                Default_Handler
                0x00000000080009e0                EXTI15_10_IRQHandler
                0x00000000080009e0                TIM7_IRQHandler
                0x00000000080009e0                TIM5_IRQHandler
                0x00000000080009e0                EXTI9_5_IRQHandler
                0x00000000080009e0                SPI2_IRQHandler
                0x00000000080009e0                USB_LP_CAN_RX0_IRQHandler
                0x00000000080009e0                MemManage_Handler
                0x00000000080009e0                SVC_Handler
                0x00000000080009e0                DMA1_Channel5_IRQHandler
                0x00000000080009e0                EXTI4_IRQHandler
                0x00000000080009e0                DMA1_Channel3_IRQHandler
                0x00000000080009e0                FSMC_IRQHandler
                0x00000000080009e0                TIM1_UP_IRQHandler
                0x00000000080009e0                WWDG_IRQHandler
                0x00000000080009e0                TIM2_IRQHandler
                0x00000000080009e0                TIM1_BRK_IRQHandler
                0x00000000080009e0                EXTI1_IRQHandler
                0x00000000080009e0                RTCAlarm_IRQHandler
                0x00000000080009e0                DMA2_Channel4_5_IRQHandler
                0x00000000080009e0                USART2_IRQHandler
                0x00000000080009e0                I2C2_ER_IRQHandler
                0x00000000080009e0                DMA1_Channel2_IRQHandler
                0x00000000080009e0                TIM8_BRK_IRQHandler
                0x00000000080009e0                FLASH_IRQHandler
                0x00000000080009e0                BusFault_Handler
                0x00000000080009e0                USART1_IRQHandler
                0x00000000080009e0                SPI3_IRQHandler
                0x00000000080009e0                I2C1_ER_IRQHandler
                0x00000000080009e0                DMA2_Channel3_IRQHandler
 *fill*         0x00000000080009e2        0x2 
 .text.Timer_Input_PWM
                0x00000000080009e4       0xd0 ./Timer/Timer.o
                0x00000000080009e4                Timer_Input_PWM
 .text.Get_Input_PWM
                0x0000000008000ab4       0x54 ./Timer/Timer.o
                0x0000000008000ab4                Get_Input_PWM
 .text.__libc_init_array
                0x0000000008000b08       0x48 d:/st/stm32cubeide_1.8.0/stm32cubeide/plugins/com.st.stm32cube.ide.mcu.externaltools.gnu-tools-for-stm32.9-2020-q2-update.win32_2.0.0.202105311346/tools/bin/../lib/gcc/arm-none-eabi/9.3.1/../../../../arm-none-eabi/lib/thumb/v7-m/nofp\libc_nano.a(lib_a-init.o)
                0x0000000008000b08                __libc_init_array
 *(.glue_7)
 .glue_7        0x0000000008000b50        0x0 linker stubs
 *(.glue_7t)
 .glue_7t       0x0000000008000b50        0x0 linker stubs
 *(.eh_frame)
 .eh_frame      0x0000000008000b50        0x0 d:/st/stm32cubeide_1.8.0/stm32cubeide/plugins/com.st.stm32cube.ide.mcu.externaltools.gnu-tools-for-stm32.9-2020-q2-update.win32_2.0.0.202105311346/tools/bin/../lib/gcc/arm-none-eabi/9.3.1/thumb/v7-m/nofp/crtbegin.o
 *(.init)
 .init          0x0000000008000b50        0x4 d:/st/stm32cubeide_1.8.0/stm32cubeide/plugins/com.st.stm32cube.ide.mcu.externaltools.gnu-tools-for-stm32.9-2020-q2-update.win32_2.0.0.202105311346/tools/bin/../lib/gcc/arm-none-eabi/9.3.1/thumb/v7-m/nofp/crti.o
                0x0000000008000b50                _init
 .init          0x0000000008000b54        0x8 d:/st/stm32cubeide_1.8.0/stm32cubeide/plugins/com.st.stm32cube.ide.mcu.externaltools.gnu-tools-for-stm32.9-2020-q2-update.win32_2.0.0.202105311346/tools/bin/../lib/gcc/arm-none-eabi/9.3.1/thumb/v7-m/nofp/crtn.o
 *(.fini)
 .fini          0x0000000008000b5c        0x4 d:/st/stm32cubeide_1.8.0/stm32cubeide/plugins/com.st.stm32cube.ide.mcu.externaltools.gnu-tools-for-stm32.9-2020-q2-update.win32_2.0.0.202105311346/tools/bin/../lib/gcc/arm-none-eabi/9.3.1/thumb/v7-m/nofp/crti.o
                0x0000000008000b5c                _fini
 .fini          0x0000000008000b60        0x8 d:/st/stm32cubeide_1.8.0/stm32cubeide/plugins/com.st.stm32cube.ide.mcu.externaltools.gnu-tools-for-stm32.9-2020-q2-update.win32_2.0.0.202105311346/tools/bin/../lib/gcc/arm-none-eabi/9.3.1/thumb/v7-m/nofp/crtn.o
                0x0000000008000b68                . = ALIGN (0x4)
                0x0000000008000b68                _etext = .

.vfp11_veneer   0x0000000008000b68        0x0
 .vfp11_veneer  0x0000000008000b68        0x0 linker stubs

.v4_bx          0x0000000008000b68        0x0
 .v4_bx         0x0000000008000b68        0x0 linker stubs

.iplt           0x0000000008000b68        0x0
 .iplt          0x0000000008000b68        0x0 d:/st/stm32cubeide_1.8.0/stm32cubeide/plugins/com.st.stm32cube.ide.mcu.externaltools.gnu-tools-for-stm32.9-2020-q2-update.win32_2.0.0.202105311346/tools/bin/../lib/gcc/arm-none-eabi/9.3.1/thumb/v7-m/nofp/crtbegin.o

.rodata         0x0000000008000b68       0x18
                0x0000000008000b68                . = ALIGN (0x4)
 *(.rodata)
 *(.rodata*)
 .rodata.AHBPrescTable
                0x0000000008000b68       0x10 ./Src/system_stm32f1xx.o
                0x0000000008000b68                AHBPrescTable
 .rodata.APBPrescTable
                0x0000000008000b78        0x8 ./Src/system_stm32f1xx.o
                0x0000000008000b78                APBPrescTable
                0x0000000008000b80                . = ALIGN (0x4)

.rel.dyn        0x0000000008000b80        0x0
 .rel.iplt      0x0000000008000b80        0x0 d:/st/stm32cubeide_1.8.0/stm32cubeide/plugins/com.st.stm32cube.ide.mcu.externaltools.gnu-tools-for-stm32.9-2020-q2-update.win32_2.0.0.202105311346/tools/bin/../lib/gcc/arm-none-eabi/9.3.1/thumb/v7-m/nofp/crtbegin.o

.ARM.extab      0x0000000008000b80        0x0
                0x0000000008000b80                . = ALIGN (0x4)
 *(.ARM.extab* .gnu.linkonce.armextab.*)
                0x0000000008000b80                . = ALIGN (0x4)

.ARM            0x0000000008000b80        0x0
                0x0000000008000b80                . = ALIGN (0x4)
                0x0000000008000b80                __exidx_start = .
 *(.ARM.exidx*)
                0x0000000008000b80                __exidx_end = .
                0x0000000008000b80                . = ALIGN (0x4)

.preinit_array  0x0000000008000b80        0x0
                0x0000000008000b80                . = ALIGN (0x4)
                0x0000000008000b80                PROVIDE (__preinit_array_start = .)
 *(.preinit_array*)
                0x0000000008000b80                PROVIDE (__preinit_array_end = .)
                0x0000000008000b80                . = ALIGN (0x4)

.init_array     0x0000000008000b80        0x4
                0x0000000008000b80                . = ALIGN (0x4)
                0x0000000008000b80                PROVIDE (__init_array_start = .)
 *(SORT_BY_NAME(.init_array.*))
 *(.init_array*)
 .init_array    0x0000000008000b80        0x4 d:/st/stm32cubeide_1.8.0/stm32cubeide/plugins/com.st.stm32cube.ide.mcu.externaltools.gnu-tools-for-stm32.9-2020-q2-update.win32_2.0.0.202105311346/tools/bin/../lib/gcc/arm-none-eabi/9.3.1/thumb/v7-m/nofp/crtbegin.o
                0x0000000008000b84                PROVIDE (__init_array_end = .)
                0x0000000008000b84                . = ALIGN (0x4)

.fini_array     0x0000000008000b84        0x4
                0x0000000008000b84                . = ALIGN (0x4)
                [!provide]                        PROVIDE (__fini_array_start = .)
 *(SORT_BY_NAME(.fini_array.*))
 *(.fini_array*)
 .fini_array    0x0000000008000b84        0x4 d:/st/stm32cubeide_1.8.0/stm32cubeide/plugins/com.st.stm32cube.ide.mcu.externaltools.gnu-tools-for-stm32.9-2020-q2-update.win32_2.0.0.202105311346/tools/bin/../lib/gcc/arm-none-eabi/9.3.1/thumb/v7-m/nofp/crtbegin.o
                [!provide]                        PROVIDE (__fini_array_end = .)
                0x0000000008000b88                . = ALIGN (0x4)
                0x0000000008000b88                _sidata = LOADADDR (.data)

.data           0x0000000020000000        0x4 load address 0x0000000008000b88
                0x0000000020000000                . = ALIGN (0x4)
                0x0000000020000000                _sdata = .
 *(.data)
 *(.data*)
 .data.SystemCoreClock
                0x0000000020000000        0x4 ./Src/system_stm32f1xx.o
                0x0000000020000000                SystemCoreClock
 *(.RamFunc)
 *(.RamFunc*)
                0x0000000020000004                . = ALIGN (0x4)
                0x0000000020000004                _edata = .

.igot.plt       0x0000000020000004        0x0 load address 0x0000000008000b8c
 .igot.plt      0x0000000020000004        0x0 d:/st/stm32cubeide_1.8.0/stm32cubeide/plugins/com.st.stm32cube.ide.mcu.externaltools.gnu-tools-for-stm32.9-2020-q2-update.win32_2.0.0.202105311346/tools/bin/../lib/gcc/arm-none-eabi/9.3.1/thumb/v7-m/nofp/crtbegin.o
                0x0000000020000004                . = ALIGN (0x4)

.bss            0x0000000020000004      0x40c load address 0x0000000008000b8c
                0x0000000020000004                _sbss = .
                0x0000000020000004                __bss_start__ = _sbss
 *(.bss)
 .bss           0x0000000020000004       0x1c d:/st/stm32cubeide_1.8.0/stm32cubeide/plugins/com.st.stm32cube.ide.mcu.externaltools.gnu-tools-for-stm32.9-2020-q2-update.win32_2.0.0.202105311346/tools/bin/../lib/gcc/arm-none-eabi/9.3.1/thumb/v7-m/nofp/crtbegin.o
 *(.bss*)
 *(COMMON)
 COMMON         0x0000000020000020      0x3f0 ./Console/Console.o
                0x0000000020000020                APB2CLK_SPEED
                0x0000000020000024                buff
                0x000000002000040c                APB1CLK_SPEED
                0x0000000020000410                . = ALIGN (0x4)
                0x0000000020000410                _ebss = .
                0x0000000020000410                __bss_end__ = _ebss

._user_heap_stack
                0x0000000020000410      0x600 load address 0x0000000008000b8c
                0x0000000020000410                . = ALIGN (0x8)
                [!provide]                        PROVIDE (end = .)
                0x0000000020000410                PROVIDE (_end = .)
                0x0000000020000610                . = (. + _Min_Heap_Size)
 *fill*         0x0000000020000410      0x200 
                0x0000000020000a10                . = (. + _Min_Stack_Size)
 *fill*         0x0000000020000610      0x400 
                0x0000000020000a10                . = ALIGN (0x8)

/DISCARD/
 libc.a(*)
 libm.a(*)
 libgcc.a(*)

.ARM.attributes
                0x0000000000000000       0x29
 *(.ARM.attributes)
 .ARM.attributes
                0x0000000000000000       0x1d d:/st/stm32cubeide_1.8.0/stm32cubeide/plugins/com.st.stm32cube.ide.mcu.externaltools.gnu-tools-for-stm32.9-2020-q2-update.win32_2.0.0.202105311346/tools/bin/../lib/gcc/arm-none-eabi/9.3.1/thumb/v7-m/nofp/crti.o
 .ARM.attributes
                0x000000000000001d       0x2d d:/st/stm32cubeide_1.8.0/stm32cubeide/plugins/com.st.stm32cube.ide.mcu.externaltools.gnu-tools-for-stm32.9-2020-q2-update.win32_2.0.0.202105311346/tools/bin/../lib/gcc/arm-none-eabi/9.3.1/thumb/v7-m/nofp/crtbegin.o
 .ARM.attributes
                0x000000000000004a       0x2d ./Console/Console.o
 .ARM.attributes
                0x0000000000000077       0x2d ./GPIO/GPIO.o
 .ARM.attributes
                0x00000000000000a4       0x2d ./Src/main.o
 .ARM.attributes
                0x00000000000000d1       0x2d ./Src/system_stm32f1xx.o
 .ARM.attributes
                0x00000000000000fe       0x21 ./Startup/startup_stm32f103c8tx.o
 .ARM.attributes
                0x000000000000011f       0x2d ./Timer/Timer.o
 .ARM.attributes
                0x000000000000014c       0x2d d:/st/stm32cubeide_1.8.0/stm32cubeide/plugins/com.st.stm32cube.ide.mcu.externaltools.gnu-tools-for-stm32.9-2020-q2-update.win32_2.0.0.202105311346/tools/bin/../lib/gcc/arm-none-eabi/9.3.1/../../../../arm-none-eabi/lib/thumb/v7-m/nofp\libc_nano.a(lib_a-init.o)
 .ARM.attributes
                0x0000000000000179       0x1d d:/st/stm32cubeide_1.8.0/stm32cubeide/plugins/com.st.stm32cube.ide.mcu.externaltools.gnu-tools-for-stm32.9-2020-q2-update.win32_2.0.0.202105311346/tools/bin/../lib/gcc/arm-none-eabi/9.3.1/thumb/v7-m/nofp\libgcc.a(_arm_mulsf3.o)
 .ARM.attributes
                0x0000000000000196       0x1d d:/st/stm32cubeide_1.8.0/stm32cubeide/plugins/com.st.stm32cube.ide.mcu.externaltools.gnu-tools-for-stm32.9-2020-q2-update.win32_2.0.0.202105311346/tools/bin/../lib/gcc/arm-none-eabi/9.3.1/thumb/v7-m/nofp\libgcc.a(_arm_addsubsf3.o)
 .ARM.attributes
                0x00000000000001b3       0x1d d:/st/stm32cubeide_1.8.0/stm32cubeide/plugins/com.st.stm32cube.ide.mcu.externaltools.gnu-tools-for-stm32.9-2020-q2-update.win32_2.0.0.202105311346/tools/bin/../lib/gcc/arm-none-eabi/9.3.1/thumb/v7-m/nofp/crtn.o
OUTPUT(Timer_Driver.elf elf32-littlearm)
LOAD linker stubs
LOAD d:/st/stm32cubeide_1.8.0/stm32cubeide/plugins/com.st.stm32cube.ide.mcu.externaltools.gnu-tools-for-stm32.9-2020-q2-update.win32_2.0.0.202105311346/tools/bin/../lib/gcc/arm-none-eabi/9.3.1/../../../../arm-none-eabi/lib/thumb/v7-m/nofp\libc.a
LOAD d:/st/stm32cubeide_1.8.0/stm32cubeide/plugins/com.st.stm32cube.ide.mcu.externaltools.gnu-tools-for-stm32.9-2020-q2-update.win32_2.0.0.202105311346/tools/bin/../lib/gcc/arm-none-eabi/9.3.1/../../../../arm-none-eabi/lib/thumb/v7-m/nofp\libm.a
LOAD d:/st/stm32cubeide_1.8.0/stm32cubeide/plugins/com.st.stm32cube.ide.mcu.externaltools.gnu-tools-for-stm32.9-2020-q2-update.win32_2.0.0.202105311346/tools/bin/../lib/gcc/arm-none-eabi/9.3.1/thumb/v7-m/nofp\libgcc.a

.debug_info     0x0000000000000000     0x38d1
 .debug_info    0x0000000000000000      0xc51 ./Console/Console.o
 .debug_info    0x0000000000000c51     0x109e ./GPIO/GPIO.o
 .debug_info    0x0000000000001cef      0xcff ./Src/main.o
 .debug_info    0x00000000000029ee      0x260 ./Src/system_stm32f1xx.o
 .debug_info    0x0000000000002c4e       0x22 ./Startup/startup_stm32f103c8tx.o
 .debug_info    0x0000000000002c70      0xc61 ./Timer/Timer.o

.debug_abbrev   0x0000000000000000      0xa61
 .debug_abbrev  0x0000000000000000      0x250 ./Console/Console.o
 .debug_abbrev  0x0000000000000250      0x29f ./GPIO/GPIO.o
 .debug_abbrev  0x00000000000004ef      0x217 ./Src/main.o
 .debug_abbrev  0x0000000000000706      0x14e ./Src/system_stm32f1xx.o
 .debug_abbrev  0x0000000000000854       0x12 ./Startup/startup_stm32f103c8tx.o
 .debug_abbrev  0x0000000000000866      0x1fb ./Timer/Timer.o

.debug_aranges  0x0000000000000000      0x110
 .debug_aranges
                0x0000000000000000       0x28 ./Console/Console.o
 .debug_aranges
                0x0000000000000028       0x38 ./GPIO/GPIO.o
 .debug_aranges
                0x0000000000000060       0x38 ./Src/main.o
 .debug_aranges
                0x0000000000000098       0x28 ./Src/system_stm32f1xx.o
 .debug_aranges
                0x00000000000000c0       0x28 ./Startup/startup_stm32f103c8tx.o
 .debug_aranges
                0x00000000000000e8       0x28 ./Timer/Timer.o

.debug_ranges   0x0000000000000000       0xb8
 .debug_ranges  0x0000000000000000       0x18 ./Console/Console.o
 .debug_ranges  0x0000000000000018       0x28 ./GPIO/GPIO.o
 .debug_ranges  0x0000000000000040       0x28 ./Src/main.o
 .debug_ranges  0x0000000000000068       0x18 ./Src/system_stm32f1xx.o
 .debug_ranges  0x0000000000000080       0x20 ./Startup/startup_stm32f103c8tx.o
 .debug_ranges  0x00000000000000a0       0x18 ./Timer/Timer.o

.debug_macro    0x0000000000000000    0x11ccf
 .debug_macro   0x0000000000000000      0x2ba ./Console/Console.o
 .debug_macro   0x00000000000002ba      0xaa2 ./Console/Console.o
 .debug_macro   0x0000000000000d5c       0x22 ./Console/Console.o
 .debug_macro   0x0000000000000d7e       0x8e ./Console/Console.o
 .debug_macro   0x0000000000000e0c       0x51 ./Console/Console.o
 .debug_macro   0x0000000000000e5d      0x103 ./Console/Console.o
 .debug_macro   0x0000000000000f60       0x6a ./Console/Console.o
 .debug_macro   0x0000000000000fca      0x1df ./Console/Console.o
 .debug_macro   0x00000000000011a9       0x22 ./Console/Console.o
 .debug_macro   0x00000000000011cb       0x1c ./Console/Console.o
 .debug_macro   0x00000000000011e7       0x22 ./Console/Console.o
 .debug_macro   0x0000000000001209       0xc3 ./Console/Console.o
 .debug_macro   0x00000000000012cc      0xd23 ./Console/Console.o
 .debug_macro   0x0000000000001fef     0xe09e ./Console/Console.o
 .debug_macro   0x000000000001008d       0x97 ./Console/Console.o
 .debug_macro   0x0000000000010124       0x52 ./Console/Console.o
 .debug_macro   0x0000000000010176       0x18 ./Console/Console.o
 .debug_macro   0x000000000001018e       0x3c ./Console/Console.o
 .debug_macro   0x00000000000101ca       0x34 ./Console/Console.o
 .debug_macro   0x00000000000101fe      0x174 ./Console/Console.o
 .debug_macro   0x0000000000010372       0x16 ./Console/Console.o
 .debug_macro   0x0000000000010388       0x43 ./Console/Console.o
 .debug_macro   0x00000000000103cb       0x34 ./Console/Console.o
 .debug_macro   0x00000000000103ff       0x10 ./Console/Console.o
 .debug_macro   0x000000000001040f       0x58 ./Console/Console.o
 .debug_macro   0x0000000000010467       0x71 ./Console/Console.o
 .debug_macro   0x00000000000104d8       0x1c ./Console/Console.o
 .debug_macro   0x00000000000104f4      0x12a ./Console/Console.o
 .debug_macro   0x000000000001061e      0x333 ./Console/Console.o
 .debug_macro   0x0000000000010951       0x10 ./Console/Console.o
 .debug_macro   0x0000000000010961       0x35 ./Console/Console.o
 .debug_macro   0x0000000000010996       0x20 ./Console/Console.o
 .debug_macro   0x00000000000109b6       0x22 ./Console/Console.o
 .debug_macro   0x00000000000109d8       0x16 ./Console/Console.o
 .debug_macro   0x00000000000109ee       0x16 ./Console/Console.o
 .debug_macro   0x0000000000010a04       0x29 ./Console/Console.o
 .debug_macro   0x0000000000010a2d       0x58 ./Console/Console.o
 .debug_macro   0x0000000000010a85       0x1c ./Console/Console.o
 .debug_macro   0x0000000000010aa1       0x10 ./Console/Console.o
 .debug_macro   0x0000000000010ab1       0x1c ./Console/Console.o
 .debug_macro   0x0000000000010acd       0x52 ./Console/Console.o
 .debug_macro   0x0000000000010b1f       0x22 ./Console/Console.o
 .debug_macro   0x0000000000010b41       0x10 ./Console/Console.o
 .debug_macro   0x0000000000010b51       0x40 ./Console/Console.o
 .debug_macro   0x0000000000010b91       0xd5 ./Console/Console.o
 .debug_macro   0x0000000000010c66       0x1c ./Console/Console.o
 .debug_macro   0x0000000000010c82       0x3d ./Console/Console.o
 .debug_macro   0x0000000000010cbf       0x16 ./Console/Console.o
 .debug_macro   0x0000000000010cd5      0x145 ./Console/Console.o
 .debug_macro   0x0000000000010e1a       0x10 ./Console/Console.o
 .debug_macro   0x0000000000010e2a      0x460 ./Console/Console.o
 .debug_macro   0x000000000001128a       0x10 ./Console/Console.o
 .debug_macro   0x000000000001129a       0x52 ./Console/Console.o
 .debug_macro   0x00000000000112ec      0x2b6 ./GPIO/GPIO.o
 .debug_macro   0x00000000000115a2       0x4c ./GPIO/GPIO.o
 .debug_macro   0x00000000000115ee      0x2c4 ./Src/main.o
 .debug_macro   0x00000000000118b2       0xc8 ./Src/system_stm32f1xx.o
 .debug_macro   0x000000000001197a       0x2e ./Src/system_stm32f1xx.o
 .debug_macro   0x00000000000119a8       0x6d ./Src/system_stm32f1xx.o
 .debug_macro   0x0000000000011a15      0x2ba ./Timer/Timer.o

.debug_line     0x0000000000000000     0x23e9
 .debug_line    0x0000000000000000      0x75b ./Console/Console.o
 .debug_line    0x000000000000075b      0x7cd ./GPIO/GPIO.o
 .debug_line    0x0000000000000f28      0x88d ./Src/main.o
 .debug_line    0x00000000000017b5      0x49c ./Src/system_stm32f1xx.o
 .debug_line    0x0000000000001c51       0x84 ./Startup/startup_stm32f103c8tx.o
 .debug_line    0x0000000000001cd5      0x714 ./Timer/Timer.o

.debug_str      0x0000000000000000    0x5a128
 .debug_str     0x0000000000000000    0x59bca ./Console/Console.o
                                      0x59f51 (size before relaxing)
 .debug_str     0x0000000000059bca      0x398 ./GPIO/GPIO.o
                                      0x5a2fc (size before relaxing)
 .debug_str     0x0000000000059f62       0xdd ./Src/main.o
                                      0x59fa1 (size before relaxing)
 .debug_str     0x000000000005a03f       0x79 ./Src/system_stm32f1xx.o
                                      0x546e6 (size before relaxing)
 .debug_str     0x000000000005a0b8       0x31 ./Startup/startup_stm32f103c8tx.o
                                         0x77 (size before relaxing)
 .debug_str     0x000000000005a0e9       0x3f ./Timer/Timer.o
                                      0x59f4e (size before relaxing)

.comment        0x0000000000000000       0x53
 .comment       0x0000000000000000       0x53 ./Console/Console.o
                                         0x54 (size before relaxing)
 .comment       0x0000000000000053       0x54 ./GPIO/GPIO.o
 .comment       0x0000000000000053       0x54 ./Src/main.o
 .comment       0x0000000000000053       0x54 ./Src/system_stm32f1xx.o
 .comment       0x0000000000000053       0x54 ./Timer/Timer.o

.debug_frame    0x0000000000000000      0x300
 .debug_frame   0x0000000000000000       0x70 ./Console/Console.o
 .debug_frame   0x0000000000000070       0xac ./GPIO/GPIO.o
 .debug_frame   0x000000000000011c       0x94 ./Src/main.o
 .debug_frame   0x00000000000001b0       0x58 ./Src/system_stm32f1xx.o
 .debug_frame   0x0000000000000208       0x5c ./Timer/Timer.o
 .debug_frame   0x0000000000000264       0x2c d:/st/stm32cubeide_1.8.0/stm32cubeide/plugins/com.st.stm32cube.ide.mcu.externaltools.gnu-tools-for-stm32.9-2020-q2-update.win32_2.0.0.202105311346/tools/bin/../lib/gcc/arm-none-eabi/9.3.1/../../../../arm-none-eabi/lib/thumb/v7-m/nofp\libc_nano.a(lib_a-init.o)
 .debug_frame   0x0000000000000290       0x24 d:/st/stm32cubeide_1.8.0/stm32cubeide/plugins/com.st.stm32cube.ide.mcu.externaltools.gnu-tools-for-stm32.9-2020-q2-update.win32_2.0.0.202105311346/tools/bin/../lib/gcc/arm-none-eabi/9.3.1/thumb/v7-m/nofp\libgcc.a(_arm_mulsf3.o)
 .debug_frame   0x00000000000002b4       0x4c d:/st/stm32cubeide_1.8.0/stm32cubeide/plugins/com.st.stm32cube.ide.mcu.externaltools.gnu-tools-for-stm32.9-2020-q2-update.win32_2.0.0.202105311346/tools/bin/../lib/gcc/arm-none-eabi/9.3.1/thumb/v7-m/nofp\libgcc.a(_arm_addsubsf3.o)
