10:54:12 **** Incremental Build of configuration Debug for project CAN_Driver_V2 ****
make -j4 all 
arm-none-eabi-gcc "../Src/main.c" -mcpu=cortex-m3 -std=gnu11 -g3 -DDEBUG -DSTM32 -DSTM32F1 -DSTM32F103C8Tx -c -I../Inc -I"C:/Users/Kunal/STM32CubeIDE/Kunal/STM32F103_DRIVER/CAN_Driver_V2/Console" -I"C:/Users/Kunal/STM32CubeIDE/Kunal/STM32F103_DRIVER/CAN_Driver_V2/GPIO" -I"C:/Users/Kunal/STM32CubeIDE/Kunal/STM32F103_DRIVER/CAN_Driver_V2/CAN" -O0 -ffunction-sections -fdata-sections -Wall -fstack-usage -MMD -MP -MF"Src/main.d" -MT"Src/main.o" --specs=nano.specs -mfloat-abi=soft -mthumb -o "Src/main.o"
arm-none-eabi-gcc -o "CAN_Driver_V2.elf" @"objects.list"   -mcpu=cortex-m3 -T"C:\Users\Kunal\STM32CubeIDE\Kunal\STM32F103_DRIVER\CAN_Driver_V2\STM32F103C8TX_FLASH.ld" --specs=nosys.specs -Wl,-Map="CAN_Driver_V2.map" -Wl,--gc-sections -static --specs=nano.specs -mfloat-abi=soft -mthumb -Wl,--start-group -lc -lm -Wl,--end-group
Finished building target: CAN_Driver_V2.elf
 
arm-none-eabi-size   CAN_Driver_V2.elf 
arm-none-eabi-objdump -h -S  CAN_Driver_V2.elf  > "CAN_Driver_V2.list"
arm-none-eabi-objcopy  -O binary  CAN_Driver_V2.elf  "CAN_Driver_V2.bin"
   text	   data	    bss	    dec	    hex	filename
   3744	     12	   1772	   5528	   1598	CAN_Driver_V2.elf
Finished building: default.size.stdout
 
Finished building: CAN_Driver_V2.bin
Finished building: CAN_Driver_V2.list
 
 

10:54:13 Build Finished. 0 errors, 0 warnings. (took 1s.352ms)

