Archive member included to satisfy reference by file (symbol)

d:/st/stm32cubeide_1.8.0/stm32cubeide/plugins/com.st.stm32cube.ide.mcu.externaltools.gnu-tools-for-stm32.9-2020-q2-update.win32_2.0.0.202105311346/tools/bin/../lib/gcc/arm-none-eabi/9.3.1/../../../../arm-none-eabi/lib/thumb/v7-m/nofp\libc_nano.a(lib_a-errno.o)
                              ./Src/syscalls.o (__errno)
d:/st/stm32cubeide_1.8.0/stm32cubeide/plugins/com.st.stm32cube.ide.mcu.externaltools.gnu-tools-for-stm32.9-2020-q2-update.win32_2.0.0.202105311346/tools/bin/../lib/gcc/arm-none-eabi/9.3.1/../../../../arm-none-eabi/lib/thumb/v7-m/nofp\libc_nano.a(lib_a-exit.o)
                              d:/st/stm32cubeide_1.8.0/stm32cubeide/plugins/com.st.stm32cube.ide.mcu.externaltools.gnu-tools-for-stm32.9-2020-q2-update.win32_2.0.0.202105311346/tools/bin/../lib/gcc/arm-none-eabi/9.3.1/../../../../arm-none-eabi/lib/thumb/v7-m/nofp/crt0.o (exit)
d:/st/stm32cubeide_1.8.0/stm32cubeide/plugins/com.st.stm32cube.ide.mcu.externaltools.gnu-tools-for-stm32.9-2020-q2-update.win32_2.0.0.202105311346/tools/bin/../lib/gcc/arm-none-eabi/9.3.1/../../../../arm-none-eabi/lib/thumb/v7-m/nofp\libc_nano.a(lib_a-impure.o)
                              d:/st/stm32cubeide_1.8.0/stm32cubeide/plugins/com.st.stm32cube.ide.mcu.externaltools.gnu-tools-for-stm32.9-2020-q2-update.win32_2.0.0.202105311346/tools/bin/../lib/gcc/arm-none-eabi/9.3.1/../../../../arm-none-eabi/lib/thumb/v7-m/nofp\libc_nano.a(lib_a-exit.o) (_global_impure_ptr)
d:/st/stm32cubeide_1.8.0/stm32cubeide/plugins/com.st.stm32cube.ide.mcu.externaltools.gnu-tools-for-stm32.9-2020-q2-update.win32_2.0.0.202105311346/tools/bin/../lib/gcc/arm-none-eabi/9.3.1/../../../../arm-none-eabi/lib/thumb/v7-m/nofp\libc_nano.a(lib_a-init.o)
                              d:/st/stm32cubeide_1.8.0/stm32cubeide/plugins/com.st.stm32cube.ide.mcu.externaltools.gnu-tools-for-stm32.9-2020-q2-update.win32_2.0.0.202105311346/tools/bin/../lib/gcc/arm-none-eabi/9.3.1/../../../../arm-none-eabi/lib/thumb/v7-m/nofp/crt0.o (__libc_init_array)
d:/st/stm32cubeide_1.8.0/stm32cubeide/plugins/com.st.stm32cube.ide.mcu.externaltools.gnu-tools-for-stm32.9-2020-q2-update.win32_2.0.0.202105311346/tools/bin/../lib/gcc/arm-none-eabi/9.3.1/../../../../arm-none-eabi/lib/thumb/v7-m/nofp\libc_nano.a(lib_a-memcpy-stub.o)
                              ./Src/main.o (memcpy)
d:/st/stm32cubeide_1.8.0/stm32cubeide/plugins/com.st.stm32cube.ide.mcu.externaltools.gnu-tools-for-stm32.9-2020-q2-update.win32_2.0.0.202105311346/tools/bin/../lib/gcc/arm-none-eabi/9.3.1/../../../../arm-none-eabi/lib/thumb/v7-m/nofp\libc_nano.a(lib_a-memset.o)
                              d:/st/stm32cubeide_1.8.0/stm32cubeide/plugins/com.st.stm32cube.ide.mcu.externaltools.gnu-tools-for-stm32.9-2020-q2-update.win32_2.0.0.202105311346/tools/bin/../lib/gcc/arm-none-eabi/9.3.1/../../../../arm-none-eabi/lib/thumb/v7-m/nofp/crt0.o (memset)
d:/st/stm32cubeide_1.8.0/stm32cubeide/plugins/com.st.stm32cube.ide.mcu.externaltools.gnu-tools-for-stm32.9-2020-q2-update.win32_2.0.0.202105311346/tools/bin/../lib/gcc/arm-none-eabi/9.3.1/../../../../arm-none-eabi/lib/thumb/v7-m/nofp\libc_nano.a(lib_a-strlen.o)
                              ./Console/Console.o (strlen)
d:/st/stm32cubeide_1.8.0/stm32cubeide/plugins/com.st.stm32cube.ide.mcu.externaltools.gnu-tools-for-stm32.9-2020-q2-update.win32_2.0.0.202105311346/tools/bin/../lib/gcc/arm-none-eabi/9.3.1/../../../../arm-none-eabi/lib/thumb/v7-m/nofp\libc_nano.a(lib_a-vsprintf.o)
                              ./Console/Console.o (vsprintf)
d:/st/stm32cubeide_1.8.0/stm32cubeide/plugins/com.st.stm32cube.ide.mcu.externaltools.gnu-tools-for-stm32.9-2020-q2-update.win32_2.0.0.202105311346/tools/bin/../lib/gcc/arm-none-eabi/9.3.1/../../../../arm-none-eabi/lib/thumb/v7-m/nofp\libc_nano.a(lib_a-nano-svfprintf.o)
                              d:/st/stm32cubeide_1.8.0/stm32cubeide/plugins/com.st.stm32cube.ide.mcu.externaltools.gnu-tools-for-stm32.9-2020-q2-update.win32_2.0.0.202105311346/tools/bin/../lib/gcc/arm-none-eabi/9.3.1/../../../../arm-none-eabi/lib/thumb/v7-m/nofp\libc_nano.a(lib_a-vsprintf.o) (_svfprintf_r)
d:/st/stm32cubeide_1.8.0/stm32cubeide/plugins/com.st.stm32cube.ide.mcu.externaltools.gnu-tools-for-stm32.9-2020-q2-update.win32_2.0.0.202105311346/tools/bin/../lib/gcc/arm-none-eabi/9.3.1/../../../../arm-none-eabi/lib/thumb/v7-m/nofp\libc_nano.a(lib_a-nano-vfprintf_i.o)
                              d:/st/stm32cubeide_1.8.0/stm32cubeide/plugins/com.st.stm32cube.ide.mcu.externaltools.gnu-tools-for-stm32.9-2020-q2-update.win32_2.0.0.202105311346/tools/bin/../lib/gcc/arm-none-eabi/9.3.1/../../../../arm-none-eabi/lib/thumb/v7-m/nofp\libc_nano.a(lib_a-nano-svfprintf.o) (_printf_i)
d:/st/stm32cubeide_1.8.0/stm32cubeide/plugins/com.st.stm32cube.ide.mcu.externaltools.gnu-tools-for-stm32.9-2020-q2-update.win32_2.0.0.202105311346/tools/bin/../lib/gcc/arm-none-eabi/9.3.1/../../../../arm-none-eabi/lib/thumb/v7-m/nofp\libc_nano.a(lib_a-memchr-stub.o)
[...]
Memory Configuration

Name             Origin             Length             Attributes
RAM              0x0000000020000000 0x0000000000005000 xrw
FLASH            0x0000000008000000 0x0000000000010000 xr
*default*        0x0000000000000000 0xffffffffffffffff

Linker script and memory map

LOAD d:/st/stm32cubeide_1.8.0/stm32cubeide/plugins/com.st.stm32cube.ide.mcu.externaltools.gnu-tools-for-stm32.9-2020-q2-update.win32_2.0.0.202105311346/tools/bin/../lib/gcc/arm-none-eabi/9.3.1/thumb/v7-m/nofp/crti.o
LOAD d:/st/stm32cubeide_1.8.0/stm32cubeide/plugins/com.st.stm32cube.ide.mcu.externaltools.gnu-tools-for-stm32.9-2020-q2-update.win32_2.0.0.202105311346/tools/bin/../lib/gcc/arm-none-eabi/9.3.1/thumb/v7-m/nofp/crtbegin.o
LOAD d:/st/stm32cubeide_1.8.0/stm32cubeide/plugins/com.st.stm32cube.ide.mcu.externaltools.gnu-tools-for-stm32.9-2020-q2-update.win32_2.0.0.202105311346/tools/bin/../lib/gcc/arm-none-eabi/9.3.1/../../../../arm-none-eabi/lib/thumb/v7-m/nofp/crt0.o
LOAD ./CAN/CAN.o
LOAD ./CAN/CANOpen_V1.o
LOAD ./Console/Console.o
LOAD ./GPIO/GPIO.o
LOAD ./Src/main.o
LOAD ./Src/syscalls.o
LOAD ./Src/sysmem.o
LOAD ./Src/system_stm32f1xx.o
LOAD ./Startup/startup_stm32f103c8tx.o
START GROUP
LOAD d:/st/stm32cubeide_1.8.0/stm32cubeide/plugins/com.st.stm32cube.ide.mcu.externaltools.gnu-tools-for-stm32.9-2020-q2-update.win32_2.0.0.202105311346/tools/bin/../lib/gcc/arm-none-eabi/9.3.1/../../../../arm-none-eabi/lib/thumb/v7-m/nofp\libc_nano.a
LOAD d:/st/stm32cubeide_1.8.0/stm32cubeide/plugins/com.st.stm32cube.ide.mcu.externaltools.gnu-tools-for-stm32.9-2020-q2-update.win32_2.0.0.202105311346/tools/bin/../lib/gcc/arm-none-eabi/9.3.1/../../../../arm-none-eabi/lib/thumb/v7-m/nofp\libm.a
END GROUP
START GROUP
LOAD d:/st/stm32cubeide_1.8.0/stm32cubeide/plugins/com.st.stm32cube.ide.mcu.externaltools.gnu-tools-for-stm32.9-2020-q2-update.win32_2.0.0.202105311346/tools/bin/../lib/gcc/arm-none-eabi/9.3.1/thumb/v7-m/nofp\libgcc.a
LOAD d:/st/stm32cubeide_1.8.0/stm32cubeide/plugins/com.st.stm32cube.ide.mcu.externaltools.gnu-tools-for-stm32.9-2020-q2-update.win32_2.0.0.202105311346/tools/bin/../lib/gcc/arm-none-eabi/9.3.1/../../../../arm-none-eabi/lib/thumb/v7-m/nofp\libc_nano.a
END GROUP
START GROUP
LOAD d:/st/stm32cubeide_1.8.0/stm32cubeide/plugins/com.st.stm32cube.ide.mcu.externaltools.gnu-tools-for-stm32.9-2020-q2-update.win32_2.0.0.202105311346/tools/bin/../lib/gcc/arm-none-eabi/9.3.1/thumb/v7-m/nofp\libgcc.a
LOAD d:/st/stm32cubeide_1.8.0/stm32cubeide/plugins/com.st.stm32cube.ide.mcu.externaltools.gnu-tools-for-stm32.9-2020-q2-update.win32_2.0.0.202105311346/tools/bin/../lib/gcc/arm-none-eabi/9.3.1/../../../../arm-none-eabi/lib/thumb/v7-m/nofp\libc_nano.a
LOAD d:/st/stm32cubeide_1.8.0/stm32cubeide/plugins/com.st.stm32cube.ide.mcu.externaltools.gnu-tools-for-stm32.9-2020-q2-update.win32_2.0.0.202105311346/tools/bin/../lib/gcc/arm-none-eabi/9.3.1/../../../../arm-none-eabi/lib/thumb/v7-m/nofp\libnosys.a
END GROUP
START GROUP
LOAD d:/st/stm32cubeide_1.8.0/stm32cubeide/plugins/com.st.stm32cube.ide.mcu.externaltools.gnu-tools-for-stm32.9-2020-q2-update.win32_2.0.0.202105311346/tools/bin/../lib/gcc/arm-none-eabi/9.3.1/thumb/v7-m/nofp\libgcc.a
LOAD d:/st/stm32cubeide_1.8.0/stm32cubeide/plugins/com.st.stm32cube.ide.mcu.externaltools.gnu-tools-for-stm32.9-2020-q2-update.win32_2.0.0.202105311346/tools/bin/../lib/gcc/arm-none-eabi/9.3.1/../../../../arm-none-eabi/lib/thumb/v7-m/nofp\libc_nano.a
LOAD d:/st/stm32cubeide_1.8.0/stm32cubeide/plugins/com.st.stm32cube.ide.mcu.externaltools.gnu-tools-for-stm32.9-2020-q2-update.win32_2.0.0.202105311346/tools/bin/../lib/gcc/arm-none-eabi/9.3.1/../../../../arm-none-eabi/lib/thumb/v7-m/nofp\libnosys.a
END GROUP
LOAD d:/st/stm32cubeide_1.8.0/stm32cubeide/plugins/com.st.stm32cube.ide.mcu.externaltools.gnu-tools-for-stm32.9-2020-q2-update.win32_2.0.0.202105311346/tools/bin/../lib/gcc/arm-none-eabi/9.3.1/thumb/v7-m/nofp/crtend.o
LOAD d:/st/stm32cubeide_1.8.0/stm32cubeide/plugins/com.st.stm32cube.ide.mcu.externaltools.gnu-tools-for-stm32.9-2020-q2-update.win32_2.0.0.202105311346/tools/bin/../lib/gcc/arm-none-eabi/9.3.1/thumb/v7-m/nofp/crtn.o
                0x0000000020005000                _estack = (ORIGIN (RAM) + LENGTH (RAM))
                0x0000000000000200                _Min_Heap_Size = 0x200
                0x0000000000000400                _Min_Stack_Size = 0x400

.isr_vector     0x0000000008000000      0x130
                0x0000000008000000                . = ALIGN (0x4)
 *(.isr_vector)
 .isr_vector    0x0000000008000000      0x130 ./Startup/startup_stm32f103c8tx.o
                0x0000000008000000                g_pfnVectors
                0x0000000008000130                . = ALIGN (0x4)

.text           0x0000000008000130     0x19c0
                0x0000000008000130                . = ALIGN (0x4)
 *(.text)
 .text          0x0000000008000130       0x40 d:/st/stm32cubeide_1.8.0/stm32cubeide/plugins/com.st.stm32cube.ide.mcu.externaltools.gnu-tools-for-stm32.9-2020-q2-update.win32_2.0.0.202105311346/tools/bin/../lib/gcc/arm-none-eabi/9.3.1/thumb/v7-m/nofp/crtbegin.o
 .text          0x0000000008000170       0x10 d:/st/stm32cubeide_1.8.0/stm32cubeide/plugins/com.st.stm32cube.ide.mcu.externaltools.gnu-tools-for-stm32.9-2020-q2-update.win32_2.0.0.202105311346/tools/bin/../lib/gcc/arm-none-eabi/9.3.1/../../../../arm-none-eabi/lib/thumb/v7-m/nofp\libc_nano.a(lib_a-strlen.o)
                0x0000000008000170                strlen
 *(.text*)
 .text.CAN_Init
                0x0000000008000180      0x218 ./CAN/CAN.o
                0x0000000008000180                CAN_Init
 .text.CAN_Send_Payload
                0x0000000008000398      0x400 ./CAN/CAN.o
                0x0000000008000398                CAN_Send_Payload
 .text.CAN_Get_Payload
                0x0000000008000798      0x33c ./CAN/CAN.o
                0x0000000008000798                CAN_Get_Payload
 .text.Console_Init
                0x0000000008000ad4       0x78 ./Console/Console.o
                0x0000000008000ad4                Console_Init
 .text.printConsole
                0x0000000008000b4c       0x68 ./Console/Console.o
                0x0000000008000b4c                printConsole
 .text.GPIO_Pin_Setup
                0x0000000008000bb4      0x14c ./GPIO/GPIO.o
                0x0000000008000bb4                GPIO_Pin_Setup
 .text.SystemAPB1_Clock_Speed
                0x0000000008000d00       0x2c ./Src/main.o
 .text.SystemAPB2_Clock_Speed
                0x0000000008000d2c       0x2c ./Src/main.o
 .text.MCU_Clock_Init
                0x0000000008000d58      0x164 ./Src/main.o
 .text.Delay_Config
                0x0000000008000ebc       0x34 ./Src/main.o
 .text.main     0x0000000008000ef0      0x170 ./Src/main.o
                0x0000000008000ef0                main
 .text._sbrk    0x0000000008001060       0x6c ./Src/sysmem.o
                0x0000000008001060                _sbrk
 .text.SystemInit
                0x00000000080010cc        0xc ./Src/system_stm32f1xx.o
                0x00000000080010cc                SystemInit
 .text.SystemCoreClockUpdate
                0x00000000080010d8       0xe4 ./Src/system_stm32f1xx.o
                0x00000000080010d8                SystemCoreClockUpdate
 .text.Reset_Handler
                0x00000000080011bc       0x50 ./Startup/startup_stm32f103c8tx.o
                0x00000000080011bc                Reset_Handler
 .text.Default_Handler
                0x000000000800120c        0x2 ./Startup/startup_stm32f103c8tx.o
                0x000000000800120c                EXTI2_IRQHandler
                0x000000000800120c                TIM8_TRG_COM_IRQHandler
                0x000000000800120c                TIM8_CC_IRQHandler
                0x000000000800120c                DebugMon_Handler
                0x000000000800120c                TIM1_CC_IRQHandler
                0x000000000800120c                HardFault_Handler
                0x000000000800120c                TIM6_IRQHandler
                0x000000000800120c                SysTick_Handler
                0x000000000800120c                PVD_IRQHandler
                0x000000000800120c                SDIO_IRQHandler
                0x000000000800120c                PendSV_Handler
                0x000000000800120c                NMI_Handler
                0x000000000800120c                EXTI3_IRQHandler
                0x000000000800120c                USB_HP_CAN_TX_IRQHandler
                0x000000000800120c                EXTI0_IRQHandler
                0x000000000800120c                I2C2_EV_IRQHandler
                0x000000000800120c                UsageFault_Handler
                0x000000000800120c                ADC1_2_IRQHandler
                0x000000000800120c                SPI1_IRQHandler
                0x000000000800120c                CAN_SCE_IRQHandler
                0x000000000800120c                TAMPER_IRQHandler
                0x000000000800120c                TIM8_UP_IRQHandler
                0x000000000800120c                DMA2_Channel2_IRQHandler
                0x000000000800120c                DMA1_Channel4_IRQHandler
                0x000000000800120c                USART3_IRQHandler
                0x000000000800120c                RTC_IRQHandler
                0x000000000800120c                DMA1_Channel7_IRQHandler
                0x000000000800120c                UART5_IRQHandler
                0x000000000800120c                ADC3_IRQHandler
                0x000000000800120c                TIM4_IRQHandler
                0x000000000800120c                CAN_RX1_IRQHandler
                0x000000000800120c                DMA2_Channel1_IRQHandler
                0x000000000800120c                I2C1_EV_IRQHandler
                0x000000000800120c                DMA1_Channel6_IRQHandler
                0x000000000800120c                UART4_IRQHandler
                0x000000000800120c                TIM3_IRQHandler
                0x000000000800120c                RCC_IRQHandler
                0x000000000800120c                TIM1_TRG_COM_IRQHandler
                0x000000000800120c                DMA1_Channel1_IRQHandler
                0x000000000800120c                Default_Handler
                0x000000000800120c                EXTI15_10_IRQHandler
                0x000000000800120c                TIM7_IRQHandler
                0x000000000800120c                TIM5_IRQHandler
                0x000000000800120c                EXTI9_5_IRQHandler
                0x000000000800120c                SPI2_IRQHandler
                0x000000000800120c                USB_LP_CAN_RX0_IRQHandler
                0x000000000800120c                MemManage_Handler
                0x000000000800120c                SVC_Handler
                0x000000000800120c                DMA1_Channel5_IRQHandler
                0x000000000800120c                EXTI4_IRQHandler
                0x000000000800120c                DMA1_Channel3_IRQHandler
                0x000000000800120c                FSMC_IRQHandler
                0x000000000800120c                TIM1_UP_IRQHandler
                0x000000000800120c                WWDG_IRQHandler
                0x000000000800120c                TIM2_IRQHandler
                0x000000000800120c                TIM1_BRK_IRQHandler
                0x000000000800120c                EXTI1_IRQHandler
                0x000000000800120c                RTCAlarm_IRQHandler
                0x000000000800120c                DMA2_Channel4_5_IRQHandler
                0x000000000800120c                USART2_IRQHandler
                0x000000000800120c                I2C2_ER_IRQHandler
                0x000000000800120c                DMA1_Channel2_IRQHandler
                0x000000000800120c                TIM8_BRK_IRQHandler
                0x000000000800120c                FLASH_IRQHandler
                0x000000000800120c                BusFault_Handler
                0x000000000800120c                USART1_IRQHandler
                0x000000000800120c                SPI3_IRQHandler
                0x000000000800120c                I2C1_ER_IRQHandler
                0x000000000800120c                DMA2_Channel3_IRQHandler
 *fill*         0x000000000800120e        0x2 
 .text.__errno  0x0000000008001210        0xc d:/st/stm32cubeide_1.8.0/stm32cubeide/plugins/com.st.stm32cube.ide.mcu.externaltools.gnu-tools-for-stm32.9-2020-q2-update.win32_2.0.0.202105311346/tools/bin/../lib/gcc/arm-none-eabi/9.3.1/../../../../arm-none-eabi/lib/thumb/v7-m/nofp\libc_nano.a(lib_a-errno.o)
                0x0000000008001210                __errno
 .text.__libc_init_array
                0x000000000800121c       0x48 d:/st/stm32cubeide_1.8.0/stm32cubeide/plugins/com.st.stm32cube.ide.mcu.externaltools.gnu-tools-for-stm32.9-2020-q2-update.win32_2.0.0.202105311346/tools/bin/../lib/gcc/arm-none-eabi/9.3.1/../../../../arm-none-eabi/lib/thumb/v7-m/nofp\libc_nano.a(lib_a-init.o)
                0x000000000800121c                __libc_init_array
 .text.memcpy   0x0000000008001264       0x1c d:/st/stm32cubeide_1.8.0/stm32cubeide/plugins/com.st.stm32cube.ide.mcu.externaltools.gnu-tools-for-stm32.9-2020-q2-update.win32_2.0.0.202105311346/tools/bin/../lib/gcc/arm-none-eabi/9.3.1/../../../../arm-none-eabi/lib/thumb/v7-m/nofp\libc_nano.a(lib_a-memcpy-stub.o)
                0x0000000008001264                memcpy
 .text._vsprintf_r
                0x0000000008001280       0x2c d:/st/stm32cubeide_1.8.0/stm32cubeide/plugins/com.st.stm32cube.ide.mcu.externaltools.gnu-tools-for-stm32.9-2020-q2-update.win32_2.0.0.202105311346/tools/bin/../lib/gcc/arm-none-eabi/9.3.1/../../../../arm-none-eabi/lib/thumb/v7-m/nofp\libc_nano.a(lib_a-vsprintf.o)
                0x0000000008001280                _vsprintf_r
                0x0000000008001280                _vsiprintf_r
 .text.vsprintf
                0x00000000080012ac       0x14 d:/st/stm32cubeide_1.8.0/stm32cubeide/plugins/com.st.stm32cube.ide.mcu.externaltools.gnu-tools-for-stm32.9-2020-q2-update.win32_2.0.0.202105311346/tools/bin/../lib/gcc/arm-none-eabi/9.3.1/../../../../arm-none-eabi/lib/thumb/v7-m/nofp\libc_nano.a(lib_a-vsprintf.o)
                0x00000000080012ac                vsiprintf
                0x00000000080012ac                vsprintf
 .text.__ssputs_r
                0x00000000080012c0       0xb6 d:/st/stm32cubeide_1.8.0/stm32cubeide/plugins/com.st.stm32cube.ide.mcu.externaltools.gnu-tools-for-stm32.9-2020-q2-update.win32_2.0.0.202105311346/tools/bin/../lib/gcc/arm-none-eabi/9.3.1/../../../../arm-none-eabi/lib/thumb/v7-m/nofp\libc_nano.a(lib_a-nano-svfprintf.o)
                0x00000000080012c0                __ssputs_r
 *fill*         0x0000000008001376        0x2 
 .text._svfprintf_r
                0x0000000008001378      0x200 d:/st/stm32cubeide_1.8.0/stm32cubeide/plugins/com.st.stm32cube.ide.mcu.externaltools.gnu-tools-for-stm32.9-2020-q2-update.win32_2.0.0.202105311346/tools/bin/../lib/gcc/arm-none-eabi/9.3.1/../../../../arm-none-eabi/lib/thumb/v7-m/nofp\libc_nano.a(lib_a-nano-svfprintf.o)
                0x0000000008001378                _svfiprintf_r
                0x0000000008001378                _svfprintf_r
 .text._printf_common
                0x0000000008001578       0xde d:/st/stm32cubeide_1.8.0/stm32cubeide/plugins/com.st.stm32cube.ide.mcu.externaltools.gnu-tools-for-stm32.9-2020-q2-update.win32_2.0.0.202105311346/tools/bin/../lib/gcc/arm-none-eabi/9.3.1/../../../../arm-none-eabi/lib/thumb/v7-m/nofp\libc_nano.a(lib_a-nano-vfprintf_i.o)
                0x0000000008001578                _printf_common
 *fill*         0x0000000008001656        0x2 
 .text._printf_i
                0x0000000008001658      0x24c d:/st/stm32cubeide_1.8.0/stm32cubeide/plugins/com.st.stm32cube.ide.mcu.externaltools.gnu-tools-for-stm32.9-2020-q2-update.win32_2.0.0.202105311346/tools/bin/../lib/gcc/arm-none-eabi/9.3.1/../../../../arm-none-eabi/lib/thumb/v7-m/nofp\libc_nano.a(lib_a-nano-vfprintf_i.o)
                0x0000000008001658                _printf_i
 .text.memchr   0x00000000080018a4       0x1c d:/st/stm32cubeide_1.8.0/stm32cubeide/plugins/com.st.stm32cube.ide.mcu.externaltools.gnu-tools-for-stm32.9-2020-q2-update.win32_2.0.0.202105311346/tools/bin/../lib/gcc/arm-none-eabi/9.3.1/../../../../arm-none-eabi/lib/thumb/v7-m/nofp\libc_nano.a(lib_a-memchr-stub.o)
                0x00000000080018a4                memchr
 .text.memmove  0x00000000080018c0       0x34 d:/st/stm32cubeide_1.8.0/stm32cubeide/plugins/com.st.stm32cube.ide.mcu.externaltools.gnu-tools-for-stm32.9-2020-q2-update.win32_2.0.0.202105311346/tools/bin/../lib/gcc/arm-none-eabi/9.3.1/../../../../arm-none-eabi/lib/thumb/v7-m/nofp\libc_nano.a(lib_a-memmove.o)
                0x00000000080018c0                memmove
 .text._free_r  0x00000000080018f4       0x98 d:/st/stm32cubeide_1.8.0/stm32cubeide/plugins/com.st.stm32cube.ide.mcu.externaltools.gnu-tools-for-stm32.9-2020-q2-update.win32_2.0.0.202105311346/tools/bin/../lib/gcc/arm-none-eabi/9.3.1/../../../../arm-none-eabi/lib/thumb/v7-m/nofp\libc_nano.a(lib_a-nano-freer.o)
                0x00000000080018f4                _free_r
 .text._malloc_r
                0x000000000800198c       0xb4 d:/st/stm32cubeide_1.8.0/stm32cubeide/plugins/com.st.stm32cube.ide.mcu.externaltools.gnu-tools-for-stm32.9-2020-q2-update.win32_2.0.0.202105311346/tools/bin/../lib/gcc/arm-none-eabi/9.3.1/../../../../arm-none-eabi/lib/thumb/v7-m/nofp\libc_nano.a(lib_a-nano-mallocr.o)
                0x000000000800198c                _malloc_r
 .text._realloc_r
                0x0000000008001a40       0x4c d:/st/stm32cubeide_1.8.0/stm32cubeide/plugins/com.st.stm32cube.ide.mcu.externaltools.gnu-tools-for-stm32.9-2020-q2-update.win32_2.0.0.202105311346/tools/bin/../lib/gcc/arm-none-eabi/9.3.1/../../../../arm-none-eabi/lib/thumb/v7-m/nofp\libc_nano.a(lib_a-nano-reallocr.o)
                0x0000000008001a40                _realloc_r
 .text._sbrk_r  0x0000000008001a8c       0x20 d:/st/stm32cubeide_1.8.0/stm32cubeide/plugins/com.st.stm32cube.ide.mcu.externaltools.gnu-tools-for-stm32.9-2020-q2-update.win32_2.0.0.202105311346/tools/bin/../lib/gcc/arm-none-eabi/9.3.1/../../../../arm-none-eabi/lib/thumb/v7-m/nofp\libc_nano.a(lib_a-sbrkr.o)
                0x0000000008001a8c                _sbrk_r
 .text.__malloc_lock
                0x0000000008001aac        0xc d:/st/stm32cubeide_1.8.0/stm32cubeide/plugins/com.st.stm32cube.ide.mcu.externaltools.gnu-tools-for-stm32.9-2020-q2-update.win32_2.0.0.202105311346/tools/bin/../lib/gcc/arm-none-eabi/9.3.1/../../../../arm-none-eabi/lib/thumb/v7-m/nofp\libc_nano.a(lib_a-mlock.o)
                0x0000000008001aac                __malloc_lock
 .text.__malloc_unlock
                0x0000000008001ab8        0xc d:/st/stm32cubeide_1.8.0/stm32cubeide/plugins/com.st.stm32cube.ide.mcu.externaltools.gnu-tools-for-stm32.9-2020-q2-update.win32_2.0.0.202105311346/tools/bin/../lib/gcc/arm-none-eabi/9.3.1/../../../../arm-none-eabi/lib/thumb/v7-m/nofp\libc_nano.a(lib_a-mlock.o)
                0x0000000008001ab8                __malloc_unlock
 .text._malloc_usable_size_r
                0x0000000008001ac4       0x10 d:/st/stm32cubeide_1.8.0/stm32cubeide/plugins/com.st.stm32cube.ide.mcu.externaltools.gnu-tools-for-stm32.9-2020-q2-update.win32_2.0.0.202105311346/tools/bin/../lib/gcc/arm-none-eabi/9.3.1/../../../../arm-none-eabi/lib/thumb/v7-m/nofp\libc_nano.a(lib_a-nano-msizer.o)
                0x0000000008001ac4                _malloc_usable_size_r
 .text.__retarget_lock_acquire_recursive
                0x0000000008001ad4        0x2 d:/st/stm32cubeide_1.8.0/stm32cubeide/plugins/com.st.stm32cube.ide.mcu.externaltools.gnu-tools-for-stm32.9-2020-q2-update.win32_2.0.0.202105311346/tools/bin/../lib/gcc/arm-none-eabi/9.3.1/../../../../arm-none-eabi/lib/thumb/v7-m/nofp\libc_nano.a(lib_a-lock.o)
                0x0000000008001ad4                __retarget_lock_acquire_recursive
 .text.__retarget_lock_release_recursive
                0x0000000008001ad6        0x2 d:/st/stm32cubeide_1.8.0/stm32cubeide/plugins/com.st.stm32cube.ide.mcu.externaltools.gnu-tools-for-stm32.9-2020-q2-update.win32_2.0.0.202105311346/tools/bin/../lib/gcc/arm-none-eabi/9.3.1/../../../../arm-none-eabi/lib/thumb/v7-m/nofp\libc_nano.a(lib_a-lock.o)
                0x0000000008001ad6                __retarget_lock_release_recursive
 *(.glue_7)
 .glue_7        0x0000000008001ad8        0x0 linker stubs
 *(.glue_7t)
 .glue_7t       0x0000000008001ad8        0x0 linker stubs
 *(.eh_frame)
 .eh_frame      0x0000000008001ad8        0x0 d:/st/stm32cubeide_1.8.0/stm32cubeide/plugins/com.st.stm32cube.ide.mcu.externaltools.gnu-tools-for-stm32.9-2020-q2-update.win32_2.0.0.202105311346/tools/bin/../lib/gcc/arm-none-eabi/9.3.1/thumb/v7-m/nofp/crtbegin.o
 *(.init)
 .init          0x0000000008001ad8        0x4 d:/st/stm32cubeide_1.8.0/stm32cubeide/plugins/com.st.stm32cube.ide.mcu.externaltools.gnu-tools-for-stm32.9-2020-q2-update.win32_2.0.0.202105311346/tools/bin/../lib/gcc/arm-none-eabi/9.3.1/thumb/v7-m/nofp/crti.o
                0x0000000008001ad8                _init
 .init          0x0000000008001adc        0x8 d:/st/stm32cubeide_1.8.0/stm32cubeide/plugins/com.st.stm32cube.ide.mcu.externaltools.gnu-tools-for-stm32.9-2020-q2-update.win32_2.0.0.202105311346/tools/bin/../lib/gcc/arm-none-eabi/9.3.1/thumb/v7-m/nofp/crtn.o
 *(.fini)
 .fini          0x0000000008001ae4        0x4 d:/st/stm32cubeide_1.8.0/stm32cubeide/plugins/com.st.stm32cube.ide.mcu.externaltools.gnu-tools-for-stm32.9-2020-q2-update.win32_2.0.0.202105311346/tools/bin/../lib/gcc/arm-none-eabi/9.3.1/thumb/v7-m/nofp/crti.o
                0x0000000008001ae4                _fini
 .fini          0x0000000008001ae8        0x8 d:/st/stm32cubeide_1.8.0/stm32cubeide/plugins/com.st.stm32cube.ide.mcu.externaltools.gnu-tools-for-stm32.9-2020-q2-update.win32_2.0.0.202105311346/tools/bin/../lib/gcc/arm-none-eabi/9.3.1/thumb/v7-m/nofp/crtn.o
                0x0000000008001af0                . = ALIGN (0x4)
                0x0000000008001af0                _etext = .

.vfp11_veneer   0x0000000008001af0        0x0
 .vfp11_veneer  0x0000000008001af0        0x0 linker stubs

.v4_bx          0x0000000008001af0        0x0
 .v4_bx         0x0000000008001af0        0x0 linker stubs

.iplt           0x0000000008001af0        0x0
 .iplt          0x0000000008001af0        0x0 d:/st/stm32cubeide_1.8.0/stm32cubeide/plugins/com.st.stm32cube.ide.mcu.externaltools.gnu-tools-for-stm32.9-2020-q2-update.win32_2.0.0.202105311346/tools/bin/../lib/gcc/arm-none-eabi/9.3.1/thumb/v7-m/nofp/crtbegin.o

.rodata         0x0000000008001af0       0x94
                0x0000000008001af0                . = ALIGN (0x4)
 *(.rodata)
 .rodata        0x0000000008001af0       0x47 ./Src/main.o
 *(.rodata*)
 *fill*         0x0000000008001b37        0x1 
 .rodata.AHBPrescTable
                0x0000000008001b38       0x10 ./Src/system_stm32f1xx.o
                0x0000000008001b38                AHBPrescTable
 .rodata.APBPrescTable
                0x0000000008001b48        0x8 ./Src/system_stm32f1xx.o
                0x0000000008001b48                APBPrescTable
 .rodata._svfprintf_r.str1.1
                0x0000000008001b50       0x11 d:/st/stm32cubeide_1.8.0/stm32cubeide/plugins/com.st.stm32cube.ide.mcu.externaltools.gnu-tools-for-stm32.9-2020-q2-update.win32_2.0.0.202105311346/tools/bin/../lib/gcc/arm-none-eabi/9.3.1/../../../../arm-none-eabi/lib/thumb/v7-m/nofp\libc_nano.a(lib_a-nano-svfprintf.o)
 .rodata._printf_i.str1.1
                0x0000000008001b61       0x22 d:/st/stm32cubeide_1.8.0/stm32cubeide/plugins/com.st.stm32cube.ide.mcu.externaltools.gnu-tools-for-stm32.9-2020-q2-update.win32_2.0.0.202105311346/tools/bin/../lib/gcc/arm-none-eabi/9.3.1/../../../../arm-none-eabi/lib/thumb/v7-m/nofp\libc_nano.a(lib_a-nano-vfprintf_i.o)
                0x0000000008001b84                . = ALIGN (0x4)
 *fill*         0x0000000008001b83        0x1 

.rel.dyn        0x0000000008001b84        0x0
 .rel.iplt      0x0000000008001b84        0x0 d:/st/stm32cubeide_1.8.0/stm32cubeide/plugins/com.st.stm32cube.ide.mcu.externaltools.gnu-tools-for-stm32.9-2020-q2-update.win32_2.0.0.202105311346/tools/bin/../lib/gcc/arm-none-eabi/9.3.1/thumb/v7-m/nofp/crtbegin.o

.ARM.extab      0x0000000008001b84        0x0
                0x0000000008001b84                . = ALIGN (0x4)
 *(.ARM.extab* .gnu.linkonce.armextab.*)
                0x0000000008001b84                . = ALIGN (0x4)

.ARM            0x0000000008001b84        0x0
                0x0000000008001b84                . = ALIGN (0x4)
                0x0000000008001b84                __exidx_start = .
 *(.ARM.exidx*)
                0x0000000008001b84                __exidx_end = .
                0x0000000008001b84                . = ALIGN (0x4)

.preinit_array  0x0000000008001b84        0x0
                0x0000000008001b84                . = ALIGN (0x4)
                0x0000000008001b84                PROVIDE (__preinit_array_start = .)
 *(.preinit_array*)
                0x0000000008001b84                PROVIDE (__preinit_array_end = .)
                0x0000000008001b84                . = ALIGN (0x4)

.init_array     0x0000000008001b84        0x4
                0x0000000008001b84                . = ALIGN (0x4)
                0x0000000008001b84                PROVIDE (__init_array_start = .)
 *(SORT_BY_NAME(.init_array.*))
 *(.init_array*)
 .init_array    0x0000000008001b84        0x4 d:/st/stm32cubeide_1.8.0/stm32cubeide/plugins/com.st.stm32cube.ide.mcu.externaltools.gnu-tools-for-stm32.9-2020-q2-update.win32_2.0.0.202105311346/tools/bin/../lib/gcc/arm-none-eabi/9.3.1/thumb/v7-m/nofp/crtbegin.o
                0x0000000008001b88                PROVIDE (__init_array_end = .)
                0x0000000008001b88                . = ALIGN (0x4)

.fini_array     0x0000000008001b88        0x4
                0x0000000008001b88                . = ALIGN (0x4)
                [!provide]                        PROVIDE (__fini_array_start = .)
 *(SORT_BY_NAME(.fini_array.*))
 *(.fini_array*)
 .fini_array    0x0000000008001b88        0x4 d:/st/stm32cubeide_1.8.0/stm32cubeide/plugins/com.st.stm32cube.ide.mcu.externaltools.gnu-tools-for-stm32.9-2020-q2-update.win32_2.0.0.202105311346/tools/bin/../lib/gcc/arm-none-eabi/9.3.1/thumb/v7-m/nofp/crtbegin.o
                [!provide]                        PROVIDE (__fini_array_end = .)
                0x0000000008001b8c                . = ALIGN (0x4)
                0x0000000008001b8c                _sidata = LOADADDR (.data)

.data           0x0000000020000000       0x68 load address 0x0000000008001b8c
                0x0000000020000000                . = ALIGN (0x4)
                0x0000000020000000                _sdata = .
 *(.data)
 *(.data*)
 .data.SystemCoreClock
                0x0000000020000000        0x4 ./Src/system_stm32f1xx.o
                0x0000000020000000                SystemCoreClock
 .data._impure_ptr
                0x0000000020000004        0x4 d:/st/stm32cubeide_1.8.0/stm32cubeide/plugins/com.st.stm32cube.ide.mcu.externaltools.gnu-tools-for-stm32.9-2020-q2-update.win32_2.0.0.202105311346/tools/bin/../lib/gcc/arm-none-eabi/9.3.1/../../../../arm-none-eabi/lib/thumb/v7-m/nofp\libc_nano.a(lib_a-impure.o)
                0x0000000020000004                _impure_ptr
 .data.impure_data
                0x0000000020000008       0x60 d:/st/stm32cubeide_1.8.0/stm32cubeide/plugins/com.st.stm32cube.ide.mcu.externaltools.gnu-tools-for-stm32.9-2020-q2-update.win32_2.0.0.202105311346/tools/bin/../lib/gcc/arm-none-eabi/9.3.1/../../../../arm-none-eabi/lib/thumb/v7-m/nofp\libc_nano.a(lib_a-impure.o)
 *(.RamFunc)
 *(.RamFunc*)
                0x0000000020000068                . = ALIGN (0x4)
                0x0000000020000068                _edata = .

.igot.plt       0x0000000020000068        0x0 load address 0x0000000008001bf4
 .igot.plt      0x0000000020000068        0x0 d:/st/stm32cubeide_1.8.0/stm32cubeide/plugins/com.st.stm32cube.ide.mcu.externaltools.gnu-tools-for-stm32.9-2020-q2-update.win32_2.0.0.202105311346/tools/bin/../lib/gcc/arm-none-eabi/9.3.1/thumb/v7-m/nofp/crtbegin.o
                0x0000000020000068                . = ALIGN (0x4)

.bss            0x0000000020000068      0x4ec load address 0x0000000008001bf4
                0x0000000020000068                _sbss = .
                0x0000000020000068                __bss_start__ = _sbss
 *(.bss)
 .bss           0x0000000020000068       0x1c d:/st/stm32cubeide_1.8.0/stm32cubeide/plugins/com.st.stm32cube.ide.mcu.externaltools.gnu-tools-for-stm32.9-2020-q2-update.win32_2.0.0.202105311346/tools/bin/../lib/gcc/arm-none-eabi/9.3.1/thumb/v7-m/nofp/crtbegin.o
 *(.bss*)
 .bss.__sbrk_heap_end
                0x0000000020000084        0x4 ./Src/sysmem.o
 .bss.__malloc_free_list
                0x0000000020000088        0x4 d:/st/stm32cubeide_1.8.0/stm32cubeide/plugins/com.st.stm32cube.ide.mcu.externaltools.gnu-tools-for-stm32.9-2020-q2-update.win32_2.0.0.202105311346/tools/bin/../lib/gcc/arm-none-eabi/9.3.1/../../../../arm-none-eabi/lib/thumb/v7-m/nofp\libc_nano.a(lib_a-nano-mallocr.o)
                0x0000000020000088                __malloc_free_list
 .bss.__malloc_sbrk_start
                0x000000002000008c        0x4 d:/st/stm32cubeide_1.8.0/stm32cubeide/plugins/com.st.stm32cube.ide.mcu.externaltools.gnu-tools-for-stm32.9-2020-q2-update.win32_2.0.0.202105311346/tools/bin/../lib/gcc/arm-none-eabi/9.3.1/../../../../arm-none-eabi/lib/thumb/v7-m/nofp\libc_nano.a(lib_a-nano-mallocr.o)
                0x000000002000008c                __malloc_sbrk_start
 *(COMMON)
 COMMON         0x0000000020000090       0x78 ./CAN/CAN.o
                0x0000000020000090                APB2CLK_SPEED
                0x0000000020000094                RX_Mailbox_1
                0x00000000200000cc                APB1CLK_SPEED
                0x00000000200000d0                RX_Mailbox_2
 COMMON         0x0000000020000108      0x3e8 ./Console/Console.o
                0x0000000020000108                buff
 COMMON         0x00000000200004f0       0x54 ./Src/main.o
                0x00000000200004f0                payload
 COMMON         0x0000000020000544        0x4 d:/st/stm32cubeide_1.8.0/stm32cubeide/plugins/com.st.stm32cube.ide.mcu.externaltools.gnu-tools-for-stm32.9-2020-q2-update.win32_2.0.0.202105311346/tools/bin/../lib/gcc/arm-none-eabi/9.3.1/../../../../arm-none-eabi/lib/thumb/v7-m/nofp\libc_nano.a(lib_a-reent.o)
                0x0000000020000544                errno
 COMMON         0x0000000020000548        0x9 d:/st/stm32cubeide_1.8.0/stm32cubeide/plugins/com.st.stm32cube.ide.mcu.externaltools.gnu-tools-for-stm32.9-2020-q2-update.win32_2.0.0.202105311346/tools/bin/../lib/gcc/arm-none-eabi/9.3.1/../../../../arm-none-eabi/lib/thumb/v7-m/nofp\libc_nano.a(lib_a-lock.o)
                0x0000000020000548                __lock___atexit_recursive_mutex
                0x0000000020000549                __lock___arc4random_mutex
                0x000000002000054a                __lock___env_recursive_mutex
                0x000000002000054b                __lock___sinit_recursive_mutex
                0x000000002000054c                __lock___malloc_recursive_mutex
                0x000000002000054d                __lock___at_quick_exit_mutex
                0x000000002000054e                __lock___dd_hash_mutex
                0x000000002000054f                __lock___tz_mutex
                0x0000000020000550                __lock___sfp_recursive_mutex
                0x0000000020000554                . = ALIGN (0x4)
 *fill*         0x0000000020000551        0x3 
                0x0000000020000554                _ebss = .
                0x0000000020000554                __bss_end__ = _ebss

._user_heap_stack
                0x0000000020000554      0x604 load address 0x0000000008001bf4
                0x0000000020000558                . = ALIGN (0x8)
 *fill*         0x0000000020000554        0x4 
                [!provide]                        PROVIDE (end = .)
                0x0000000020000558                PROVIDE (_end = .)
                0x0000000020000758                . = (. + _Min_Heap_Size)
 *fill*         0x0000000020000558      0x200 
                0x0000000020000b58                . = (. + _Min_Stack_Size)
 *fill*         0x0000000020000758      0x400 
                0x0000000020000b58                . = ALIGN (0x8)

/DISCARD/
 libc.a(*)
 libm.a(*)
 libgcc.a(*)

.ARM.attributes
                0x0000000000000000       0x29
 *(.ARM.attributes)
 .ARM.attributes
                0x0000000000000000       0x1d d:/st/stm32cubeide_1.8.0/stm32cubeide/plugins/com.st.stm32cube.ide.mcu.externaltools.gnu-tools-for-stm32.9-2020-q2-update.win32_2.0.0.202105311346/tools/bin/../lib/gcc/arm-none-eabi/9.3.1/thumb/v7-m/nofp/crti.o
 .ARM.attributes
                0x000000000000001d       0x2d d:/st/stm32cubeide_1.8.0/stm32cubeide/plugins/com.st.stm32cube.ide.mcu.externaltools.gnu-tools-for-stm32.9-2020-q2-update.win32_2.0.0.202105311346/tools/bin/../lib/gcc/arm-none-eabi/9.3.1/thumb/v7-m/nofp/crtbegin.o
 .ARM.attributes
                0x000000000000004a       0x2d ./CAN/CAN.o
 .ARM.attributes
                0x0000000000000077       0x2d ./Console/Console.o
 .ARM.attributes
                0x00000000000000a4       0x2d ./GPIO/GPIO.o
 .ARM.attributes
                0x00000000000000d1       0x2d ./Src/main.o
 .ARM.attributes
                0x00000000000000fe       0x2d ./Src/sysmem.o
 .ARM.attributes
                0x000000000000012b       0x2d ./Src/system_stm32f1xx.o
 .ARM.attributes
                0x0000000000000158       0x21 ./Startup/startup_stm32f103c8tx.o
 .ARM.attributes
                0x0000000000000179       0x2d d:/st/stm32cubeide_1.8.0/stm32cubeide/plugins/com.st.stm32cube.ide.mcu.externaltools.gnu-tools-for-stm32.9-2020-q2-update.win32_2.0.0.202105311346/tools/bin/../lib/gcc/arm-none-eabi/9.3.1/../../../../arm-none-eabi/lib/thumb/v7-m/nofp\libc_nano.a(lib_a-errno.o)
 .ARM.attributes
                0x00000000000001a6       0x2d d:/st/stm32cubeide_1.8.0/stm32cubeide/plugins/com.st.stm32cube.ide.mcu.externaltools.gnu-tools-for-stm32.9-2020-q2-update.win32_2.0.0.202105311346/tools/bin/../lib/gcc/arm-none-eabi/9.3.1/../../../../arm-none-eabi/lib/thumb/v7-m/nofp\libc_nano.a(lib_a-impure.o)
 .ARM.attributes
                0x00000000000001d3       0x2d d:/st/stm32cubeide_1.8.0/stm32cubeide/plugins/com.st.stm32cube.ide.mcu.externaltools.gnu-tools-for-stm32.9-2020-q2-update.win32_2.0.0.202105311346/tools/bin/../lib/gcc/arm-none-eabi/9.3.1/../../../../arm-none-eabi/lib/thumb/v7-m/nofp\libc_nano.a(lib_a-init.o)
 .ARM.attributes
                0x0000000000000200       0x2d d:/st/stm32cubeide_1.8.0/stm32cubeide/plugins/com.st.stm32cube.ide.mcu.externaltools.gnu-tools-for-stm32.9-2020-q2-update.win32_2.0.0.202105311346/tools/bin/../lib/gcc/arm-none-eabi/9.3.1/../../../../arm-none-eabi/lib/thumb/v7-m/nofp\libc_nano.a(lib_a-memcpy-stub.o)
 .ARM.attributes
                0x000000000000022d       0x17 d:/st/stm32cubeide_1.8.0/stm32cubeide/plugins/com.st.stm32cube.ide.mcu.externaltools.gnu-tools-for-stm32.9-2020-q2-update.win32_2.0.0.202105311346/tools/bin/../lib/gcc/arm-none-eabi/9.3.1/../../../../arm-none-eabi/lib/thumb/v7-m/nofp\libc_nano.a(lib_a-strlen.o)
 .ARM.attributes
                0x0000000000000244       0x2d d:/st/stm32cubeide_1.8.0/stm32cubeide/plugins/com.st.stm32cube.ide.mcu.externaltools.gnu-tools-for-stm32.9-2020-q2-update.win32_2.0.0.202105311346/tools/bin/../lib/gcc/arm-none-eabi/9.3.1/../../../../arm-none-eabi/lib/thumb/v7-m/nofp\libc_nano.a(lib_a-vsprintf.o)
 .ARM.attributes
                0x0000000000000271       0x2d d:/st/stm32cubeide_1.8.0/stm32cubeide/plugins/com.st.stm32cube.ide.mcu.externaltools.gnu-tools-for-stm32.9-2020-q2-update.win32_2.0.0.202105311346/tools/bin/../lib/gcc/arm-none-eabi/9.3.1/../../../../arm-none-eabi/lib/thumb/v7-m/nofp\libc_nano.a(lib_a-nano-svfprintf.o)
 .ARM.attributes
                0x000000000000029e       0x2d d:/st/stm32cubeide_1.8.0/stm32cubeide/plugins/com.st.stm32cube.ide.mcu.externaltools.gnu-tools-for-stm32.9-2020-q2-update.win32_2.0.0.202105311346/tools/bin/../lib/gcc/arm-none-eabi/9.3.1/../../../../arm-none-eabi/lib/thumb/v7-m/nofp\libc_nano.a(lib_a-nano-vfprintf_i.o)
 .ARM.attributes
                0x00000000000002cb       0x2d d:/st/stm32cubeide_1.8.0/stm32cubeide/plugins/com.st.stm32cube.ide.mcu.externaltools.gnu-tools-for-stm32.9-2020-q2-update.win32_2.0.0.202105311346/tools/bin/../lib/gcc/arm-none-eabi/9.3.1/../../../../arm-none-eabi/lib/thumb/v7-m/nofp\libc_nano.a(lib_a-memchr-stub.o)
 .ARM.attributes
                0x00000000000002f8       0x2d d:/st/stm32cubeide_1.8.0/stm32cubeide/plugins/com.st.stm32cube.ide.mcu.externaltools.gnu-tools-for-stm32.9-2020-q2-update.win32_2.0.0.202105311346/tools/bin/../lib/gcc/arm-none-eabi/9.3.1/../../../../arm-none-eabi/lib/thumb/v7-m/nofp\libc_nano.a(lib_a-memmove.o)
 .ARM.attributes
                0x0000000000000325       0x2d d:/st/stm32cubeide_1.8.0/stm32cubeide/plugins/com.st.stm32cube.ide.mcu.externaltools.gnu-tools-for-stm32.9-2020-q2-update.win32_2.0.0.202105311346/tools/bin/../lib/gcc/arm-none-eabi/9.3.1/../../../../arm-none-eabi/lib/thumb/v7-m/nofp\libc_nano.a(lib_a-nano-freer.o)
 .ARM.attributes
                0x0000000000000352       0x2d d:/st/stm32cubeide_1.8.0/stm32cubeide/plugins/com.st.stm32cube.ide.mcu.externaltools.gnu-tools-for-stm32.9-2020-q2-update.win32_2.0.0.202105311346/tools/bin/../lib/gcc/arm-none-eabi/9.3.1/../../../../arm-none-eabi/lib/thumb/v7-m/nofp\libc_nano.a(lib_a-nano-mallocr.o)
 .ARM.attributes
                0x000000000000037f       0x2d d:/st/stm32cubeide_1.8.0/stm32cubeide/plugins/com.st.stm32cube.ide.mcu.externaltools.gnu-tools-for-stm32.9-2020-q2-update.win32_2.0.0.202105311346/tools/bin/../lib/gcc/arm-none-eabi/9.3.1/../../../../arm-none-eabi/lib/thumb/v7-m/nofp\libc_nano.a(lib_a-nano-reallocr.o)
 .ARM.attributes
                0x00000000000003ac       0x2d d:/st/stm32cubeide_1.8.0/stm32cubeide/plugins/com.st.stm32cube.ide.mcu.externaltools.gnu-tools-for-stm32.9-2020-q2-update.win32_2.0.0.202105311346/tools/bin/../lib/gcc/arm-none-eabi/9.3.1/../../../../arm-none-eabi/lib/thumb/v7-m/nofp\libc_nano.a(lib_a-sbrkr.o)
 .ARM.attributes
                0x00000000000003d9       0x2d d:/st/stm32cubeide_1.8.0/stm32cubeide/plugins/com.st.stm32cube.ide.mcu.externaltools.gnu-tools-for-stm32.9-2020-q2-update.win32_2.0.0.202105311346/tools/bin/../lib/gcc/arm-none-eabi/9.3.1/../../../../arm-none-eabi/lib/thumb/v7-m/nofp\libc_nano.a(lib_a-mlock.o)
 .ARM.attributes
                0x0000000000000406       0x2d d:/st/stm32cubeide_1.8.0/stm32cubeide/plugins/com.st.stm32cube.ide.mcu.externaltools.gnu-tools-for-stm32.9-2020-q2-update.win32_2.0.0.202105311346/tools/bin/../lib/gcc/arm-none-eabi/9.3.1/../../../../arm-none-eabi/lib/thumb/v7-m/nofp\libc_nano.a(lib_a-nano-msizer.o)
 .ARM.attributes
                0x0000000000000433       0x2d d:/st/stm32cubeide_1.8.0/stm32cubeide/plugins/com.st.stm32cube.ide.mcu.externaltools.gnu-tools-for-stm32.9-2020-q2-update.win32_2.0.0.202105311346/tools/bin/../lib/gcc/arm-none-eabi/9.3.1/../../../../arm-none-eabi/lib/thumb/v7-m/nofp\libc_nano.a(lib_a-reent.o)
 .ARM.attributes
                0x0000000000000460       0x2d d:/st/stm32cubeide_1.8.0/stm32cubeide/plugins/com.st.stm32cube.ide.mcu.externaltools.gnu-tools-for-stm32.9-2020-q2-update.win32_2.0.0.202105311346/tools/bin/../lib/gcc/arm-none-eabi/9.3.1/../../../../arm-none-eabi/lib/thumb/v7-m/nofp\libc_nano.a(lib_a-lock.o)
 .ARM.attributes
                0x000000000000048d       0x1d d:/st/stm32cubeide_1.8.0/stm32cubeide/plugins/com.st.stm32cube.ide.mcu.externaltools.gnu-tools-for-stm32.9-2020-q2-update.win32_2.0.0.202105311346/tools/bin/../lib/gcc/arm-none-eabi/9.3.1/thumb/v7-m/nofp/crtn.o
OUTPUT(CAN_Driver.elf elf32-littlearm)
LOAD linker stubs
LOAD d:/st/stm32cubeide_1.8.0/stm32cubeide/plugins/com.st.stm32cube.ide.mcu.externaltools.gnu-tools-for-stm32.9-2020-q2-update.win32_2.0.0.202105311346/tools/bin/../lib/gcc/arm-none-eabi/9.3.1/../../../../arm-none-eabi/lib/thumb/v7-m/nofp\libc.a
LOAD d:/st/stm32cubeide_1.8.0/stm32cubeide/plugins/com.st.stm32cube.ide.mcu.externaltools.gnu-tools-for-stm32.9-2020-q2-update.win32_2.0.0.202105311346/tools/bin/../lib/gcc/arm-none-eabi/9.3.1/../../../../arm-none-eabi/lib/thumb/v7-m/nofp\libm.a
LOAD d:/st/stm32cubeide_1.8.0/stm32cubeide/plugins/com.st.stm32cube.ide.mcu.externaltools.gnu-tools-for-stm32.9-2020-q2-update.win32_2.0.0.202105311346/tools/bin/../lib/gcc/arm-none-eabi/9.3.1/thumb/v7-m/nofp\libgcc.a

.debug_info     0x0000000000000000     0x481a
 .debug_info    0x0000000000000000     0x1034 ./CAN/CAN.o
 .debug_info    0x0000000000001034      0xc51 ./Console/Console.o
 .debug_info    0x0000000000001c85     0x109e ./GPIO/GPIO.o
 .debug_info    0x0000000000002d23      0xe50 ./Src/main.o
 .debug_info    0x0000000000003b73      0xa25 ./Src/sysmem.o
 .debug_info    0x0000000000004598      0x260 ./Src/system_stm32f1xx.o
 .debug_info    0x00000000000047f8       0x22 ./Startup/startup_stm32f103c8tx.o

.debug_abbrev   0x0000000000000000      0xd08
 .debug_abbrev  0x0000000000000000      0x2c0 ./CAN/CAN.o
 .debug_abbrev  0x00000000000002c0      0x250 ./Console/Console.o
 .debug_abbrev  0x0000000000000510      0x29f ./GPIO/GPIO.o
 .debug_abbrev  0x00000000000007af      0x23a ./Src/main.o
 .debug_abbrev  0x00000000000009e9      0x1bf ./Src/sysmem.o
 .debug_abbrev  0x0000000000000ba8      0x14e ./Src/system_stm32f1xx.o
 .debug_abbrev  0x0000000000000cf6       0x12 ./Startup/startup_stm32f103c8tx.o

.debug_aranges  0x0000000000000000      0x150
 .debug_aranges
                0x0000000000000000       0x38 ./CAN/CAN.o
 .debug_aranges
                0x0000000000000038       0x28 ./Console/Console.o
 .debug_aranges
                0x0000000000000060       0x38 ./GPIO/GPIO.o
 .debug_aranges
                0x0000000000000098       0x48 ./Src/main.o
 .debug_aranges
                0x00000000000000e0       0x20 ./Src/sysmem.o
 .debug_aranges
                0x0000000000000100       0x28 ./Src/system_stm32f1xx.o
 .debug_aranges
                0x0000000000000128       0x28 ./Startup/startup_stm32f103c8tx.o

.debug_ranges   0x0000000000000000       0xe8
 .debug_ranges  0x0000000000000000       0x28 ./CAN/CAN.o
 .debug_ranges  0x0000000000000028       0x18 ./Console/Console.o
 .debug_ranges  0x0000000000000040       0x28 ./GPIO/GPIO.o
 .debug_ranges  0x0000000000000068       0x38 ./Src/main.o
 .debug_ranges  0x00000000000000a0       0x10 ./Src/sysmem.o
 .debug_ranges  0x00000000000000b0       0x18 ./Src/system_stm32f1xx.o
 .debug_ranges  0x00000000000000c8       0x20 ./Startup/startup_stm32f103c8tx.o

.debug_macro    0x0000000000000000    0x12125
 .debug_macro   0x0000000000000000      0x2cd ./CAN/CAN.o
 .debug_macro   0x00000000000002cd      0xaa2 ./CAN/CAN.o
 .debug_macro   0x0000000000000d6f       0x22 ./CAN/CAN.o
 .debug_macro   0x0000000000000d91       0x8e ./CAN/CAN.o
 .debug_macro   0x0000000000000e1f       0x51 ./CAN/CAN.o
 .debug_macro   0x0000000000000e70      0x103 ./CAN/CAN.o
 .debug_macro   0x0000000000000f73       0x6a ./CAN/CAN.o
 .debug_macro   0x0000000000000fdd      0x1df ./CAN/CAN.o
 .debug_macro   0x00000000000011bc       0x22 ./CAN/CAN.o
 .debug_macro   0x00000000000011de       0x1c ./CAN/CAN.o
 .debug_macro   0x00000000000011fa       0x22 ./CAN/CAN.o
 .debug_macro   0x000000000000121c       0xc3 ./CAN/CAN.o
 .debug_macro   0x00000000000012df      0xd23 ./CAN/CAN.o
 .debug_macro   0x0000000000002002     0xe09e ./CAN/CAN.o
 .debug_macro   0x00000000000100a0       0x97 ./CAN/CAN.o
 .debug_macro   0x0000000000010137       0x52 ./CAN/CAN.o
 .debug_macro   0x0000000000010189       0x18 ./CAN/CAN.o
 .debug_macro   0x00000000000101a1       0x3c ./CAN/CAN.o
 .debug_macro   0x00000000000101dd       0x34 ./CAN/CAN.o
 .debug_macro   0x0000000000010211      0x174 ./CAN/CAN.o
 .debug_macro   0x0000000000010385       0x16 ./CAN/CAN.o
 .debug_macro   0x000000000001039b       0x43 ./CAN/CAN.o
 .debug_macro   0x00000000000103de       0x34 ./CAN/CAN.o
 .debug_macro   0x0000000000010412       0x10 ./CAN/CAN.o
 .debug_macro   0x0000000000010422       0x58 ./CAN/CAN.o
 .debug_macro   0x000000000001047a       0x71 ./CAN/CAN.o
 .debug_macro   0x00000000000104eb       0x1c ./CAN/CAN.o
 .debug_macro   0x0000000000010507      0x12a ./CAN/CAN.o
 .debug_macro   0x0000000000010631      0x333 ./CAN/CAN.o
 .debug_macro   0x0000000000010964       0x10 ./CAN/CAN.o
 .debug_macro   0x0000000000010974       0x35 ./CAN/CAN.o
 .debug_macro   0x00000000000109a9       0x20 ./CAN/CAN.o
 .debug_macro   0x00000000000109c9       0x22 ./CAN/CAN.o
 .debug_macro   0x00000000000109eb       0x16 ./CAN/CAN.o
 .debug_macro   0x0000000000010a01       0x16 ./CAN/CAN.o
 .debug_macro   0x0000000000010a17       0x29 ./CAN/CAN.o
 .debug_macro   0x0000000000010a40       0x58 ./CAN/CAN.o
 .debug_macro   0x0000000000010a98       0x1c ./CAN/CAN.o
 .debug_macro   0x0000000000010ab4       0x10 ./CAN/CAN.o
 .debug_macro   0x0000000000010ac4       0x1c ./CAN/CAN.o
 .debug_macro   0x0000000000010ae0       0x52 ./CAN/CAN.o
 .debug_macro   0x0000000000010b32       0x22 ./CAN/CAN.o
 .debug_macro   0x0000000000010b54       0x10 ./CAN/CAN.o
 .debug_macro   0x0000000000010b64       0x40 ./CAN/CAN.o
 .debug_macro   0x0000000000010ba4       0xd5 ./CAN/CAN.o
 .debug_macro   0x0000000000010c79       0x1c ./CAN/CAN.o
 .debug_macro   0x0000000000010c95       0x3d ./CAN/CAN.o
 .debug_macro   0x0000000000010cd2       0x16 ./CAN/CAN.o
 .debug_macro   0x0000000000010ce8      0x145 ./CAN/CAN.o
 .debug_macro   0x0000000000010e2d       0x10 ./CAN/CAN.o
 .debug_macro   0x0000000000010e3d      0x460 ./CAN/CAN.o
 .debug_macro   0x000000000001129d       0x10 ./CAN/CAN.o
 .debug_macro   0x00000000000112ad       0x52 ./CAN/CAN.o
 .debug_macro   0x00000000000112ff      0x100 ./CAN/CAN.o
 .debug_macro   0x00000000000113ff      0x2ba ./Console/Console.o
 .debug_macro   0x00000000000116b9      0x2b6 ./GPIO/GPIO.o
 .debug_macro   0x000000000001196f       0x4c ./GPIO/GPIO.o
 .debug_macro   0x00000000000119bb      0x2cd ./Src/main.o
 .debug_macro   0x0000000000011c88       0xff ./Src/sysmem.o
 .debug_macro   0x0000000000011d87      0x23b ./Src/sysmem.o
 .debug_macro   0x0000000000011fc2       0xc8 ./Src/system_stm32f1xx.o
 .debug_macro   0x000000000001208a       0x2e ./Src/system_stm32f1xx.o
 .debug_macro   0x00000000000120b8       0x6d ./Src/system_stm32f1xx.o

.debug_line     0x0000000000000000     0x3094
 .debug_line    0x0000000000000000      0xe01 ./CAN/CAN.o
 .debug_line    0x0000000000000e01      0x759 ./Console/Console.o
 .debug_line    0x000000000000155a      0x7cd ./GPIO/GPIO.o
 .debug_line    0x0000000000001d27      0x95a ./Src/main.o
 .debug_line    0x0000000000002681      0x4f3 ./Src/sysmem.o
 .debug_line    0x0000000000002b74      0x49c ./Src/system_stm32f1xx.o
 .debug_line    0x0000000000003010       0x84 ./Startup/startup_stm32f103c8tx.o

.debug_str      0x0000000000000000    0x5abd1
 .debug_str     0x0000000000000000    0x5a1e3 ./CAN/CAN.o
                                      0x5a560 (size before relaxing)
 .debug_str     0x000000000005a1e3       0x4c ./Console/Console.o
                                      0x59f4f (size before relaxing)
 .debug_str     0x000000000005a22f      0x366 ./GPIO/GPIO.o
                                      0x5a2fa (size before relaxing)
 .debug_str     0x000000000005a595       0xae ./Src/main.o
                                      0x5a49e (size before relaxing)
 .debug_str     0x000000000005a643      0x4e4 ./Src/sysmem.o
                                       0x6264 (size before relaxing)
 .debug_str     0x000000000005ab27       0x79 ./Src/system_stm32f1xx.o
                                      0x546e4 (size before relaxing)
 .debug_str     0x000000000005aba0       0x31 ./Startup/startup_stm32f103c8tx.o
                                         0x75 (size before relaxing)

.comment        0x0000000000000000       0x53
 .comment       0x0000000000000000       0x53 ./CAN/CAN.o
                                         0x54 (size before relaxing)
 .comment       0x0000000000000053       0x54 ./Console/Console.o
 .comment       0x0000000000000053       0x54 ./GPIO/GPIO.o
 .comment       0x0000000000000053       0x54 ./Src/main.o
 .comment       0x0000000000000053       0x54 ./Src/sysmem.o
 .comment       0x0000000000000053       0x54 ./Src/system_stm32f1xx.o

.debug_frame    0x0000000000000000      0x760
 .debug_frame   0x0000000000000000       0xc4 ./CAN/CAN.o
 .debug_frame   0x00000000000000c4       0x70 ./Console/Console.o
 .debug_frame   0x0000000000000134       0xac ./GPIO/GPIO.o
 .debug_frame   0x00000000000001e0       0xd8 ./Src/main.o
 .debug_frame   0x00000000000002b8       0x34 ./Src/sysmem.o
 .debug_frame   0x00000000000002ec       0x58 ./Src/system_stm32f1xx.o
 .debug_frame   0x0000000000000344       0x20 d:/st/stm32cubeide_1.8.0/stm32cubeide/plugins/com.st.stm32cube.ide.mcu.externaltools.gnu-tools-for-stm32.9-2020-q2-update.win32_2.0.0.202105311346/tools/bin/../lib/gcc/arm-none-eabi/9.3.1/../../../../arm-none-eabi/lib/thumb/v7-m/nofp\libc_nano.a(lib_a-errno.o)
 .debug_frame   0x0000000000000364       0x2c d:/st/stm32cubeide_1.8.0/stm32cubeide/plugins/com.st.stm32cube.ide.mcu.externaltools.gnu-tools-for-stm32.9-2020-q2-update.win32_2.0.0.202105311346/tools/bin/../lib/gcc/arm-none-eabi/9.3.1/../../../../arm-none-eabi/lib/thumb/v7-m/nofp\libc_nano.a(lib_a-init.o)
 .debug_frame   0x0000000000000390       0x28 d:/st/stm32cubeide_1.8.0/stm32cubeide/plugins/com.st.stm32cube.ide.mcu.externaltools.gnu-tools-for-stm32.9-2020-q2-update.win32_2.0.0.202105311346/tools/bin/../lib/gcc/arm-none-eabi/9.3.1/../../../../arm-none-eabi/lib/thumb/v7-m/nofp\libc_nano.a(lib_a-memcpy-stub.o)
 .debug_frame   0x00000000000003b8       0x3c d:/st/stm32cubeide_1.8.0/stm32cubeide/plugins/com.st.stm32cube.ide.mcu.externaltools.gnu-tools-for-stm32.9-2020-q2-update.win32_2.0.0.202105311346/tools/bin/../lib/gcc/arm-none-eabi/9.3.1/../../../../arm-none-eabi/lib/thumb/v7-m/nofp\libc_nano.a(lib_a-vsprintf.o)
 .debug_frame   0x00000000000003f4       0x90 d:/st/stm32cubeide_1.8.0/stm32cubeide/plugins/com.st.stm32cube.ide.mcu.externaltools.gnu-tools-for-stm32.9-2020-q2-update.win32_2.0.0.202105311346/tools/bin/../lib/gcc/arm-none-eabi/9.3.1/../../../../arm-none-eabi/lib/thumb/v7-m/nofp\libc_nano.a(lib_a-nano-svfprintf.o)
 .debug_frame   0x0000000000000484       0x60 d:/st/stm32cubeide_1.8.0/stm32cubeide/plugins/com.st.stm32cube.ide.mcu.externaltools.gnu-tools-for-stm32.9-2020-q2-update.win32_2.0.0.202105311346/tools/bin/../lib/gcc/arm-none-eabi/9.3.1/../../../../arm-none-eabi/lib/thumb/v7-m/nofp\libc_nano.a(lib_a-nano-vfprintf_i.o)
 .debug_frame   0x00000000000004e4       0x28 d:/st/stm32cubeide_1.8.0/stm32cubeide/plugins/com.st.stm32cube.ide.mcu.externaltools.gnu-tools-for-stm32.9-2020-q2-update.win32_2.0.0.202105311346/tools/bin/../lib/gcc/arm-none-eabi/9.3.1/../../../../arm-none-eabi/lib/thumb/v7-m/nofp\libc_nano.a(lib_a-memchr-stub.o)
 .debug_frame   0x000000000000050c       0x28 d:/st/stm32cubeide_1.8.0/stm32cubeide/plugins/com.st.stm32cube.ide.mcu.externaltools.gnu-tools-for-stm32.9-2020-q2-update.win32_2.0.0.202105311346/tools/bin/../lib/gcc/arm-none-eabi/9.3.1/../../../../arm-none-eabi/lib/thumb/v7-m/nofp\libc_nano.a(lib_a-memmove.o)
 .debug_frame   0x0000000000000534       0x38 d:/st/stm32cubeide_1.8.0/stm32cubeide/plugins/com.st.stm32cube.ide.mcu.externaltools.gnu-tools-for-stm32.9-2020-q2-update.win32_2.0.0.202105311346/tools/bin/../lib/gcc/arm-none-eabi/9.3.1/../../../../arm-none-eabi/lib/thumb/v7-m/nofp\libc_nano.a(lib_a-nano-freer.o)
 .debug_frame   0x000000000000056c       0x30 d:/st/stm32cubeide_1.8.0/stm32cubeide/plugins/com.st.stm32cube.ide.mcu.externaltools.gnu-tools-for-stm32.9-2020-q2-update.win32_2.0.0.202105311346/tools/bin/../lib/gcc/arm-none-eabi/9.3.1/../../../../arm-none-eabi/lib/thumb/v7-m/nofp\libc_nano.a(lib_a-nano-mallocr.o)
 .debug_frame   0x000000000000059c       0x3c d:/st/stm32cubeide_1.8.0/stm32cubeide/plugins/com.st.stm32cube.ide.mcu.externaltools.gnu-tools-for-stm32.9-2020-q2-update.win32_2.0.0.202105311346/tools/bin/../lib/gcc/arm-none-eabi/9.3.1/../../../../arm-none-eabi/lib/thumb/v7-m/nofp\libc_nano.a(lib_a-nano-reallocr.o)
 .debug_frame   0x00000000000005d8       0x2c d:/st/stm32cubeide_1.8.0/stm32cubeide/plugins/com.st.stm32cube.ide.mcu.externaltools.gnu-tools-for-stm32.9-2020-q2-update.win32_2.0.0.202105311346/tools/bin/../lib/gcc/arm-none-eabi/9.3.1/../../../../arm-none-eabi/lib/thumb/v7-m/nofp\libc_nano.a(lib_a-sbrkr.o)
 .debug_frame   0x0000000000000604       0x30 d:/st/stm32cubeide_1.8.0/stm32cubeide/plugins/com.st.stm32cube.ide.mcu.externaltools.gnu-tools-for-stm32.9-2020-q2-update.win32_2.0.0.202105311346/tools/bin/../lib/gcc/arm-none-eabi/9.3.1/../../../../arm-none-eabi/lib/thumb/v7-m/nofp\libc_nano.a(lib_a-mlock.o)
 .debug_frame   0x0000000000000634       0x20 d:/st/stm32cubeide_1.8.0/stm32cubeide/plugins/com.st.stm32cube.ide.mcu.externaltools.gnu-tools-for-stm32.9-2020-q2-update.win32_2.0.0.202105311346/tools/bin/../lib/gcc/arm-none-eabi/9.3.1/../../../../arm-none-eabi/lib/thumb/v7-m/nofp\libc_nano.a(lib_a-nano-msizer.o)
 .debug_frame   0x0000000000000654       0x5c d:/st/stm32cubeide_1.8.0/stm32cubeide/plugins/com.st.stm32cube.ide.mcu.externaltools.gnu-tools-for-stm32.9-2020-q2-update.win32_2.0.0.202105311346/tools/bin/../lib/gcc/arm-none-eabi/9.3.1/../../../../arm-none-eabi/lib/thumb/v7-m/nofp\libc_nano.a(lib_a-reent.o)
 .debug_frame   0x00000000000006b0       0xb0 d:/st/stm32cubeide_1.8.0/stm32cubeide/plugins/com.st.stm32cube.ide.mcu.externaltools.gnu-tools-for-stm32.9-2020-q2-update.win32_2.0.0.202105311346/tools/bin/../lib/gcc/arm-none-eabi/9.3.1/../../../../arm-none-eabi/lib/thumb/v7-m/nofp\libc_nano.a(lib_a-lock.o)
