Archive member included to satisfy reference by file (symbol)

d:/st/stm32cubeide_1.8.0/stm32cubeide/plugins/com.st.stm32cube.ide.mcu.externaltools.gnu-tools-for-stm32.9-2020-q2-update.win32_2.0.0.202105311346/tools/bin/../lib/gcc/arm-none-eabi/9.3.1/../../../../arm-none-eabi/lib/thumb/v7-m/nofp\libc_nano.a(lib_a-errno.o)
                              ./Src/syscalls.o (__errno)
d:/st/stm32cubeide_1.8.0/stm32cubeide/plugins/com.st.stm32cube.ide.mcu.externaltools.gnu-tools-for-stm32.9-2020-q2-update.win32_2.0.0.202105311346/tools/bin/../lib/gcc/arm-none-eabi/9.3.1/../../../../arm-none-eabi/lib/thumb/v7-m/nofp\libc_nano.a(lib_a-exit.o)
                              d:/st/stm32cubeide_1.8.0/stm32cubeide/plugins/com.st.stm32cube.ide.mcu.externaltools.gnu-tools-for-stm32.9-2020-q2-update.win32_2.0.0.202105311346/tools/bin/../lib/gcc/arm-none-eabi/9.3.1/../../../../arm-none-eabi/lib/thumb/v7-m/nofp/crt0.o (exit)
d:/st/stm32cubeide_1.8.0/stm32cubeide/plugins/com.st.stm32cube.ide.mcu.externaltools.gnu-tools-for-stm32.9-2020-q2-update.win32_2.0.0.202105311346/tools/bin/../lib/gcc/arm-none-eabi/9.3.1/../../../../arm-none-eabi/lib/thumb/v7-m/nofp\libc_nano.a(lib_a-impure.o)
                              d:/st/stm32cubeide_1.8.0/stm32cubeide/plugins/com.st.stm32cube.ide.mcu.externaltools.gnu-tools-for-stm32.9-2020-q2-update.win32_2.0.0.202105311346/tools/bin/../lib/gcc/arm-none-eabi/9.3.1/../../../../arm-none-eabi/lib/thumb/v7-m/nofp\libc_nano.a(lib_a-exit.o) (_global_impure_ptr)
d:/st/stm32cubeide_1.8.0/stm32cubeide/plugins/com.st.stm32cube.ide.mcu.externaltools.gnu-tools-for-stm32.9-2020-q2-update.win32_2.0.0.202105311346/tools/bin/../lib/gcc/arm-none-eabi/9.3.1/../../../../arm-none-eabi/lib/thumb/v7-m/nofp\libc_nano.a(lib_a-init.o)
                              d:/st/stm32cubeide_1.8.0/stm32cubeide/plugins/com.st.stm32cube.ide.mcu.externaltools.gnu-tools-for-stm32.9-2020-q2-update.win32_2.0.0.202105311346/tools/bin/../lib/gcc/arm-none-eabi/9.3.1/../../../../arm-none-eabi/lib/thumb/v7-m/nofp/crt0.o (__libc_init_array)
d:/st/stm32cubeide_1.8.0/stm32cubeide/plugins/com.st.stm32cube.ide.mcu.externaltools.gnu-tools-for-stm32.9-2020-q2-update.win32_2.0.0.202105311346/tools/bin/../lib/gcc/arm-none-eabi/9.3.1/../../../../arm-none-eabi/lib/thumb/v7-m/nofp\libc_nano.a(lib_a-memcpy-stub.o)
                              ./Src/main.o (memcpy)
d:/st/stm32cubeide_1.8.0/stm32cubeide/plugins/com.st.stm32cube.ide.mcu.externaltools.gnu-tools-for-stm32.9-2020-q2-update.win32_2.0.0.202105311346/tools/bin/../lib/gcc/arm-none-eabi/9.3.1/../../../../arm-none-eabi/lib/thumb/v7-m/nofp\libc_nano.a(lib_a-memset.o)
                              d:/st/stm32cubeide_1.8.0/stm32cubeide/plugins/com.st.stm32cube.ide.mcu.externaltools.gnu-tools-for-stm32.9-2020-q2-update.win32_2.0.0.202105311346/tools/bin/../lib/gcc/arm-none-eabi/9.3.1/../../../../arm-none-eabi/lib/thumb/v7-m/nofp/crt0.o (memset)
d:/st/stm32cubeide_1.8.0/stm32cubeide/plugins/com.st.stm32cube.ide.mcu.externaltools.gnu-tools-for-stm32.9-2020-q2-update.win32_2.0.0.202105311346/tools/bin/../lib/gcc/arm-none-eabi/9.3.1/../../../../arm-none-eabi/lib/thumb/v7-m/nofp\libc_nano.a(lib_a-strlen.o)
                              ./Console/Console.o (strlen)
d:/st/stm32cubeide_1.8.0/stm32cubeide/plugins/com.st.stm32cube.ide.mcu.externaltools.gnu-tools-for-stm32.9-2020-q2-update.win32_2.0.0.202105311346/tools/bin/../lib/gcc/arm-none-eabi/9.3.1/../../../../arm-none-eabi/lib/thumb/v7-m/nofp\libc_nano.a(lib_a-vsprintf.o)
                              ./Console/Console.o (vsprintf)
d:/st/stm32cubeide_1.8.0/stm32cubeide/plugins/com.st.stm32cube.ide.mcu.externaltools.gnu-tools-for-stm32.9-2020-q2-update.win32_2.0.0.202105311346/tools/bin/../lib/gcc/arm-none-eabi/9.3.1/../../../../arm-none-eabi/lib/thumb/v7-m/nofp\libc_nano.a(lib_a-nano-svfprintf.o)
                              d:/st/stm32cubeide_1.8.0/stm32cubeide/plugins/com.st.stm32cube.ide.mcu.externaltools.gnu-tools-for-stm32.9-2020-q2-update.win32_2.0.0.202105311346/tools/bin/../lib/gcc/arm-none-eabi/9.3.1/../../../../arm-none-eabi/lib/thumb/v7-m/nofp\libc_nano.a(lib_a-vsprintf.o) (_svfprintf_r)
d:/st/stm32cubeide_1.8.0/stm32cubeide/plugins/com.st.stm32cube.ide.mcu.externaltools.gnu-tools-for-stm32.9-2020-q2-update.win32_2.0.0.202105311346/tools/bin/../lib/gcc/arm-none-eabi/9.3.1/../../../../arm-none-eabi/lib/thumb/v7-m/nofp\libc_nano.a(lib_a-nano-vfprintf_i.o)
                              d:/st/stm32cubeide_1.8.0/stm32cubeide/plugins/com.st.stm32cube.ide.mcu.externaltools.gnu-tools-for-stm32.9-2020-q2-update.win32_2.0.0.202105311346/tools/bin/../lib/gcc/arm-none-eabi/9.3.1/../../../../arm-none-eabi/lib/thumb/v7-m/nofp\libc_nano.a(lib_a-nano-svfprintf.o) (_printf_i)
d:/st/stm32cubeide_1.8.0/stm32cubeide/plugins/com.st.stm32cube.ide.mcu.externaltools.gnu-tools-for-stm32.9-2020-q2-update.win32_2.0.0.202105311346/tools/bin/../lib/gcc/arm-none-eabi/9.3.1/../../../../arm-none-eabi/lib/thumb/v7-m/nofp\libc_nano.a(lib_a-memchr-stub.o)
[...]
Memory Configuration

Name             Origin             Length             Attributes
RAM              0x0000000020000000 0x0000000000005000 xrw
FLASH            0x0000000008000000 0x0000000000010000 xr
*default*        0x0000000000000000 0xffffffffffffffff

Linker script and memory map

LOAD d:/st/stm32cubeide_1.8.0/stm32cubeide/plugins/com.st.stm32cube.ide.mcu.externaltools.gnu-tools-for-stm32.9-2020-q2-update.win32_2.0.0.202105311346/tools/bin/../lib/gcc/arm-none-eabi/9.3.1/thumb/v7-m/nofp/crti.o
LOAD d:/st/stm32cubeide_1.8.0/stm32cubeide/plugins/com.st.stm32cube.ide.mcu.externaltools.gnu-tools-for-stm32.9-2020-q2-update.win32_2.0.0.202105311346/tools/bin/../lib/gcc/arm-none-eabi/9.3.1/thumb/v7-m/nofp/crtbegin.o
LOAD d:/st/stm32cubeide_1.8.0/stm32cubeide/plugins/com.st.stm32cube.ide.mcu.externaltools.gnu-tools-for-stm32.9-2020-q2-update.win32_2.0.0.202105311346/tools/bin/../lib/gcc/arm-none-eabi/9.3.1/../../../../arm-none-eabi/lib/thumb/v7-m/nofp/crt0.o
LOAD ./CAN/CAN.o
LOAD ./CAN/CANOpen_V1.o
LOAD ./Console/Console.o
LOAD ./GPIO/GPIO.o
LOAD ./Src/main.o
LOAD ./Src/syscalls.o
LOAD ./Src/sysmem.o
LOAD ./Src/system_stm32f1xx.o
LOAD ./Startup/startup_stm32f103c8tx.o
START GROUP
LOAD d:/st/stm32cubeide_1.8.0/stm32cubeide/plugins/com.st.stm32cube.ide.mcu.externaltools.gnu-tools-for-stm32.9-2020-q2-update.win32_2.0.0.202105311346/tools/bin/../lib/gcc/arm-none-eabi/9.3.1/../../../../arm-none-eabi/lib/thumb/v7-m/nofp\libc_nano.a
LOAD d:/st/stm32cubeide_1.8.0/stm32cubeide/plugins/com.st.stm32cube.ide.mcu.externaltools.gnu-tools-for-stm32.9-2020-q2-update.win32_2.0.0.202105311346/tools/bin/../lib/gcc/arm-none-eabi/9.3.1/../../../../arm-none-eabi/lib/thumb/v7-m/nofp\libm.a
END GROUP
START GROUP
LOAD d:/st/stm32cubeide_1.8.0/stm32cubeide/plugins/com.st.stm32cube.ide.mcu.externaltools.gnu-tools-for-stm32.9-2020-q2-update.win32_2.0.0.202105311346/tools/bin/../lib/gcc/arm-none-eabi/9.3.1/thumb/v7-m/nofp\libgcc.a
LOAD d:/st/stm32cubeide_1.8.0/stm32cubeide/plugins/com.st.stm32cube.ide.mcu.externaltools.gnu-tools-for-stm32.9-2020-q2-update.win32_2.0.0.202105311346/tools/bin/../lib/gcc/arm-none-eabi/9.3.1/../../../../arm-none-eabi/lib/thumb/v7-m/nofp\libc_nano.a
END GROUP
START GROUP
LOAD d:/st/stm32cubeide_1.8.0/stm32cubeide/plugins/com.st.stm32cube.ide.mcu.externaltools.gnu-tools-for-stm32.9-2020-q2-update.win32_2.0.0.202105311346/tools/bin/../lib/gcc/arm-none-eabi/9.3.1/thumb/v7-m/nofp\libgcc.a
LOAD d:/st/stm32cubeide_1.8.0/stm32cubeide/plugins/com.st.stm32cube.ide.mcu.externaltools.gnu-tools-for-stm32.9-2020-q2-update.win32_2.0.0.202105311346/tools/bin/../lib/gcc/arm-none-eabi/9.3.1/../../../../arm-none-eabi/lib/thumb/v7-m/nofp\libc_nano.a
LOAD d:/st/stm32cubeide_1.8.0/stm32cubeide/plugins/com.st.stm32cube.ide.mcu.externaltools.gnu-tools-for-stm32.9-2020-q2-update.win32_2.0.0.202105311346/tools/bin/../lib/gcc/arm-none-eabi/9.3.1/../../../../arm-none-eabi/lib/thumb/v7-m/nofp\libnosys.a
END GROUP
START GROUP
LOAD d:/st/stm32cubeide_1.8.0/stm32cubeide/plugins/com.st.stm32cube.ide.mcu.externaltools.gnu-tools-for-stm32.9-2020-q2-update.win32_2.0.0.202105311346/tools/bin/../lib/gcc/arm-none-eabi/9.3.1/thumb/v7-m/nofp\libgcc.a
LOAD d:/st/stm32cubeide_1.8.0/stm32cubeide/plugins/com.st.stm32cube.ide.mcu.externaltools.gnu-tools-for-stm32.9-2020-q2-update.win32_2.0.0.202105311346/tools/bin/../lib/gcc/arm-none-eabi/9.3.1/../../../../arm-none-eabi/lib/thumb/v7-m/nofp\libc_nano.a
LOAD d:/st/stm32cubeide_1.8.0/stm32cubeide/plugins/com.st.stm32cube.ide.mcu.externaltools.gnu-tools-for-stm32.9-2020-q2-update.win32_2.0.0.202105311346/tools/bin/../lib/gcc/arm-none-eabi/9.3.1/../../../../arm-none-eabi/lib/thumb/v7-m/nofp\libnosys.a
END GROUP
LOAD d:/st/stm32cubeide_1.8.0/stm32cubeide/plugins/com.st.stm32cube.ide.mcu.externaltools.gnu-tools-for-stm32.9-2020-q2-update.win32_2.0.0.202105311346/tools/bin/../lib/gcc/arm-none-eabi/9.3.1/thumb/v7-m/nofp/crtend.o
LOAD d:/st/stm32cubeide_1.8.0/stm32cubeide/plugins/com.st.stm32cube.ide.mcu.externaltools.gnu-tools-for-stm32.9-2020-q2-update.win32_2.0.0.202105311346/tools/bin/../lib/gcc/arm-none-eabi/9.3.1/thumb/v7-m/nofp/crtn.o
                0x0000000020005000                _estack = (ORIGIN (RAM) + LENGTH (RAM))
                0x0000000000000200                _Min_Heap_Size = 0x200
                0x0000000000000400                _Min_Stack_Size = 0x400

.isr_vector     0x0000000008000000      0x130
                0x0000000008000000                . = ALIGN (0x4)
 *(.isr_vector)
 .isr_vector    0x0000000008000000      0x130 ./Startup/startup_stm32f103c8tx.o
                0x0000000008000000                g_pfnVectors
                0x0000000008000130                . = ALIGN (0x4)

.text           0x0000000008000130      0xd58
                0x0000000008000130                . = ALIGN (0x4)
 *(.text)
 .text          0x0000000008000130       0x40 d:/st/stm32cubeide_1.8.0/stm32cubeide/plugins/com.st.stm32cube.ide.mcu.externaltools.gnu-tools-for-stm32.9-2020-q2-update.win32_2.0.0.202105311346/tools/bin/../lib/gcc/arm-none-eabi/9.3.1/thumb/v7-m/nofp/crtbegin.o
 *(.text*)
 .text.CAN_Init
                0x0000000008000170      0x224 ./CAN/CAN.o
                0x0000000008000170                CAN_Init
 .text.CAN_Send_Payload
                0x0000000008000394      0x400 ./CAN/CAN.o
                0x0000000008000394                CAN_Send_Payload
 .text.Console_Init
                0x0000000008000794       0x78 ./Console/Console.o
                0x0000000008000794                Console_Init
 .text.GPIO_Pin_Setup
                0x000000000800080c      0x14c ./GPIO/GPIO.o
                0x000000000800080c                GPIO_Pin_Setup
 .text.SystemAPB1_Clock_Speed
                0x0000000008000958       0x2c ./Src/main.o
 .text.SystemAPB2_Clock_Speed
                0x0000000008000984       0x2c ./Src/main.o
 .text.MCU_Clock_Init
                0x00000000080009b0      0x164 ./Src/main.o
 .text.Delay_Config
                0x0000000008000b14       0x34 ./Src/main.o
 .text.Delay_ms
                0x0000000008000b48       0x50 ./Src/main.o
 .text.Delay_s  0x0000000008000b98       0x32 ./Src/main.o
 *fill*         0x0000000008000bca        0x2 
 .text.A        0x0000000008000bcc       0x40 ./Src/main.o
                0x0000000008000bcc                A
 .text.main     0x0000000008000c0c       0xbc ./Src/main.o
                0x0000000008000c0c                main
 .text.SystemInit
                0x0000000008000cc8        0xc ./Src/system_stm32f1xx.o
                0x0000000008000cc8                SystemInit
 .text.SystemCoreClockUpdate
                0x0000000008000cd4       0xe4 ./Src/system_stm32f1xx.o
                0x0000000008000cd4                SystemCoreClockUpdate
 .text.Reset_Handler
                0x0000000008000db8       0x50 ./Startup/startup_stm32f103c8tx.o
                0x0000000008000db8                Reset_Handler
 .text.Default_Handler
                0x0000000008000e08        0x2 ./Startup/startup_stm32f103c8tx.o
                0x0000000008000e08                EXTI2_IRQHandler
                0x0000000008000e08                TIM8_TRG_COM_IRQHandler
                0x0000000008000e08                TIM8_CC_IRQHandler
                0x0000000008000e08                DebugMon_Handler
                0x0000000008000e08                TIM1_CC_IRQHandler
                0x0000000008000e08                HardFault_Handler
                0x0000000008000e08                TIM6_IRQHandler
                0x0000000008000e08                SysTick_Handler
                0x0000000008000e08                PVD_IRQHandler
                0x0000000008000e08                SDIO_IRQHandler
                0x0000000008000e08                PendSV_Handler
                0x0000000008000e08                NMI_Handler
                0x0000000008000e08                EXTI3_IRQHandler
                0x0000000008000e08                USB_HP_CAN_TX_IRQHandler
                0x0000000008000e08                EXTI0_IRQHandler
                0x0000000008000e08                I2C2_EV_IRQHandler
                0x0000000008000e08                UsageFault_Handler
                0x0000000008000e08                ADC1_2_IRQHandler
                0x0000000008000e08                SPI1_IRQHandler
                0x0000000008000e08                CAN_SCE_IRQHandler
                0x0000000008000e08                TAMPER_IRQHandler
                0x0000000008000e08                TIM8_UP_IRQHandler
                0x0000000008000e08                DMA2_Channel2_IRQHandler
                0x0000000008000e08                DMA1_Channel4_IRQHandler
                0x0000000008000e08                USART3_IRQHandler
                0x0000000008000e08                RTC_IRQHandler
                0x0000000008000e08                DMA1_Channel7_IRQHandler
                0x0000000008000e08                UART5_IRQHandler
                0x0000000008000e08                ADC3_IRQHandler
                0x0000000008000e08                TIM4_IRQHandler
                0x0000000008000e08                CAN_RX1_IRQHandler
                0x0000000008000e08                DMA2_Channel1_IRQHandler
                0x0000000008000e08                I2C1_EV_IRQHandler
                0x0000000008000e08                DMA1_Channel6_IRQHandler
                0x0000000008000e08                UART4_IRQHandler
                0x0000000008000e08                TIM3_IRQHandler
                0x0000000008000e08                RCC_IRQHandler
                0x0000000008000e08                TIM1_TRG_COM_IRQHandler
                0x0000000008000e08                DMA1_Channel1_IRQHandler
                0x0000000008000e08                Default_Handler
                0x0000000008000e08                EXTI15_10_IRQHandler
                0x0000000008000e08                TIM7_IRQHandler
                0x0000000008000e08                TIM5_IRQHandler
                0x0000000008000e08                EXTI9_5_IRQHandler
                0x0000000008000e08                SPI2_IRQHandler
                0x0000000008000e08                USB_LP_CAN_RX0_IRQHandler
                0x0000000008000e08                MemManage_Handler
                0x0000000008000e08                SVC_Handler
                0x0000000008000e08                DMA1_Channel5_IRQHandler
                0x0000000008000e08                EXTI4_IRQHandler
                0x0000000008000e08                DMA1_Channel3_IRQHandler
                0x0000000008000e08                FSMC_IRQHandler
                0x0000000008000e08                TIM1_UP_IRQHandler
                0x0000000008000e08                WWDG_IRQHandler
                0x0000000008000e08                TIM2_IRQHandler
                0x0000000008000e08                TIM1_BRK_IRQHandler
                0x0000000008000e08                EXTI1_IRQHandler
                0x0000000008000e08                RTCAlarm_IRQHandler
                0x0000000008000e08                DMA2_Channel4_5_IRQHandler
                0x0000000008000e08                USART2_IRQHandler
                0x0000000008000e08                I2C2_ER_IRQHandler
                0x0000000008000e08                DMA1_Channel2_IRQHandler
                0x0000000008000e08                TIM8_BRK_IRQHandler
                0x0000000008000e08                FLASH_IRQHandler
                0x0000000008000e08                BusFault_Handler
                0x0000000008000e08                USART1_IRQHandler
                0x0000000008000e08                SPI3_IRQHandler
                0x0000000008000e08                I2C1_ER_IRQHandler
                0x0000000008000e08                DMA2_Channel3_IRQHandler
 *fill*         0x0000000008000e0a        0x2 
 .text.__libc_init_array
                0x0000000008000e0c       0x48 d:/st/stm32cubeide_1.8.0/stm32cubeide/plugins/com.st.stm32cube.ide.mcu.externaltools.gnu-tools-for-stm32.9-2020-q2-update.win32_2.0.0.202105311346/tools/bin/../lib/gcc/arm-none-eabi/9.3.1/../../../../arm-none-eabi/lib/thumb/v7-m/nofp\libc_nano.a(lib_a-init.o)
                0x0000000008000e0c                __libc_init_array
 .text.memcpy   0x0000000008000e54       0x1c d:/st/stm32cubeide_1.8.0/stm32cubeide/plugins/com.st.stm32cube.ide.mcu.externaltools.gnu-tools-for-stm32.9-2020-q2-update.win32_2.0.0.202105311346/tools/bin/../lib/gcc/arm-none-eabi/9.3.1/../../../../arm-none-eabi/lib/thumb/v7-m/nofp\libc_nano.a(lib_a-memcpy-stub.o)
                0x0000000008000e54                memcpy
 *(.glue_7)
 .glue_7        0x0000000008000e70        0x0 linker stubs
 *(.glue_7t)
 .glue_7t       0x0000000008000e70        0x0 linker stubs
 *(.eh_frame)
 .eh_frame      0x0000000008000e70        0x0 d:/st/stm32cubeide_1.8.0/stm32cubeide/plugins/com.st.stm32cube.ide.mcu.externaltools.gnu-tools-for-stm32.9-2020-q2-update.win32_2.0.0.202105311346/tools/bin/../lib/gcc/arm-none-eabi/9.3.1/thumb/v7-m/nofp/crtbegin.o
 *(.init)
 .init          0x0000000008000e70        0x4 d:/st/stm32cubeide_1.8.0/stm32cubeide/plugins/com.st.stm32cube.ide.mcu.externaltools.gnu-tools-for-stm32.9-2020-q2-update.win32_2.0.0.202105311346/tools/bin/../lib/gcc/arm-none-eabi/9.3.1/thumb/v7-m/nofp/crti.o
                0x0000000008000e70                _init
 .init          0x0000000008000e74        0x8 d:/st/stm32cubeide_1.8.0/stm32cubeide/plugins/com.st.stm32cube.ide.mcu.externaltools.gnu-tools-for-stm32.9-2020-q2-update.win32_2.0.0.202105311346/tools/bin/../lib/gcc/arm-none-eabi/9.3.1/thumb/v7-m/nofp/crtn.o
 *(.fini)
 .fini          0x0000000008000e7c        0x4 d:/st/stm32cubeide_1.8.0/stm32cubeide/plugins/com.st.stm32cube.ide.mcu.externaltools.gnu-tools-for-stm32.9-2020-q2-update.win32_2.0.0.202105311346/tools/bin/../lib/gcc/arm-none-eabi/9.3.1/thumb/v7-m/nofp/crti.o
                0x0000000008000e7c                _fini
 .fini          0x0000000008000e80        0x8 d:/st/stm32cubeide_1.8.0/stm32cubeide/plugins/com.st.stm32cube.ide.mcu.externaltools.gnu-tools-for-stm32.9-2020-q2-update.win32_2.0.0.202105311346/tools/bin/../lib/gcc/arm-none-eabi/9.3.1/thumb/v7-m/nofp/crtn.o
                0x0000000008000e88                . = ALIGN (0x4)
                0x0000000008000e88                _etext = .

.vfp11_veneer   0x0000000008000e88        0x0
 .vfp11_veneer  0x0000000008000e88        0x0 linker stubs

.v4_bx          0x0000000008000e88        0x0
 .v4_bx         0x0000000008000e88        0x0 linker stubs

.iplt           0x0000000008000e88        0x0
 .iplt          0x0000000008000e88        0x0 d:/st/stm32cubeide_1.8.0/stm32cubeide/plugins/com.st.stm32cube.ide.mcu.externaltools.gnu-tools-for-stm32.9-2020-q2-update.win32_2.0.0.202105311346/tools/bin/../lib/gcc/arm-none-eabi/9.3.1/thumb/v7-m/nofp/crtbegin.o

.rodata         0x0000000008000e88       0x18
                0x0000000008000e88                . = ALIGN (0x4)
 *(.rodata)
 *(.rodata*)
 .rodata.AHBPrescTable
                0x0000000008000e88       0x10 ./Src/system_stm32f1xx.o
                0x0000000008000e88                AHBPrescTable
 .rodata.APBPrescTable
                0x0000000008000e98        0x8 ./Src/system_stm32f1xx.o
                0x0000000008000e98                APBPrescTable
                0x0000000008000ea0                . = ALIGN (0x4)

.rel.dyn        0x0000000008000ea0        0x0
 .rel.iplt      0x0000000008000ea0        0x0 d:/st/stm32cubeide_1.8.0/stm32cubeide/plugins/com.st.stm32cube.ide.mcu.externaltools.gnu-tools-for-stm32.9-2020-q2-update.win32_2.0.0.202105311346/tools/bin/../lib/gcc/arm-none-eabi/9.3.1/thumb/v7-m/nofp/crtbegin.o

.ARM.extab      0x0000000008000ea0        0x0
                0x0000000008000ea0                . = ALIGN (0x4)
 *(.ARM.extab* .gnu.linkonce.armextab.*)
                0x0000000008000ea0                . = ALIGN (0x4)

.ARM            0x0000000008000ea0        0x0
                0x0000000008000ea0                . = ALIGN (0x4)
                0x0000000008000ea0                __exidx_start = .
 *(.ARM.exidx*)
                0x0000000008000ea0                __exidx_end = .
                0x0000000008000ea0                . = ALIGN (0x4)

.preinit_array  0x0000000008000ea0        0x0
                0x0000000008000ea0                . = ALIGN (0x4)
                0x0000000008000ea0                PROVIDE (__preinit_array_start = .)
 *(.preinit_array*)
                0x0000000008000ea0                PROVIDE (__preinit_array_end = .)
                0x0000000008000ea0                . = ALIGN (0x4)

.init_array     0x0000000008000ea0        0x4
                0x0000000008000ea0                . = ALIGN (0x4)
                0x0000000008000ea0                PROVIDE (__init_array_start = .)
 *(SORT_BY_NAME(.init_array.*))
 *(.init_array*)
 .init_array    0x0000000008000ea0        0x4 d:/st/stm32cubeide_1.8.0/stm32cubeide/plugins/com.st.stm32cube.ide.mcu.externaltools.gnu-tools-for-stm32.9-2020-q2-update.win32_2.0.0.202105311346/tools/bin/../lib/gcc/arm-none-eabi/9.3.1/thumb/v7-m/nofp/crtbegin.o
                0x0000000008000ea4                PROVIDE (__init_array_end = .)
                0x0000000008000ea4                . = ALIGN (0x4)

.fini_array     0x0000000008000ea4        0x4
                0x0000000008000ea4                . = ALIGN (0x4)
                [!provide]                        PROVIDE (__fini_array_start = .)
 *(SORT_BY_NAME(.fini_array.*))
 *(.fini_array*)
 .fini_array    0x0000000008000ea4        0x4 d:/st/stm32cubeide_1.8.0/stm32cubeide/plugins/com.st.stm32cube.ide.mcu.externaltools.gnu-tools-for-stm32.9-2020-q2-update.win32_2.0.0.202105311346/tools/bin/../lib/gcc/arm-none-eabi/9.3.1/thumb/v7-m/nofp/crtbegin.o
                [!provide]                        PROVIDE (__fini_array_end = .)
                0x0000000008000ea8                . = ALIGN (0x4)
                0x0000000008000ea8                _sidata = LOADADDR (.data)

.data           0x0000000020000000        0x4 load address 0x0000000008000ea8
                0x0000000020000000                . = ALIGN (0x4)
                0x0000000020000000                _sdata = .
 *(.data)
 *(.data*)
 .data.SystemCoreClock
                0x0000000020000000        0x4 ./Src/system_stm32f1xx.o
                0x0000000020000000                SystemCoreClock
 *(.RamFunc)
 *(.RamFunc*)
                0x0000000020000004                . = ALIGN (0x4)
                0x0000000020000004                _edata = .

.igot.plt       0x0000000020000004        0x0 load address 0x0000000008000eac
 .igot.plt      0x0000000020000004        0x0 d:/st/stm32cubeide_1.8.0/stm32cubeide/plugins/com.st.stm32cube.ide.mcu.externaltools.gnu-tools-for-stm32.9-2020-q2-update.win32_2.0.0.202105311346/tools/bin/../lib/gcc/arm-none-eabi/9.3.1/thumb/v7-m/nofp/crtbegin.o
                0x0000000020000004                . = ALIGN (0x4)

.bss            0x0000000020000004       0xe8 load address 0x0000000008000eac
                0x0000000020000004                _sbss = .
                0x0000000020000004                __bss_start__ = _sbss
 *(.bss)
 .bss           0x0000000020000004       0x1c d:/st/stm32cubeide_1.8.0/stm32cubeide/plugins/com.st.stm32cube.ide.mcu.externaltools.gnu-tools-for-stm32.9-2020-q2-update.win32_2.0.0.202105311346/tools/bin/../lib/gcc/arm-none-eabi/9.3.1/thumb/v7-m/nofp/crtbegin.o
 *(.bss*)
 *(COMMON)
 COMMON         0x0000000020000020        0x8 ./CAN/CAN.o
                0x0000000020000020                APB2CLK_SPEED
                0x0000000020000024                APB1CLK_SPEED
 COMMON         0x0000000020000028       0xc4 ./Src/main.o
                0x0000000020000028                payload
                0x00000000200000ec                . = ALIGN (0x4)
                0x00000000200000ec                _ebss = .
                0x00000000200000ec                __bss_end__ = _ebss

._user_heap_stack
                0x00000000200000ec      0x604 load address 0x0000000008000eac
                0x00000000200000f0                . = ALIGN (0x8)
 *fill*         0x00000000200000ec        0x4 
                [!provide]                        PROVIDE (end = .)
                0x00000000200000f0                PROVIDE (_end = .)
                0x00000000200002f0                . = (. + _Min_Heap_Size)
 *fill*         0x00000000200000f0      0x200 
                0x00000000200006f0                . = (. + _Min_Stack_Size)
 *fill*         0x00000000200002f0      0x400 
                0x00000000200006f0                . = ALIGN (0x8)

/DISCARD/
 libc.a(*)
 libm.a(*)
 libgcc.a(*)

.ARM.attributes
                0x0000000000000000       0x29
 *(.ARM.attributes)
 .ARM.attributes
                0x0000000000000000       0x1d d:/st/stm32cubeide_1.8.0/stm32cubeide/plugins/com.st.stm32cube.ide.mcu.externaltools.gnu-tools-for-stm32.9-2020-q2-update.win32_2.0.0.202105311346/tools/bin/../lib/gcc/arm-none-eabi/9.3.1/thumb/v7-m/nofp/crti.o
 .ARM.attributes
                0x000000000000001d       0x2d d:/st/stm32cubeide_1.8.0/stm32cubeide/plugins/com.st.stm32cube.ide.mcu.externaltools.gnu-tools-for-stm32.9-2020-q2-update.win32_2.0.0.202105311346/tools/bin/../lib/gcc/arm-none-eabi/9.3.1/thumb/v7-m/nofp/crtbegin.o
 .ARM.attributes
                0x000000000000004a       0x2d ./CAN/CAN.o
 .ARM.attributes
                0x0000000000000077       0x2d ./Console/Console.o
 .ARM.attributes
                0x00000000000000a4       0x2d ./GPIO/GPIO.o
 .ARM.attributes
                0x00000000000000d1       0x2d ./Src/main.o
 .ARM.attributes
                0x00000000000000fe       0x2d ./Src/system_stm32f1xx.o
 .ARM.attributes
                0x000000000000012b       0x21 ./Startup/startup_stm32f103c8tx.o
 .ARM.attributes
                0x000000000000014c       0x2d d:/st/stm32cubeide_1.8.0/stm32cubeide/plugins/com.st.stm32cube.ide.mcu.externaltools.gnu-tools-for-stm32.9-2020-q2-update.win32_2.0.0.202105311346/tools/bin/../lib/gcc/arm-none-eabi/9.3.1/../../../../arm-none-eabi/lib/thumb/v7-m/nofp\libc_nano.a(lib_a-init.o)
 .ARM.attributes
                0x0000000000000179       0x2d d:/st/stm32cubeide_1.8.0/stm32cubeide/plugins/com.st.stm32cube.ide.mcu.externaltools.gnu-tools-for-stm32.9-2020-q2-update.win32_2.0.0.202105311346/tools/bin/../lib/gcc/arm-none-eabi/9.3.1/../../../../arm-none-eabi/lib/thumb/v7-m/nofp\libc_nano.a(lib_a-memcpy-stub.o)
 .ARM.attributes
                0x00000000000001a6       0x1d d:/st/stm32cubeide_1.8.0/stm32cubeide/plugins/com.st.stm32cube.ide.mcu.externaltools.gnu-tools-for-stm32.9-2020-q2-update.win32_2.0.0.202105311346/tools/bin/../lib/gcc/arm-none-eabi/9.3.1/thumb/v7-m/nofp/crtn.o
OUTPUT(CAN_Driver.elf elf32-littlearm)
LOAD linker stubs
LOAD d:/st/stm32cubeide_1.8.0/stm32cubeide/plugins/com.st.stm32cube.ide.mcu.externaltools.gnu-tools-for-stm32.9-2020-q2-update.win32_2.0.0.202105311346/tools/bin/../lib/gcc/arm-none-eabi/9.3.1/../../../../arm-none-eabi/lib/thumb/v7-m/nofp\libc.a
LOAD d:/st/stm32cubeide_1.8.0/stm32cubeide/plugins/com.st.stm32cube.ide.mcu.externaltools.gnu-tools-for-stm32.9-2020-q2-update.win32_2.0.0.202105311346/tools/bin/../lib/gcc/arm-none-eabi/9.3.1/../../../../arm-none-eabi/lib/thumb/v7-m/nofp\libm.a
LOAD d:/st/stm32cubeide_1.8.0/stm32cubeide/plugins/com.st.stm32cube.ide.mcu.externaltools.gnu-tools-for-stm32.9-2020-q2-update.win32_2.0.0.202105311346/tools/bin/../lib/gcc/arm-none-eabi/9.3.1/thumb/v7-m/nofp\libgcc.a

.debug_info     0x0000000000000000     0x3cee
 .debug_info    0x0000000000000000      0xf8a ./CAN/CAN.o
 .debug_info    0x0000000000000f8a      0xc52 ./Console/Console.o
 .debug_info    0x0000000000001bdc     0x109e ./GPIO/GPIO.o
 .debug_info    0x0000000000002c7a      0xdf2 ./Src/main.o
 .debug_info    0x0000000000003a6c      0x260 ./Src/system_stm32f1xx.o
 .debug_info    0x0000000000003ccc       0x22 ./Startup/startup_stm32f103c8tx.o

.debug_abbrev   0x0000000000000000      0xb2b
 .debug_abbrev  0x0000000000000000      0x264 ./CAN/CAN.o
 .debug_abbrev  0x0000000000000264      0x250 ./Console/Console.o
 .debug_abbrev  0x00000000000004b4      0x29f ./GPIO/GPIO.o
 .debug_abbrev  0x0000000000000753      0x278 ./Src/main.o
 .debug_abbrev  0x00000000000009cb      0x14e ./Src/system_stm32f1xx.o
 .debug_abbrev  0x0000000000000b19       0x12 ./Startup/startup_stm32f103c8tx.o

.debug_aranges  0x0000000000000000      0x138
 .debug_aranges
                0x0000000000000000       0x30 ./CAN/CAN.o
 .debug_aranges
                0x0000000000000030       0x28 ./Console/Console.o
 .debug_aranges
                0x0000000000000058       0x38 ./GPIO/GPIO.o
 .debug_aranges
                0x0000000000000090       0x58 ./Src/main.o
 .debug_aranges
                0x00000000000000e8       0x28 ./Src/system_stm32f1xx.o
 .debug_aranges
                0x0000000000000110       0x28 ./Startup/startup_stm32f103c8tx.o

.debug_ranges   0x0000000000000000       0xe0
 .debug_ranges  0x0000000000000000       0x20 ./CAN/CAN.o
 .debug_ranges  0x0000000000000020       0x18 ./Console/Console.o
 .debug_ranges  0x0000000000000038       0x28 ./GPIO/GPIO.o
 .debug_ranges  0x0000000000000060       0x48 ./Src/main.o
 .debug_ranges  0x00000000000000a8       0x18 ./Src/system_stm32f1xx.o
 .debug_ranges  0x00000000000000c0       0x20 ./Startup/startup_stm32f103c8tx.o

.debug_macro    0x0000000000000000    0x11de5
 .debug_macro   0x0000000000000000      0x2cd ./CAN/CAN.o
 .debug_macro   0x00000000000002cd      0xaa2 ./CAN/CAN.o
 .debug_macro   0x0000000000000d6f       0x22 ./CAN/CAN.o
 .debug_macro   0x0000000000000d91       0x8e ./CAN/CAN.o
 .debug_macro   0x0000000000000e1f       0x51 ./CAN/CAN.o
 .debug_macro   0x0000000000000e70      0x103 ./CAN/CAN.o
 .debug_macro   0x0000000000000f73       0x6a ./CAN/CAN.o
 .debug_macro   0x0000000000000fdd      0x1df ./CAN/CAN.o
 .debug_macro   0x00000000000011bc       0x22 ./CAN/CAN.o
 .debug_macro   0x00000000000011de       0x1c ./CAN/CAN.o
 .debug_macro   0x00000000000011fa       0x22 ./CAN/CAN.o
 .debug_macro   0x000000000000121c       0xc3 ./CAN/CAN.o
 .debug_macro   0x00000000000012df      0xd23 ./CAN/CAN.o
 .debug_macro   0x0000000000002002     0xe09e ./CAN/CAN.o
 .debug_macro   0x00000000000100a0       0x97 ./CAN/CAN.o
 .debug_macro   0x0000000000010137       0x52 ./CAN/CAN.o
 .debug_macro   0x0000000000010189       0x18 ./CAN/CAN.o
 .debug_macro   0x00000000000101a1       0x3c ./CAN/CAN.o
 .debug_macro   0x00000000000101dd       0x34 ./CAN/CAN.o
 .debug_macro   0x0000000000010211      0x174 ./CAN/CAN.o
 .debug_macro   0x0000000000010385       0x16 ./CAN/CAN.o
 .debug_macro   0x000000000001039b       0x43 ./CAN/CAN.o
 .debug_macro   0x00000000000103de       0x34 ./CAN/CAN.o
 .debug_macro   0x0000000000010412       0x10 ./CAN/CAN.o
 .debug_macro   0x0000000000010422       0x58 ./CAN/CAN.o
 .debug_macro   0x000000000001047a       0x71 ./CAN/CAN.o
 .debug_macro   0x00000000000104eb       0x1c ./CAN/CAN.o
 .debug_macro   0x0000000000010507      0x12a ./CAN/CAN.o
 .debug_macro   0x0000000000010631      0x333 ./CAN/CAN.o
 .debug_macro   0x0000000000010964       0x10 ./CAN/CAN.o
 .debug_macro   0x0000000000010974       0x35 ./CAN/CAN.o
 .debug_macro   0x00000000000109a9       0x20 ./CAN/CAN.o
 .debug_macro   0x00000000000109c9       0x22 ./CAN/CAN.o
 .debug_macro   0x00000000000109eb       0x16 ./CAN/CAN.o
 .debug_macro   0x0000000000010a01       0x16 ./CAN/CAN.o
 .debug_macro   0x0000000000010a17       0x29 ./CAN/CAN.o
 .debug_macro   0x0000000000010a40       0x58 ./CAN/CAN.o
 .debug_macro   0x0000000000010a98       0x1c ./CAN/CAN.o
 .debug_macro   0x0000000000010ab4       0x10 ./CAN/CAN.o
 .debug_macro   0x0000000000010ac4       0x1c ./CAN/CAN.o
 .debug_macro   0x0000000000010ae0       0x52 ./CAN/CAN.o
 .debug_macro   0x0000000000010b32       0x22 ./CAN/CAN.o
 .debug_macro   0x0000000000010b54       0x10 ./CAN/CAN.o
 .debug_macro   0x0000000000010b64       0x40 ./CAN/CAN.o
 .debug_macro   0x0000000000010ba4       0xd5 ./CAN/CAN.o
 .debug_macro   0x0000000000010c79       0x1c ./CAN/CAN.o
 .debug_macro   0x0000000000010c95       0x3d ./CAN/CAN.o
 .debug_macro   0x0000000000010cd2       0x16 ./CAN/CAN.o
 .debug_macro   0x0000000000010ce8      0x145 ./CAN/CAN.o
 .debug_macro   0x0000000000010e2d       0x10 ./CAN/CAN.o
 .debug_macro   0x0000000000010e3d      0x460 ./CAN/CAN.o
 .debug_macro   0x000000000001129d       0x10 ./CAN/CAN.o
 .debug_macro   0x00000000000112ad       0x52 ./CAN/CAN.o
 .debug_macro   0x00000000000112ff       0xfa ./CAN/CAN.o
 .debug_macro   0x00000000000113f9      0x2ba ./Console/Console.o
 .debug_macro   0x00000000000116b3      0x2b6 ./GPIO/GPIO.o
 .debug_macro   0x0000000000011969       0x4c ./GPIO/GPIO.o
 .debug_macro   0x00000000000119b5      0x2cd ./Src/main.o
 .debug_macro   0x0000000000011c82       0xc8 ./Src/system_stm32f1xx.o
 .debug_macro   0x0000000000011d4a       0x2e ./Src/system_stm32f1xx.o
 .debug_macro   0x0000000000011d78       0x6d ./Src/system_stm32f1xx.o

.debug_line     0x0000000000000000     0x29cf
 .debug_line    0x0000000000000000      0xbcc ./CAN/CAN.o
 .debug_line    0x0000000000000bcc      0x752 ./Console/Console.o
 .debug_line    0x000000000000131e      0x7cd ./GPIO/GPIO.o
 .debug_line    0x0000000000001aeb      0x9c4 ./Src/main.o
 .debug_line    0x00000000000024af      0x49c ./Src/system_stm32f1xx.o
 .debug_line    0x000000000000294b       0x84 ./Startup/startup_stm32f103c8tx.o

.debug_str      0x0000000000000000    0x5a6b2
 .debug_str     0x0000000000000000    0x5a197 ./CAN/CAN.o
                                      0x5a514 (size before relaxing)
 .debug_str     0x000000000005a197       0x4c ./Console/Console.o
                                      0x59f4f (size before relaxing)
 .debug_str     0x000000000005a1e3      0x366 ./GPIO/GPIO.o
                                      0x5a2fa (size before relaxing)
 .debug_str     0x000000000005a549       0xbf ./Src/main.o
                                      0x5a472 (size before relaxing)
 .debug_str     0x000000000005a608       0x79 ./Src/system_stm32f1xx.o
                                      0x546e4 (size before relaxing)
 .debug_str     0x000000000005a681       0x31 ./Startup/startup_stm32f103c8tx.o
                                         0x75 (size before relaxing)

.comment        0x0000000000000000       0x53
 .comment       0x0000000000000000       0x53 ./CAN/CAN.o
                                         0x54 (size before relaxing)
 .comment       0x0000000000000053       0x54 ./Console/Console.o
 .comment       0x0000000000000053       0x54 ./GPIO/GPIO.o
 .comment       0x0000000000000053       0x54 ./Src/main.o
 .comment       0x0000000000000053       0x54 ./Src/system_stm32f1xx.o

.debug_frame    0x0000000000000000      0x384
 .debug_frame   0x0000000000000000       0x94 ./CAN/CAN.o
 .debug_frame   0x0000000000000094       0x74 ./Console/Console.o
 .debug_frame   0x0000000000000108       0xac ./GPIO/GPIO.o
 .debug_frame   0x00000000000001b4      0x124 ./Src/main.o
 .debug_frame   0x00000000000002d8       0x58 ./Src/system_stm32f1xx.o
 .debug_frame   0x0000000000000330       0x2c d:/st/stm32cubeide_1.8.0/stm32cubeide/plugins/com.st.stm32cube.ide.mcu.externaltools.gnu-tools-for-stm32.9-2020-q2-update.win32_2.0.0.202105311346/tools/bin/../lib/gcc/arm-none-eabi/9.3.1/../../../../arm-none-eabi/lib/thumb/v7-m/nofp\libc_nano.a(lib_a-init.o)
 .debug_frame   0x000000000000035c       0x28 d:/st/stm32cubeide_1.8.0/stm32cubeide/plugins/com.st.stm32cube.ide.mcu.externaltools.gnu-tools-for-stm32.9-2020-q2-update.win32_2.0.0.202105311346/tools/bin/../lib/gcc/arm-none-eabi/9.3.1/../../../../arm-none-eabi/lib/thumb/v7-m/nofp\libc_nano.a(lib_a-memcpy-stub.o)
