Archive member included to satisfy reference by file (symbol)

d:/st/stm32cubeide_1.8.0/stm32cubeide/plugins/com.st.stm32cube.ide.mcu.externaltools.gnu-tools-for-stm32.9-2020-q2-update.win32_2.0.0.202105311346/tools/bin/../lib/gcc/arm-none-eabi/9.3.1/../../../../arm-none-eabi/lib/thumb/v7-m/nofp\libc_nano.a(lib_a-errno.o)
                              ./Src/syscalls.o (__errno)
d:/st/stm32cubeide_1.8.0/stm32cubeide/plugins/com.st.stm32cube.ide.mcu.externaltools.gnu-tools-for-stm32.9-2020-q2-update.win32_2.0.0.202105311346/tools/bin/../lib/gcc/arm-none-eabi/9.3.1/../../../../arm-none-eabi/lib/thumb/v7-m/nofp\libc_nano.a(lib_a-exit.o)
                              d:/st/stm32cubeide_1.8.0/stm32cubeide/plugins/com.st.stm32cube.ide.mcu.externaltools.gnu-tools-for-stm32.9-2020-q2-update.win32_2.0.0.202105311346/tools/bin/../lib/gcc/arm-none-eabi/9.3.1/../../../../arm-none-eabi/lib/thumb/v7-m/nofp/crt0.o (exit)
d:/st/stm32cubeide_1.8.0/stm32cubeide/plugins/com.st.stm32cube.ide.mcu.externaltools.gnu-tools-for-stm32.9-2020-q2-update.win32_2.0.0.202105311346/tools/bin/../lib/gcc/arm-none-eabi/9.3.1/../../../../arm-none-eabi/lib/thumb/v7-m/nofp\libc_nano.a(lib_a-impure.o)
                              d:/st/stm32cubeide_1.8.0/stm32cubeide/plugins/com.st.stm32cube.ide.mcu.externaltools.gnu-tools-for-stm32.9-2020-q2-update.win32_2.0.0.202105311346/tools/bin/../lib/gcc/arm-none-eabi/9.3.1/../../../../arm-none-eabi/lib/thumb/v7-m/nofp\libc_nano.a(lib_a-exit.o) (_global_impure_ptr)
d:/st/stm32cubeide_1.8.0/stm32cubeide/plugins/com.st.stm32cube.ide.mcu.externaltools.gnu-tools-for-stm32.9-2020-q2-update.win32_2.0.0.202105311346/tools/bin/../lib/gcc/arm-none-eabi/9.3.1/../../../../arm-none-eabi/lib/thumb/v7-m/nofp\libc_nano.a(lib_a-init.o)
                              d:/st/stm32cubeide_1.8.0/stm32cubeide/plugins/com.st.stm32cube.ide.mcu.externaltools.gnu-tools-for-stm32.9-2020-q2-update.win32_2.0.0.202105311346/tools/bin/../lib/gcc/arm-none-eabi/9.3.1/../../../../arm-none-eabi/lib/thumb/v7-m/nofp/crt0.o (__libc_init_array)
d:/st/stm32cubeide_1.8.0/stm32cubeide/plugins/com.st.stm32cube.ide.mcu.externaltools.gnu-tools-for-stm32.9-2020-q2-update.win32_2.0.0.202105311346/tools/bin/../lib/gcc/arm-none-eabi/9.3.1/../../../../arm-none-eabi/lib/thumb/v7-m/nofp\libc_nano.a(lib_a-memset.o)
                              d:/st/stm32cubeide_1.8.0/stm32cubeide/plugins/com.st.stm32cube.ide.mcu.externaltools.gnu-tools-for-stm32.9-2020-q2-update.win32_2.0.0.202105311346/tools/bin/../lib/gcc/arm-none-eabi/9.3.1/../../../../arm-none-eabi/lib/thumb/v7-m/nofp/crt0.o (memset)
d:/st/stm32cubeide_1.8.0/stm32cubeide/plugins/com.st.stm32cube.ide.mcu.externaltools.gnu-tools-for-stm32.9-2020-q2-update.win32_2.0.0.202105311346/tools/bin/../lib/gcc/arm-none-eabi/9.3.1/../../../../arm-none-eabi/lib/thumb/v7-m/nofp\libc_nano.a(lib_a-strlen.o)
                              ./Console/Console.o (strlen)
d:/st/stm32cubeide_1.8.0/stm32cubeide/plugins/com.st.stm32cube.ide.mcu.externaltools.gnu-tools-for-stm32.9-2020-q2-update.win32_2.0.0.202105311346/tools/bin/../lib/gcc/arm-none-eabi/9.3.1/../../../../arm-none-eabi/lib/thumb/v7-m/nofp\libc_nano.a(lib_a-vsprintf.o)
                              ./Console/Console.o (vsprintf)
d:/st/stm32cubeide_1.8.0/stm32cubeide/plugins/com.st.stm32cube.ide.mcu.externaltools.gnu-tools-for-stm32.9-2020-q2-update.win32_2.0.0.202105311346/tools/bin/../lib/gcc/arm-none-eabi/9.3.1/../../../../arm-none-eabi/lib/thumb/v7-m/nofp\libc_nano.a(lib_a-nano-svfprintf.o)
                              d:/st/stm32cubeide_1.8.0/stm32cubeide/plugins/com.st.stm32cube.ide.mcu.externaltools.gnu-tools-for-stm32.9-2020-q2-update.win32_2.0.0.202105311346/tools/bin/../lib/gcc/arm-none-eabi/9.3.1/../../../../arm-none-eabi/lib/thumb/v7-m/nofp\libc_nano.a(lib_a-vsprintf.o) (_svfprintf_r)
d:/st/stm32cubeide_1.8.0/stm32cubeide/plugins/com.st.stm32cube.ide.mcu.externaltools.gnu-tools-for-stm32.9-2020-q2-update.win32_2.0.0.202105311346/tools/bin/../lib/gcc/arm-none-eabi/9.3.1/../../../../arm-none-eabi/lib/thumb/v7-m/nofp\libc_nano.a(lib_a-nano-vfprintf_i.o)
                              d:/st/stm32cubeide_1.8.0/stm32cubeide/plugins/com.st.stm32cube.ide.mcu.externaltools.gnu-tools-for-stm32.9-2020-q2-update.win32_2.0.0.202105311346/tools/bin/../lib/gcc/arm-none-eabi/9.3.1/../../../../arm-none-eabi/lib/thumb/v7-m/nofp\libc_nano.a(lib_a-nano-svfprintf.o) (_printf_i)
d:/st/stm32cubeide_1.8.0/stm32cubeide/plugins/com.st.stm32cube.ide.mcu.externaltools.gnu-tools-for-stm32.9-2020-q2-update.win32_2.0.0.202105311346/tools/bin/../lib/gcc/arm-none-eabi/9.3.1/../../../../arm-none-eabi/lib/thumb/v7-m/nofp\libc_nano.a(lib_a-memchr-stub.o)
                              d:/st/stm32cubeide_1.8.0/stm32cubeide/plugins/com.st.stm32cube.ide.mcu.externaltools.gnu-tools-for-stm32.9-2020-q2-update.win32_2.0.0.202105311346/tools/bin/../lib/gcc/arm-none-eabi/9.3.1/../../../../arm-none-eabi/lib/thumb/v7-m/nofp\libc_nano.a(lib_a-nano-svfprintf.o) (memchr)
[...]
Memory Configuration

Name             Origin             Length             Attributes
RAM              0x0000000020000000 0x0000000000005000 xrw
FLASH            0x0000000008000000 0x0000000000010000 xr
*default*        0x0000000000000000 0xffffffffffffffff

Linker script and memory map

LOAD d:/st/stm32cubeide_1.8.0/stm32cubeide/plugins/com.st.stm32cube.ide.mcu.externaltools.gnu-tools-for-stm32.9-2020-q2-update.win32_2.0.0.202105311346/tools/bin/../lib/gcc/arm-none-eabi/9.3.1/thumb/v7-m/nofp/crti.o
LOAD d:/st/stm32cubeide_1.8.0/stm32cubeide/plugins/com.st.stm32cube.ide.mcu.externaltools.gnu-tools-for-stm32.9-2020-q2-update.win32_2.0.0.202105311346/tools/bin/../lib/gcc/arm-none-eabi/9.3.1/thumb/v7-m/nofp/crtbegin.o
LOAD d:/st/stm32cubeide_1.8.0/stm32cubeide/plugins/com.st.stm32cube.ide.mcu.externaltools.gnu-tools-for-stm32.9-2020-q2-update.win32_2.0.0.202105311346/tools/bin/../lib/gcc/arm-none-eabi/9.3.1/../../../../arm-none-eabi/lib/thumb/v7-m/nofp/crt0.o
LOAD ./CAN/CAN.o
LOAD ./CAN/CANOpen_V1.o
LOAD ./Console/Console.o
LOAD ./GPIO/GPIO.o
LOAD ./Src/main.o
LOAD ./Src/syscalls.o
LOAD ./Src/sysmem.o
LOAD ./Src/system_stm32f1xx.o
LOAD ./Startup/startup_stm32f103c8tx.o
START GROUP
LOAD d:/st/stm32cubeide_1.8.0/stm32cubeide/plugins/com.st.stm32cube.ide.mcu.externaltools.gnu-tools-for-stm32.9-2020-q2-update.win32_2.0.0.202105311346/tools/bin/../lib/gcc/arm-none-eabi/9.3.1/../../../../arm-none-eabi/lib/thumb/v7-m/nofp\libc_nano.a
LOAD d:/st/stm32cubeide_1.8.0/stm32cubeide/plugins/com.st.stm32cube.ide.mcu.externaltools.gnu-tools-for-stm32.9-2020-q2-update.win32_2.0.0.202105311346/tools/bin/../lib/gcc/arm-none-eabi/9.3.1/../../../../arm-none-eabi/lib/thumb/v7-m/nofp\libm.a
END GROUP
START GROUP
LOAD d:/st/stm32cubeide_1.8.0/stm32cubeide/plugins/com.st.stm32cube.ide.mcu.externaltools.gnu-tools-for-stm32.9-2020-q2-update.win32_2.0.0.202105311346/tools/bin/../lib/gcc/arm-none-eabi/9.3.1/thumb/v7-m/nofp\libgcc.a
LOAD d:/st/stm32cubeide_1.8.0/stm32cubeide/plugins/com.st.stm32cube.ide.mcu.externaltools.gnu-tools-for-stm32.9-2020-q2-update.win32_2.0.0.202105311346/tools/bin/../lib/gcc/arm-none-eabi/9.3.1/../../../../arm-none-eabi/lib/thumb/v7-m/nofp\libc_nano.a
END GROUP
START GROUP
LOAD d:/st/stm32cubeide_1.8.0/stm32cubeide/plugins/com.st.stm32cube.ide.mcu.externaltools.gnu-tools-for-stm32.9-2020-q2-update.win32_2.0.0.202105311346/tools/bin/../lib/gcc/arm-none-eabi/9.3.1/thumb/v7-m/nofp\libgcc.a
LOAD d:/st/stm32cubeide_1.8.0/stm32cubeide/plugins/com.st.stm32cube.ide.mcu.externaltools.gnu-tools-for-stm32.9-2020-q2-update.win32_2.0.0.202105311346/tools/bin/../lib/gcc/arm-none-eabi/9.3.1/../../../../arm-none-eabi/lib/thumb/v7-m/nofp\libc_nano.a
LOAD d:/st/stm32cubeide_1.8.0/stm32cubeide/plugins/com.st.stm32cube.ide.mcu.externaltools.gnu-tools-for-stm32.9-2020-q2-update.win32_2.0.0.202105311346/tools/bin/../lib/gcc/arm-none-eabi/9.3.1/../../../../arm-none-eabi/lib/thumb/v7-m/nofp\libnosys.a
END GROUP
START GROUP
LOAD d:/st/stm32cubeide_1.8.0/stm32cubeide/plugins/com.st.stm32cube.ide.mcu.externaltools.gnu-tools-for-stm32.9-2020-q2-update.win32_2.0.0.202105311346/tools/bin/../lib/gcc/arm-none-eabi/9.3.1/thumb/v7-m/nofp\libgcc.a
LOAD d:/st/stm32cubeide_1.8.0/stm32cubeide/plugins/com.st.stm32cube.ide.mcu.externaltools.gnu-tools-for-stm32.9-2020-q2-update.win32_2.0.0.202105311346/tools/bin/../lib/gcc/arm-none-eabi/9.3.1/../../../../arm-none-eabi/lib/thumb/v7-m/nofp\libc_nano.a
LOAD d:/st/stm32cubeide_1.8.0/stm32cubeide/plugins/com.st.stm32cube.ide.mcu.externaltools.gnu-tools-for-stm32.9-2020-q2-update.win32_2.0.0.202105311346/tools/bin/../lib/gcc/arm-none-eabi/9.3.1/../../../../arm-none-eabi/lib/thumb/v7-m/nofp\libnosys.a
END GROUP
LOAD d:/st/stm32cubeide_1.8.0/stm32cubeide/plugins/com.st.stm32cube.ide.mcu.externaltools.gnu-tools-for-stm32.9-2020-q2-update.win32_2.0.0.202105311346/tools/bin/../lib/gcc/arm-none-eabi/9.3.1/thumb/v7-m/nofp/crtend.o
LOAD d:/st/stm32cubeide_1.8.0/stm32cubeide/plugins/com.st.stm32cube.ide.mcu.externaltools.gnu-tools-for-stm32.9-2020-q2-update.win32_2.0.0.202105311346/tools/bin/../lib/gcc/arm-none-eabi/9.3.1/thumb/v7-m/nofp/crtn.o
                0x0000000020005000                _estack = (ORIGIN (RAM) + LENGTH (RAM))
                0x0000000000000200                _Min_Heap_Size = 0x200
                0x0000000000000400                _Min_Stack_Size = 0x400

.isr_vector     0x0000000008000000      0x130
                0x0000000008000000                . = ALIGN (0x4)
 *(.isr_vector)
 .isr_vector    0x0000000008000000      0x130 ./Startup/startup_stm32f103c8tx.o
                0x0000000008000000                g_pfnVectors
                0x0000000008000130                . = ALIGN (0x4)

.text           0x0000000008000130      0x5e4
                0x0000000008000130                . = ALIGN (0x4)
 *(.text)
 .text          0x0000000008000130       0x40 d:/st/stm32cubeide_1.8.0/stm32cubeide/plugins/com.st.stm32cube.ide.mcu.externaltools.gnu-tools-for-stm32.9-2020-q2-update.win32_2.0.0.202105311346/tools/bin/../lib/gcc/arm-none-eabi/9.3.1/thumb/v7-m/nofp/crtbegin.o
 *(.text*)
 .text.CAN_Init
                0x0000000008000170       0xd4 ./CAN/CAN.o
                0x0000000008000170                CAN_Init
 .text.GPIO_Pin_Setup
                0x0000000008000244      0x14c ./GPIO/GPIO.o
                0x0000000008000244                GPIO_Pin_Setup
 .text.SystemAPB1_Clock_Speed
                0x0000000008000390       0x2c ./Src/main.o
 .text.SystemAPB2_Clock_Speed
                0x00000000080003bc       0x2c ./Src/main.o
 .text.MCU_Clock_Init
                0x00000000080003e8       0xc0 ./Src/main.o
 .text.Delay_Config
                0x00000000080004a8       0x34 ./Src/main.o
 .text.Delay_ms
                0x00000000080004dc       0x50 ./Src/main.o
 .text.main     0x000000000800052c       0x44 ./Src/main.o
                0x000000000800052c                main
 .text.SystemInit
                0x0000000008000570        0xc ./Src/system_stm32f1xx.o
                0x0000000008000570                SystemInit
 .text.SystemCoreClockUpdate
                0x000000000800057c       0xe4 ./Src/system_stm32f1xx.o
                0x000000000800057c                SystemCoreClockUpdate
 .text.Reset_Handler
                0x0000000008000660       0x50 ./Startup/startup_stm32f103c8tx.o
                0x0000000008000660                Reset_Handler
 .text.Default_Handler
                0x00000000080006b0        0x2 ./Startup/startup_stm32f103c8tx.o
                0x00000000080006b0                EXTI2_IRQHandler
                0x00000000080006b0                TIM8_TRG_COM_IRQHandler
                0x00000000080006b0                TIM8_CC_IRQHandler
                0x00000000080006b0                DebugMon_Handler
                0x00000000080006b0                TIM1_CC_IRQHandler
                0x00000000080006b0                HardFault_Handler
                0x00000000080006b0                TIM6_IRQHandler
                0x00000000080006b0                SysTick_Handler
                0x00000000080006b0                PVD_IRQHandler
                0x00000000080006b0                SDIO_IRQHandler
                0x00000000080006b0                PendSV_Handler
                0x00000000080006b0                NMI_Handler
                0x00000000080006b0                EXTI3_IRQHandler
                0x00000000080006b0                USB_HP_CAN_TX_IRQHandler
                0x00000000080006b0                EXTI0_IRQHandler
                0x00000000080006b0                I2C2_EV_IRQHandler
                0x00000000080006b0                UsageFault_Handler
                0x00000000080006b0                ADC1_2_IRQHandler
                0x00000000080006b0                SPI1_IRQHandler
                0x00000000080006b0                CAN_SCE_IRQHandler
                0x00000000080006b0                TAMPER_IRQHandler
                0x00000000080006b0                TIM8_UP_IRQHandler
                0x00000000080006b0                DMA2_Channel2_IRQHandler
                0x00000000080006b0                DMA1_Channel4_IRQHandler
                0x00000000080006b0                USART3_IRQHandler
                0x00000000080006b0                RTC_IRQHandler
                0x00000000080006b0                DMA1_Channel7_IRQHandler
                0x00000000080006b0                UART5_IRQHandler
                0x00000000080006b0                ADC3_IRQHandler
                0x00000000080006b0                TIM4_IRQHandler
                0x00000000080006b0                CAN_RX1_IRQHandler
                0x00000000080006b0                DMA2_Channel1_IRQHandler
                0x00000000080006b0                I2C1_EV_IRQHandler
                0x00000000080006b0                DMA1_Channel6_IRQHandler
                0x00000000080006b0                UART4_IRQHandler
                0x00000000080006b0                TIM3_IRQHandler
                0x00000000080006b0                RCC_IRQHandler
                0x00000000080006b0                TIM1_TRG_COM_IRQHandler
                0x00000000080006b0                DMA1_Channel1_IRQHandler
                0x00000000080006b0                Default_Handler
                0x00000000080006b0                EXTI15_10_IRQHandler
                0x00000000080006b0                TIM7_IRQHandler
                0x00000000080006b0                TIM5_IRQHandler
                0x00000000080006b0                EXTI9_5_IRQHandler
                0x00000000080006b0                SPI2_IRQHandler
                0x00000000080006b0                USB_LP_CAN_RX0_IRQHandler
                0x00000000080006b0                MemManage_Handler
                0x00000000080006b0                SVC_Handler
                0x00000000080006b0                DMA1_Channel5_IRQHandler
                0x00000000080006b0                EXTI4_IRQHandler
                0x00000000080006b0                DMA1_Channel3_IRQHandler
                0x00000000080006b0                FSMC_IRQHandler
                0x00000000080006b0                TIM1_UP_IRQHandler
                0x00000000080006b0                WWDG_IRQHandler
                0x00000000080006b0                TIM2_IRQHandler
                0x00000000080006b0                TIM1_BRK_IRQHandler
                0x00000000080006b0                EXTI1_IRQHandler
                0x00000000080006b0                RTCAlarm_IRQHandler
                0x00000000080006b0                DMA2_Channel4_5_IRQHandler
                0x00000000080006b0                USART2_IRQHandler
                0x00000000080006b0                I2C2_ER_IRQHandler
                0x00000000080006b0                DMA1_Channel2_IRQHandler
                0x00000000080006b0                TIM8_BRK_IRQHandler
                0x00000000080006b0                FLASH_IRQHandler
                0x00000000080006b0                BusFault_Handler
                0x00000000080006b0                USART1_IRQHandler
                0x00000000080006b0                SPI3_IRQHandler
                0x00000000080006b0                I2C1_ER_IRQHandler
                0x00000000080006b0                DMA2_Channel3_IRQHandler
 *fill*         0x00000000080006b2        0x2 
 .text.__libc_init_array
                0x00000000080006b4       0x48 d:/st/stm32cubeide_1.8.0/stm32cubeide/plugins/com.st.stm32cube.ide.mcu.externaltools.gnu-tools-for-stm32.9-2020-q2-update.win32_2.0.0.202105311346/tools/bin/../lib/gcc/arm-none-eabi/9.3.1/../../../../arm-none-eabi/lib/thumb/v7-m/nofp\libc_nano.a(lib_a-init.o)
                0x00000000080006b4                __libc_init_array
 *(.glue_7)
 .glue_7        0x00000000080006fc        0x0 linker stubs
 *(.glue_7t)
 .glue_7t       0x00000000080006fc        0x0 linker stubs
 *(.eh_frame)
 .eh_frame      0x00000000080006fc        0x0 d:/st/stm32cubeide_1.8.0/stm32cubeide/plugins/com.st.stm32cube.ide.mcu.externaltools.gnu-tools-for-stm32.9-2020-q2-update.win32_2.0.0.202105311346/tools/bin/../lib/gcc/arm-none-eabi/9.3.1/thumb/v7-m/nofp/crtbegin.o
 *(.init)
 .init          0x00000000080006fc        0x4 d:/st/stm32cubeide_1.8.0/stm32cubeide/plugins/com.st.stm32cube.ide.mcu.externaltools.gnu-tools-for-stm32.9-2020-q2-update.win32_2.0.0.202105311346/tools/bin/../lib/gcc/arm-none-eabi/9.3.1/thumb/v7-m/nofp/crti.o
                0x00000000080006fc                _init
 .init          0x0000000008000700        0x8 d:/st/stm32cubeide_1.8.0/stm32cubeide/plugins/com.st.stm32cube.ide.mcu.externaltools.gnu-tools-for-stm32.9-2020-q2-update.win32_2.0.0.202105311346/tools/bin/../lib/gcc/arm-none-eabi/9.3.1/thumb/v7-m/nofp/crtn.o
 *(.fini)
 .fini          0x0000000008000708        0x4 d:/st/stm32cubeide_1.8.0/stm32cubeide/plugins/com.st.stm32cube.ide.mcu.externaltools.gnu-tools-for-stm32.9-2020-q2-update.win32_2.0.0.202105311346/tools/bin/../lib/gcc/arm-none-eabi/9.3.1/thumb/v7-m/nofp/crti.o
                0x0000000008000708                _fini
 .fini          0x000000000800070c        0x8 d:/st/stm32cubeide_1.8.0/stm32cubeide/plugins/com.st.stm32cube.ide.mcu.externaltools.gnu-tools-for-stm32.9-2020-q2-update.win32_2.0.0.202105311346/tools/bin/../lib/gcc/arm-none-eabi/9.3.1/thumb/v7-m/nofp/crtn.o
                0x0000000008000714                . = ALIGN (0x4)
                0x0000000008000714                _etext = .

.vfp11_veneer   0x0000000008000714        0x0
 .vfp11_veneer  0x0000000008000714        0x0 linker stubs

.v4_bx          0x0000000008000714        0x0
 .v4_bx         0x0000000008000714        0x0 linker stubs

.iplt           0x0000000008000714        0x0
 .iplt          0x0000000008000714        0x0 d:/st/stm32cubeide_1.8.0/stm32cubeide/plugins/com.st.stm32cube.ide.mcu.externaltools.gnu-tools-for-stm32.9-2020-q2-update.win32_2.0.0.202105311346/tools/bin/../lib/gcc/arm-none-eabi/9.3.1/thumb/v7-m/nofp/crtbegin.o

.rodata         0x0000000008000714       0x18
                0x0000000008000714                . = ALIGN (0x4)
 *(.rodata)
 *(.rodata*)
 .rodata.AHBPrescTable
                0x0000000008000714       0x10 ./Src/system_stm32f1xx.o
                0x0000000008000714                AHBPrescTable
 .rodata.APBPrescTable
                0x0000000008000724        0x8 ./Src/system_stm32f1xx.o
                0x0000000008000724                APBPrescTable
                0x000000000800072c                . = ALIGN (0x4)

.rel.dyn        0x000000000800072c        0x0
 .rel.iplt      0x000000000800072c        0x0 d:/st/stm32cubeide_1.8.0/stm32cubeide/plugins/com.st.stm32cube.ide.mcu.externaltools.gnu-tools-for-stm32.9-2020-q2-update.win32_2.0.0.202105311346/tools/bin/../lib/gcc/arm-none-eabi/9.3.1/thumb/v7-m/nofp/crtbegin.o

.ARM.extab      0x000000000800072c        0x0
                0x000000000800072c                . = ALIGN (0x4)
 *(.ARM.extab* .gnu.linkonce.armextab.*)
                0x000000000800072c                . = ALIGN (0x4)

.ARM            0x000000000800072c        0x0
                0x000000000800072c                . = ALIGN (0x4)
                0x000000000800072c                __exidx_start = .
 *(.ARM.exidx*)
                0x000000000800072c                __exidx_end = .
                0x000000000800072c                . = ALIGN (0x4)

.preinit_array  0x000000000800072c        0x0
                0x000000000800072c                . = ALIGN (0x4)
                0x000000000800072c                PROVIDE (__preinit_array_start = .)
 *(.preinit_array*)
                0x000000000800072c                PROVIDE (__preinit_array_end = .)
                0x000000000800072c                . = ALIGN (0x4)

.init_array     0x000000000800072c        0x4
                0x000000000800072c                . = ALIGN (0x4)
                0x000000000800072c                PROVIDE (__init_array_start = .)
 *(SORT_BY_NAME(.init_array.*))
 *(.init_array*)
 .init_array    0x000000000800072c        0x4 d:/st/stm32cubeide_1.8.0/stm32cubeide/plugins/com.st.stm32cube.ide.mcu.externaltools.gnu-tools-for-stm32.9-2020-q2-update.win32_2.0.0.202105311346/tools/bin/../lib/gcc/arm-none-eabi/9.3.1/thumb/v7-m/nofp/crtbegin.o
                0x0000000008000730                PROVIDE (__init_array_end = .)
                0x0000000008000730                . = ALIGN (0x4)

.fini_array     0x0000000008000730        0x4
                0x0000000008000730                . = ALIGN (0x4)
                [!provide]                        PROVIDE (__fini_array_start = .)
 *(SORT_BY_NAME(.fini_array.*))
 *(.fini_array*)
 .fini_array    0x0000000008000730        0x4 d:/st/stm32cubeide_1.8.0/stm32cubeide/plugins/com.st.stm32cube.ide.mcu.externaltools.gnu-tools-for-stm32.9-2020-q2-update.win32_2.0.0.202105311346/tools/bin/../lib/gcc/arm-none-eabi/9.3.1/thumb/v7-m/nofp/crtbegin.o
                [!provide]                        PROVIDE (__fini_array_end = .)
                0x0000000008000734                . = ALIGN (0x4)
                0x0000000008000734                _sidata = LOADADDR (.data)

.data           0x0000000020000000        0x4 load address 0x0000000008000734
                0x0000000020000000                . = ALIGN (0x4)
                0x0000000020000000                _sdata = .
 *(.data)
 *(.data*)
 .data.SystemCoreClock
                0x0000000020000000        0x4 ./Src/system_stm32f1xx.o
                0x0000000020000000                SystemCoreClock
 *(.RamFunc)
 *(.RamFunc*)
                0x0000000020000004                . = ALIGN (0x4)
                0x0000000020000004                _edata = .

.igot.plt       0x0000000020000004        0x0 load address 0x0000000008000738
 .igot.plt      0x0000000020000004        0x0 d:/st/stm32cubeide_1.8.0/stm32cubeide/plugins/com.st.stm32cube.ide.mcu.externaltools.gnu-tools-for-stm32.9-2020-q2-update.win32_2.0.0.202105311346/tools/bin/../lib/gcc/arm-none-eabi/9.3.1/thumb/v7-m/nofp/crtbegin.o
                0x0000000020000004                . = ALIGN (0x4)

.bss            0x0000000020000004       0x24 load address 0x0000000008000738
                0x0000000020000004                _sbss = .
                0x0000000020000004                __bss_start__ = _sbss
 *(.bss)
 .bss           0x0000000020000004       0x1c d:/st/stm32cubeide_1.8.0/stm32cubeide/plugins/com.st.stm32cube.ide.mcu.externaltools.gnu-tools-for-stm32.9-2020-q2-update.win32_2.0.0.202105311346/tools/bin/../lib/gcc/arm-none-eabi/9.3.1/thumb/v7-m/nofp/crtbegin.o
 *(.bss*)
 *(COMMON)
 COMMON         0x0000000020000020        0x8 ./CAN/CAN.o
                0x0000000020000020                APB2CLK_SPEED
                0x0000000020000024                APB1CLK_SPEED
                0x0000000020000028                . = ALIGN (0x4)
                0x0000000020000028                _ebss = .
                0x0000000020000028                __bss_end__ = _ebss

._user_heap_stack
                0x0000000020000028      0x600 load address 0x0000000008000738
                0x0000000020000028                . = ALIGN (0x8)
                [!provide]                        PROVIDE (end = .)
                0x0000000020000028                PROVIDE (_end = .)
                0x0000000020000228                . = (. + _Min_Heap_Size)
 *fill*         0x0000000020000028      0x200 
                0x0000000020000628                . = (. + _Min_Stack_Size)
 *fill*         0x0000000020000228      0x400 
                0x0000000020000628                . = ALIGN (0x8)

/DISCARD/
 libc.a(*)
 libm.a(*)
 libgcc.a(*)

.ARM.attributes
                0x0000000000000000       0x29
 *(.ARM.attributes)
 .ARM.attributes
                0x0000000000000000       0x1d d:/st/stm32cubeide_1.8.0/stm32cubeide/plugins/com.st.stm32cube.ide.mcu.externaltools.gnu-tools-for-stm32.9-2020-q2-update.win32_2.0.0.202105311346/tools/bin/../lib/gcc/arm-none-eabi/9.3.1/thumb/v7-m/nofp/crti.o
 .ARM.attributes
                0x000000000000001d       0x2d d:/st/stm32cubeide_1.8.0/stm32cubeide/plugins/com.st.stm32cube.ide.mcu.externaltools.gnu-tools-for-stm32.9-2020-q2-update.win32_2.0.0.202105311346/tools/bin/../lib/gcc/arm-none-eabi/9.3.1/thumb/v7-m/nofp/crtbegin.o
 .ARM.attributes
                0x000000000000004a       0x2d ./CAN/CAN.o
 .ARM.attributes
                0x0000000000000077       0x2d ./GPIO/GPIO.o
 .ARM.attributes
                0x00000000000000a4       0x2d ./Src/main.o
 .ARM.attributes
                0x00000000000000d1       0x2d ./Src/system_stm32f1xx.o
 .ARM.attributes
                0x00000000000000fe       0x21 ./Startup/startup_stm32f103c8tx.o
 .ARM.attributes
                0x000000000000011f       0x2d d:/st/stm32cubeide_1.8.0/stm32cubeide/plugins/com.st.stm32cube.ide.mcu.externaltools.gnu-tools-for-stm32.9-2020-q2-update.win32_2.0.0.202105311346/tools/bin/../lib/gcc/arm-none-eabi/9.3.1/../../../../arm-none-eabi/lib/thumb/v7-m/nofp\libc_nano.a(lib_a-init.o)
 .ARM.attributes
                0x000000000000014c       0x1d d:/st/stm32cubeide_1.8.0/stm32cubeide/plugins/com.st.stm32cube.ide.mcu.externaltools.gnu-tools-for-stm32.9-2020-q2-update.win32_2.0.0.202105311346/tools/bin/../lib/gcc/arm-none-eabi/9.3.1/thumb/v7-m/nofp/crtn.o
OUTPUT(CAN_Driver.elf elf32-littlearm)
LOAD linker stubs
LOAD d:/st/stm32cubeide_1.8.0/stm32cubeide/plugins/com.st.stm32cube.ide.mcu.externaltools.gnu-tools-for-stm32.9-2020-q2-update.win32_2.0.0.202105311346/tools/bin/../lib/gcc/arm-none-eabi/9.3.1/../../../../arm-none-eabi/lib/thumb/v7-m/nofp\libc.a
LOAD d:/st/stm32cubeide_1.8.0/stm32cubeide/plugins/com.st.stm32cube.ide.mcu.externaltools.gnu-tools-for-stm32.9-2020-q2-update.win32_2.0.0.202105311346/tools/bin/../lib/gcc/arm-none-eabi/9.3.1/../../../../arm-none-eabi/lib/thumb/v7-m/nofp\libm.a
LOAD d:/st/stm32cubeide_1.8.0/stm32cubeide/plugins/com.st.stm32cube.ide.mcu.externaltools.gnu-tools-for-stm32.9-2020-q2-update.win32_2.0.0.202105311346/tools/bin/../lib/gcc/arm-none-eabi/9.3.1/thumb/v7-m/nofp\libgcc.a

.debug_info     0x0000000000000000     0x2ebc
 .debug_info    0x0000000000000000      0xefc ./CAN/CAN.o
 .debug_info    0x0000000000000efc     0x109e ./GPIO/GPIO.o
 .debug_info    0x0000000000001f9a      0xca0 ./Src/main.o
 .debug_info    0x0000000000002c3a      0x260 ./Src/system_stm32f1xx.o
 .debug_info    0x0000000000002e9a       0x22 ./Startup/startup_stm32f103c8tx.o

.debug_abbrev   0x0000000000000000      0x889
 .debug_abbrev  0x0000000000000000      0x25b ./CAN/CAN.o
 .debug_abbrev  0x000000000000025b      0x29f ./GPIO/GPIO.o
 .debug_abbrev  0x00000000000004fa      0x22f ./Src/main.o
 .debug_abbrev  0x0000000000000729      0x14e ./Src/system_stm32f1xx.o
 .debug_abbrev  0x0000000000000877       0x12 ./Startup/startup_stm32f103c8tx.o

.debug_aranges  0x0000000000000000      0x110
 .debug_aranges
                0x0000000000000000       0x40 ./CAN/CAN.o
 .debug_aranges
                0x0000000000000040       0x38 ./GPIO/GPIO.o
 .debug_aranges
                0x0000000000000078       0x48 ./Src/main.o
 .debug_aranges
                0x00000000000000c0       0x28 ./Src/system_stm32f1xx.o
 .debug_aranges
                0x00000000000000e8       0x28 ./Startup/startup_stm32f103c8tx.o

.debug_ranges   0x0000000000000000       0xc8
 .debug_ranges  0x0000000000000000       0x30 ./CAN/CAN.o
 .debug_ranges  0x0000000000000030       0x28 ./GPIO/GPIO.o
 .debug_ranges  0x0000000000000058       0x38 ./Src/main.o
 .debug_ranges  0x0000000000000090       0x18 ./Src/system_stm32f1xx.o
 .debug_ranges  0x00000000000000a8       0x20 ./Startup/startup_stm32f103c8tx.o

.debug_macro    0x0000000000000000    0x11aaa
 .debug_macro   0x0000000000000000      0x2c4 ./CAN/CAN.o
 .debug_macro   0x00000000000002c4      0xaa2 ./CAN/CAN.o
 .debug_macro   0x0000000000000d66       0x22 ./CAN/CAN.o
 .debug_macro   0x0000000000000d88       0x8e ./CAN/CAN.o
 .debug_macro   0x0000000000000e16       0x51 ./CAN/CAN.o
 .debug_macro   0x0000000000000e67      0x103 ./CAN/CAN.o
 .debug_macro   0x0000000000000f6a       0x6a ./CAN/CAN.o
 .debug_macro   0x0000000000000fd4      0x1df ./CAN/CAN.o
 .debug_macro   0x00000000000011b3       0x22 ./CAN/CAN.o
 .debug_macro   0x00000000000011d5       0x1c ./CAN/CAN.o
 .debug_macro   0x00000000000011f1       0x22 ./CAN/CAN.o
 .debug_macro   0x0000000000001213       0xc3 ./CAN/CAN.o
 .debug_macro   0x00000000000012d6      0xd23 ./CAN/CAN.o
 .debug_macro   0x0000000000001ff9     0xe09e ./CAN/CAN.o
 .debug_macro   0x0000000000010097       0x97 ./CAN/CAN.o
 .debug_macro   0x000000000001012e       0x52 ./CAN/CAN.o
 .debug_macro   0x0000000000010180       0x18 ./CAN/CAN.o
 .debug_macro   0x0000000000010198       0x3c ./CAN/CAN.o
 .debug_macro   0x00000000000101d4       0x34 ./CAN/CAN.o
 .debug_macro   0x0000000000010208      0x174 ./CAN/CAN.o
 .debug_macro   0x000000000001037c       0x16 ./CAN/CAN.o
 .debug_macro   0x0000000000010392       0x43 ./CAN/CAN.o
 .debug_macro   0x00000000000103d5       0x34 ./CAN/CAN.o
 .debug_macro   0x0000000000010409       0x10 ./CAN/CAN.o
 .debug_macro   0x0000000000010419       0x58 ./CAN/CAN.o
 .debug_macro   0x0000000000010471       0x71 ./CAN/CAN.o
 .debug_macro   0x00000000000104e2       0x1c ./CAN/CAN.o
 .debug_macro   0x00000000000104fe      0x12a ./CAN/CAN.o
 .debug_macro   0x0000000000010628      0x333 ./CAN/CAN.o
 .debug_macro   0x000000000001095b       0x10 ./CAN/CAN.o
 .debug_macro   0x000000000001096b       0x35 ./CAN/CAN.o
 .debug_macro   0x00000000000109a0       0x20 ./CAN/CAN.o
 .debug_macro   0x00000000000109c0       0x22 ./CAN/CAN.o
 .debug_macro   0x00000000000109e2       0x16 ./CAN/CAN.o
 .debug_macro   0x00000000000109f8       0x16 ./CAN/CAN.o
 .debug_macro   0x0000000000010a0e       0x29 ./CAN/CAN.o
 .debug_macro   0x0000000000010a37       0x58 ./CAN/CAN.o
 .debug_macro   0x0000000000010a8f       0x1c ./CAN/CAN.o
 .debug_macro   0x0000000000010aab       0x10 ./CAN/CAN.o
 .debug_macro   0x0000000000010abb       0x1c ./CAN/CAN.o
 .debug_macro   0x0000000000010ad7       0x52 ./CAN/CAN.o
 .debug_macro   0x0000000000010b29       0x22 ./CAN/CAN.o
 .debug_macro   0x0000000000010b4b       0x10 ./CAN/CAN.o
 .debug_macro   0x0000000000010b5b       0x40 ./CAN/CAN.o
 .debug_macro   0x0000000000010b9b       0xd5 ./CAN/CAN.o
 .debug_macro   0x0000000000010c70       0x1c ./CAN/CAN.o
 .debug_macro   0x0000000000010c8c       0x3d ./CAN/CAN.o
 .debug_macro   0x0000000000010cc9       0x16 ./CAN/CAN.o
 .debug_macro   0x0000000000010cdf      0x145 ./CAN/CAN.o
 .debug_macro   0x0000000000010e24       0x10 ./CAN/CAN.o
 .debug_macro   0x0000000000010e34      0x460 ./CAN/CAN.o
 .debug_macro   0x0000000000011294       0x52 ./CAN/CAN.o
 .debug_macro   0x00000000000112e6       0xa0 ./CAN/CAN.o
 .debug_macro   0x0000000000011386      0x2b1 ./GPIO/GPIO.o
 .debug_macro   0x0000000000011637       0x4c ./GPIO/GPIO.o
 .debug_macro   0x0000000000011683      0x2c4 ./Src/main.o
 .debug_macro   0x0000000000011947       0xc8 ./Src/system_stm32f1xx.o
 .debug_macro   0x0000000000011a0f       0x2e ./Src/system_stm32f1xx.o
 .debug_macro   0x0000000000011a3d       0x6d ./Src/system_stm32f1xx.o

.debug_line     0x0000000000000000     0x1f9a
 .debug_line    0x0000000000000000      0xa05 ./CAN/CAN.o
 .debug_line    0x0000000000000a05      0x7cd ./GPIO/GPIO.o
 .debug_line    0x00000000000011d2      0x8a8 ./Src/main.o
 .debug_line    0x0000000000001a7a      0x49c ./Src/system_stm32f1xx.o
 .debug_line    0x0000000000001f16       0x84 ./Startup/startup_stm32f103c8tx.o

.debug_str      0x0000000000000000    0x5a483
 .debug_str     0x0000000000000000    0x59fcc ./CAN/CAN.o
                                      0x5a33d (size before relaxing)
 .debug_str     0x0000000000059fcc      0x366 ./GPIO/GPIO.o
                                      0x5a2cc (size before relaxing)
 .debug_str     0x000000000005a332       0xa7 ./Src/main.o
                                      0x5a208 (size before relaxing)
 .debug_str     0x000000000005a3d9       0x79 ./Src/system_stm32f1xx.o
                                      0x546e4 (size before relaxing)
 .debug_str     0x000000000005a452       0x31 ./Startup/startup_stm32f103c8tx.o
                                         0x75 (size before relaxing)

.comment        0x0000000000000000       0x53
 .comment       0x0000000000000000       0x53 ./CAN/CAN.o
                                         0x54 (size before relaxing)
 .comment       0x0000000000000053       0x54 ./GPIO/GPIO.o
 .comment       0x0000000000000053       0x54 ./Src/main.o
 .comment       0x0000000000000053       0x54 ./Src/system_stm32f1xx.o

.debug_frame    0x0000000000000000      0x2d4
 .debug_frame   0x0000000000000000       0xd4 ./CAN/CAN.o
 .debug_frame   0x00000000000000d4       0xac ./GPIO/GPIO.o
 .debug_frame   0x0000000000000180       0xd0 ./Src/main.o
 .debug_frame   0x0000000000000250       0x58 ./Src/system_stm32f1xx.o
 .debug_frame   0x00000000000002a8       0x2c d:/st/stm32cubeide_1.8.0/stm32cubeide/plugins/com.st.stm32cube.ide.mcu.externaltools.gnu-tools-for-stm32.9-2020-q2-update.win32_2.0.0.202105311346/tools/bin/../lib/gcc/arm-none-eabi/9.3.1/../../../../arm-none-eabi/lib/thumb/v7-m/nofp\libc_nano.a(lib_a-init.o)
